Archive member included to satisfy reference by file (symbol)

c:/st/stm32cubeide_1.7.0/stm32cubeide/plugins/com.st.stm32cube.ide.mcu.externaltools.gnu-tools-for-stm32.9-2020-q2-update.win32_2.0.0.202105311346/tools/bin/../lib/gcc/arm-none-eabi/9.3.1/../../../../arm-none-eabi/lib/thumb/v7e-m+fp/hard\libc_nano.a(lib_a-errno.o)
                              ./Core/Src/syscalls.o (__errno)
c:/st/stm32cubeide_1.7.0/stm32cubeide/plugins/com.st.stm32cube.ide.mcu.externaltools.gnu-tools-for-stm32.9-2020-q2-update.win32_2.0.0.202105311346/tools/bin/../lib/gcc/arm-none-eabi/9.3.1/../../../../arm-none-eabi/lib/thumb/v7e-m+fp/hard\libc_nano.a(lib_a-exit.o)
                              c:/st/stm32cubeide_1.7.0/stm32cubeide/plugins/com.st.stm32cube.ide.mcu.externaltools.gnu-tools-for-stm32.9-2020-q2-update.win32_2.0.0.202105311346/tools/bin/../lib/gcc/arm-none-eabi/9.3.1/../../../../arm-none-eabi/lib/thumb/v7e-m+fp/hard/crt0.o (exit)
c:/st/stm32cubeide_1.7.0/stm32cubeide/plugins/com.st.stm32cube.ide.mcu.externaltools.gnu-tools-for-stm32.9-2020-q2-update.win32_2.0.0.202105311346/tools/bin/../lib/gcc/arm-none-eabi/9.3.1/../../../../arm-none-eabi/lib/thumb/v7e-m+fp/hard\libc_nano.a(lib_a-impure.o)
                              c:/st/stm32cubeide_1.7.0/stm32cubeide/plugins/com.st.stm32cube.ide.mcu.externaltools.gnu-tools-for-stm32.9-2020-q2-update.win32_2.0.0.202105311346/tools/bin/../lib/gcc/arm-none-eabi/9.3.1/../../../../arm-none-eabi/lib/thumb/v7e-m+fp/hard\libc_nano.a(lib_a-exit.o) (_global_impure_ptr)
c:/st/stm32cubeide_1.7.0/stm32cubeide/plugins/com.st.stm32cube.ide.mcu.externaltools.gnu-tools-for-stm32.9-2020-q2-update.win32_2.0.0.202105311346/tools/bin/../lib/gcc/arm-none-eabi/9.3.1/../../../../arm-none-eabi/lib/thumb/v7e-m+fp/hard\libc_nano.a(lib_a-init.o)
                              c:/st/stm32cubeide_1.7.0/stm32cubeide/plugins/com.st.stm32cube.ide.mcu.externaltools.gnu-tools-for-stm32.9-2020-q2-update.win32_2.0.0.202105311346/tools/bin/../lib/gcc/arm-none-eabi/9.3.1/../../../../arm-none-eabi/lib/thumb/v7e-m+fp/hard/crt0.o (__libc_init_array)
c:/st/stm32cubeide_1.7.0/stm32cubeide/plugins/com.st.stm32cube.ide.mcu.externaltools.gnu-tools-for-stm32.9-2020-q2-update.win32_2.0.0.202105311346/tools/bin/../lib/gcc/arm-none-eabi/9.3.1/../../../../arm-none-eabi/lib/thumb/v7e-m+fp/hard\libc_nano.a(lib_a-memcpy-stub.o)
                              ./Core/Src/CalibrationStore.o (memcpy)
c:/st/stm32cubeide_1.7.0/stm32cubeide/plugins/com.st.stm32cube.ide.mcu.externaltools.gnu-tools-for-stm32.9-2020-q2-update.win32_2.0.0.202105311346/tools/bin/../lib/gcc/arm-none-eabi/9.3.1/../../../../arm-none-eabi/lib/thumb/v7e-m+fp/hard\libc_nano.a(lib_a-memset.o)
                              c:/st/stm32cubeide_1.7.0/stm32cubeide/plugins/com.st.stm32cube.ide.mcu.externaltools.gnu-tools-for-stm32.9-2020-q2-update.win32_2.0.0.202105311346/tools/bin/../lib/gcc/arm-none-eabi/9.3.1/../../../../arm-none-eabi/lib/thumb/v7e-m+fp/hard/crt0.o (memset)
c:/st/stm32cubeide_1.7.0/stm32cubeide/plugins/com.st.stm32cube.ide.mcu.externaltools.gnu-tools-for-stm32.9-2020-q2-update.win32_2.0.0.202105311346/tools/bin/../lib/gcc/arm-none-eabi/9.3.1/../../../../arm-none-eabi/lib/thumb/v7e-m+fp/hard\libc_nano.a(lib_a-printf.o)
                              ./Middlewares/ST/STM32_USB_Device_Library/Core/Src/usbd_core.o (printf)
c:/st/stm32cubeide_1.7.0/stm32cubeide/plugins/com.st.stm32cube.ide.mcu.externaltools.gnu-tools-for-stm32.9-2020-q2-update.win32_2.0.0.202105311346/tools/bin/../lib/gcc/arm-none-eabi/9.3.1/../../../../arm-none-eabi/lib/thumb/v7e-m+fp/hard\libc_nano.a(lib_a-putchar.o)
                              ./Middlewares/ST/STM32_USB_Device_Library/Core/Src/usbd_core.o (putchar)
c:/st/stm32cubeide_1.7.0/stm32cubeide/plugins/com.st.stm32cube.ide.mcu.externaltools.gnu-tools-for-stm32.9-2020-q2-update.win32_2.0.0.202105311346/tools/bin/../lib/gcc/arm-none-eabi/9.3.1/../../../../arm-none-eabi/lib/thumb/v7e-m+fp/hard\libc_nano.a(lib_a-findfp.o)
                              c:/st/stm32cubeide_1.7.0/stm32cubeide/plugins/com.st.stm32cube.ide.mcu.externaltools.gnu-tools-for-stm32.9-2020-q2-update.win32_2.0.0.202105311346/tools/bin/../lib/gcc/arm-none-eabi/9.3.1/../../../../arm-none-eabi/lib/thumb/v7e-m+fp/hard\libc_nano.a(lib_a-printf.o) (__sinit)
c:/st/stm32cubeide_1.7.0/stm32cubeide/plugins/com.st.stm32cube.ide.mcu.externaltools.gnu-tools-for-stm32.9-2020-q2-update.win32_2.0.0.202105311346/tools/bin/../lib/gcc/arm-none-eabi/9.3.1/../../../../arm-none-eabi/lib/thumb/v7e-m+fp/hard\libc_nano.a(lib_a-fwalk.o)
                              c:/st/stm32cubeide_1.7.0/stm32cubeide/plugins/com.st.stm32cube.ide.mcu.externaltools.gnu-tools-for-stm32.9-2020-q2-update.win32_2.0.0.202105311346/tools/bin/../lib/gcc/arm-none-eabi/9.3.1/../../../../arm-none-eabi/lib/thumb/v7e-m+fp/hard\libc_nano.a(lib_a-findfp.o) (_fwalk)
[...]
Memory Configuration

Name             Origin             Length             Attributes
RAM              0x0000000020000000 0x0000000000040000 xrw
FLASH            0x0000000008000000 0x0000000000100000 xr
*default*        0x0000000000000000 0xffffffffffffffff

Linker script and memory map

LOAD c:/st/stm32cubeide_1.7.0/stm32cubeide/plugins/com.st.stm32cube.ide.mcu.externaltools.gnu-tools-for-stm32.9-2020-q2-update.win32_2.0.0.202105311346/tools/bin/../lib/gcc/arm-none-eabi/9.3.1/thumb/v7e-m+fp/hard/crti.o
LOAD c:/st/stm32cubeide_1.7.0/stm32cubeide/plugins/com.st.stm32cube.ide.mcu.externaltools.gnu-tools-for-stm32.9-2020-q2-update.win32_2.0.0.202105311346/tools/bin/../lib/gcc/arm-none-eabi/9.3.1/thumb/v7e-m+fp/hard/crtbegin.o
LOAD c:/st/stm32cubeide_1.7.0/stm32cubeide/plugins/com.st.stm32cube.ide.mcu.externaltools.gnu-tools-for-stm32.9-2020-q2-update.win32_2.0.0.202105311346/tools/bin/../lib/gcc/arm-none-eabi/9.3.1/../../../../arm-none-eabi/lib/thumb/v7e-m+fp/hard/crt0.o
LOAD ./Core/Src/ADS122C04.o
LOAD ./Core/Src/CalibrationStore.o
LOAD ./Core/Src/Leds.o
LOAD ./Core/Src/MLX90393.o
LOAD ./Core/Src/PCAL6524.o
LOAD ./Core/Src/main.o
LOAD ./Core/Src/stm32f4xx_hal_msp.o
LOAD ./Core/Src/stm32f4xx_it.o
LOAD ./Core/Src/syscalls.o
LOAD ./Core/Src/sysmem.o
LOAD ./Core/Src/system_stm32f4xx.o
LOAD ./Core/Startup/startup_stm32f412cgux.o
LOAD ./Drivers/STM32F4xx_HAL_Driver/Src/stm32f4xx_hal.o
LOAD ./Drivers/STM32F4xx_HAL_Driver/Src/stm32f4xx_hal_cortex.o
LOAD ./Drivers/STM32F4xx_HAL_Driver/Src/stm32f4xx_hal_dma.o
LOAD ./Drivers/STM32F4xx_HAL_Driver/Src/stm32f4xx_hal_dma_ex.o
LOAD ./Drivers/STM32F4xx_HAL_Driver/Src/stm32f4xx_hal_exti.o
LOAD ./Drivers/STM32F4xx_HAL_Driver/Src/stm32f4xx_hal_flash.o
LOAD ./Drivers/STM32F4xx_HAL_Driver/Src/stm32f4xx_hal_flash_ex.o
LOAD ./Drivers/STM32F4xx_HAL_Driver/Src/stm32f4xx_hal_flash_ramfunc.o
LOAD ./Drivers/STM32F4xx_HAL_Driver/Src/stm32f4xx_hal_gpio.o
LOAD ./Drivers/STM32F4xx_HAL_Driver/Src/stm32f4xx_hal_i2c.o
LOAD ./Drivers/STM32F4xx_HAL_Driver/Src/stm32f4xx_hal_i2c_ex.o
LOAD ./Drivers/STM32F4xx_HAL_Driver/Src/stm32f4xx_hal_pcd.o
LOAD ./Drivers/STM32F4xx_HAL_Driver/Src/stm32f4xx_hal_pcd_ex.o
LOAD ./Drivers/STM32F4xx_HAL_Driver/Src/stm32f4xx_hal_pwr.o
LOAD ./Drivers/STM32F4xx_HAL_Driver/Src/stm32f4xx_hal_pwr_ex.o
LOAD ./Drivers/STM32F4xx_HAL_Driver/Src/stm32f4xx_hal_rcc.o
LOAD ./Drivers/STM32F4xx_HAL_Driver/Src/stm32f4xx_hal_rcc_ex.o
LOAD ./Drivers/STM32F4xx_HAL_Driver/Src/stm32f4xx_hal_tim.o
LOAD ./Drivers/STM32F4xx_HAL_Driver/Src/stm32f4xx_hal_tim_ex.o
LOAD ./Drivers/STM32F4xx_HAL_Driver/Src/stm32f4xx_ll_usb.o
LOAD ./Middlewares/ST/STM32_USB_Device_Library/Class/CustomHID/Src/usbd_customhid.o
LOAD ./Middlewares/ST/STM32_USB_Device_Library/Core/Src/usbd_core.o
LOAD ./Middlewares/ST/STM32_USB_Device_Library/Core/Src/usbd_ctlreq.o
LOAD ./Middlewares/ST/STM32_USB_Device_Library/Core/Src/usbd_ioreq.o
LOAD ./USB_DEVICE/App/usb_device.o
LOAD ./USB_DEVICE/App/usbd_custom_hid_if.o
LOAD ./USB_DEVICE/App/usbd_desc.o
LOAD ./USB_DEVICE/Target/usbd_conf.o
START GROUP
LOAD c:/st/stm32cubeide_1.7.0/stm32cubeide/plugins/com.st.stm32cube.ide.mcu.externaltools.gnu-tools-for-stm32.9-2020-q2-update.win32_2.0.0.202105311346/tools/bin/../lib/gcc/arm-none-eabi/9.3.1/../../../../arm-none-eabi/lib/thumb/v7e-m+fp/hard\libc_nano.a
LOAD c:/st/stm32cubeide_1.7.0/stm32cubeide/plugins/com.st.stm32cube.ide.mcu.externaltools.gnu-tools-for-stm32.9-2020-q2-update.win32_2.0.0.202105311346/tools/bin/../lib/gcc/arm-none-eabi/9.3.1/../../../../arm-none-eabi/lib/thumb/v7e-m+fp/hard\libm.a
END GROUP
START GROUP
LOAD c:/st/stm32cubeide_1.7.0/stm32cubeide/plugins/com.st.stm32cube.ide.mcu.externaltools.gnu-tools-for-stm32.9-2020-q2-update.win32_2.0.0.202105311346/tools/bin/../lib/gcc/arm-none-eabi/9.3.1/thumb/v7e-m+fp/hard\libgcc.a
LOAD c:/st/stm32cubeide_1.7.0/stm32cubeide/plugins/com.st.stm32cube.ide.mcu.externaltools.gnu-tools-for-stm32.9-2020-q2-update.win32_2.0.0.202105311346/tools/bin/../lib/gcc/arm-none-eabi/9.3.1/../../../../arm-none-eabi/lib/thumb/v7e-m+fp/hard\libc_nano.a
END GROUP
START GROUP
LOAD c:/st/stm32cubeide_1.7.0/stm32cubeide/plugins/com.st.stm32cube.ide.mcu.externaltools.gnu-tools-for-stm32.9-2020-q2-update.win32_2.0.0.202105311346/tools/bin/../lib/gcc/arm-none-eabi/9.3.1/thumb/v7e-m+fp/hard\libgcc.a
LOAD c:/st/stm32cubeide_1.7.0/stm32cubeide/plugins/com.st.stm32cube.ide.mcu.externaltools.gnu-tools-for-stm32.9-2020-q2-update.win32_2.0.0.202105311346/tools/bin/../lib/gcc/arm-none-eabi/9.3.1/../../../../arm-none-eabi/lib/thumb/v7e-m+fp/hard\libc_nano.a
LOAD c:/st/stm32cubeide_1.7.0/stm32cubeide/plugins/com.st.stm32cube.ide.mcu.externaltools.gnu-tools-for-stm32.9-2020-q2-update.win32_2.0.0.202105311346/tools/bin/../lib/gcc/arm-none-eabi/9.3.1/../../../../arm-none-eabi/lib/thumb/v7e-m+fp/hard\libnosys.a
END GROUP
START GROUP
LOAD c:/st/stm32cubeide_1.7.0/stm32cubeide/plugins/com.st.stm32cube.ide.mcu.externaltools.gnu-tools-for-stm32.9-2020-q2-update.win32_2.0.0.202105311346/tools/bin/../lib/gcc/arm-none-eabi/9.3.1/thumb/v7e-m+fp/hard\libgcc.a
LOAD c:/st/stm32cubeide_1.7.0/stm32cubeide/plugins/com.st.stm32cube.ide.mcu.externaltools.gnu-tools-for-stm32.9-2020-q2-update.win32_2.0.0.202105311346/tools/bin/../lib/gcc/arm-none-eabi/9.3.1/../../../../arm-none-eabi/lib/thumb/v7e-m+fp/hard\libc_nano.a
LOAD c:/st/stm32cubeide_1.7.0/stm32cubeide/plugins/com.st.stm32cube.ide.mcu.externaltools.gnu-tools-for-stm32.9-2020-q2-update.win32_2.0.0.202105311346/tools/bin/../lib/gcc/arm-none-eabi/9.3.1/../../../../arm-none-eabi/lib/thumb/v7e-m+fp/hard\libnosys.a
END GROUP
LOAD c:/st/stm32cubeide_1.7.0/stm32cubeide/plugins/com.st.stm32cube.ide.mcu.externaltools.gnu-tools-for-stm32.9-2020-q2-update.win32_2.0.0.202105311346/tools/bin/../lib/gcc/arm-none-eabi/9.3.1/thumb/v7e-m+fp/hard/crtend.o
LOAD c:/st/stm32cubeide_1.7.0/stm32cubeide/plugins/com.st.stm32cube.ide.mcu.externaltools.gnu-tools-for-stm32.9-2020-q2-update.win32_2.0.0.202105311346/tools/bin/../lib/gcc/arm-none-eabi/9.3.1/thumb/v7e-m+fp/hard/crtn.o
                0x0000000020040000                _estack = (ORIGIN (RAM) + LENGTH (RAM))
                0x0000000000000200                _Min_Heap_Size = 0x200
                0x0000000000000400                _Min_Stack_Size = 0x400

.isr_vector     0x0000000008000000      0x1c4
                0x0000000008000000                . = ALIGN (0x4)
 *(.isr_vector)
 .isr_vector    0x0000000008000000      0x1c4 ./Core/Startup/startup_stm32f412cgux.o
                0x0000000008000000                g_pfnVectors
                0x00000000080001c4                . = ALIGN (0x4)

.text           0x00000000080001d0     0xcbcc
                0x00000000080001d0                . = ALIGN (0x4)
 *(.text)
 .text          0x00000000080001d0       0x40 c:/st/stm32cubeide_1.7.0/stm32cubeide/plugins/com.st.stm32cube.ide.mcu.externaltools.gnu-tools-for-stm32.9-2020-q2-update.win32_2.0.0.202105311346/tools/bin/../lib/gcc/arm-none-eabi/9.3.1/thumb/v7e-m+fp/hard/crtbegin.o
 .text          0x0000000008000210       0xa0 c:/st/stm32cubeide_1.7.0/stm32cubeide/plugins/com.st.stm32cube.ide.mcu.externaltools.gnu-tools-for-stm32.9-2020-q2-update.win32_2.0.0.202105311346/tools/bin/../lib/gcc/arm-none-eabi/9.3.1/../../../../arm-none-eabi/lib/thumb/v7e-m+fp/hard\libc_nano.a(lib_a-memchr.o)
                0x0000000008000210                memchr
 .text          0x00000000080002b0      0x378 c:/st/stm32cubeide_1.7.0/stm32cubeide/plugins/com.st.stm32cube.ide.mcu.externaltools.gnu-tools-for-stm32.9-2020-q2-update.win32_2.0.0.202105311346/tools/bin/../lib/gcc/arm-none-eabi/9.3.1/thumb/v7e-m+fp/hard\libgcc.a(_arm_addsubdf3.o)
                0x00000000080002b0                __aeabi_drsub
                0x00000000080002b8                __aeabi_dsub
                0x00000000080002b8                __subdf3
                0x00000000080002bc                __aeabi_dadd
                0x00000000080002bc                __adddf3
                0x0000000008000534                __floatunsidf
                0x0000000008000534                __aeabi_ui2d
                0x0000000008000554                __floatsidf
                0x0000000008000554                __aeabi_i2d
                0x0000000008000578                __aeabi_f2d
                0x0000000008000578                __extendsfdf2
                0x00000000080005bc                __floatundidf
                0x00000000080005bc                __aeabi_ul2d
                0x00000000080005cc                __floatdidf
                0x00000000080005cc                __aeabi_l2d
 .text          0x0000000008000628      0x424 c:/st/stm32cubeide_1.7.0/stm32cubeide/plugins/com.st.stm32cube.ide.mcu.externaltools.gnu-tools-for-stm32.9-2020-q2-update.win32_2.0.0.202105311346/tools/bin/../lib/gcc/arm-none-eabi/9.3.1/thumb/v7e-m+fp/hard\libgcc.a(_arm_muldivdf3.o)
                0x0000000008000628                __aeabi_dmul
                0x0000000008000628                __muldf3
                0x000000000800087c                __divdf3
                0x000000000800087c                __aeabi_ddiv
 .text          0x0000000008000a4c      0x110 c:/st/stm32cubeide_1.7.0/stm32cubeide/plugins/com.st.stm32cube.ide.mcu.externaltools.gnu-tools-for-stm32.9-2020-q2-update.win32_2.0.0.202105311346/tools/bin/../lib/gcc/arm-none-eabi/9.3.1/thumb/v7e-m+fp/hard\libgcc.a(_arm_cmpdf2.o)
                0x0000000008000a4c                __gtdf2
                0x0000000008000a4c                __gedf2
                0x0000000008000a54                __ltdf2
                0x0000000008000a54                __ledf2
                0x0000000008000a5c                __nedf2
                0x0000000008000a5c                __eqdf2
                0x0000000008000a5c                __cmpdf2
                0x0000000008000ad8                __aeabi_cdrcmple
                0x0000000008000ae8                __aeabi_cdcmpeq
                0x0000000008000ae8                __aeabi_cdcmple
                0x0000000008000af8                __aeabi_dcmpeq
                0x0000000008000b0c                __aeabi_dcmplt
                0x0000000008000b20                __aeabi_dcmple
                0x0000000008000b34                __aeabi_dcmpge
                0x0000000008000b48                __aeabi_dcmpgt
 .text          0x0000000008000b5c       0x2c c:/st/stm32cubeide_1.7.0/stm32cubeide/plugins/com.st.stm32cube.ide.mcu.externaltools.gnu-tools-for-stm32.9-2020-q2-update.win32_2.0.0.202105311346/tools/bin/../lib/gcc/arm-none-eabi/9.3.1/thumb/v7e-m+fp/hard\libgcc.a(_arm_unorddf2.o)
                0x0000000008000b5c                __unorddf2
                0x0000000008000b5c                __aeabi_dcmpun
 .text          0x0000000008000b88       0x50 c:/st/stm32cubeide_1.7.0/stm32cubeide/plugins/com.st.stm32cube.ide.mcu.externaltools.gnu-tools-for-stm32.9-2020-q2-update.win32_2.0.0.202105311346/tools/bin/../lib/gcc/arm-none-eabi/9.3.1/thumb/v7e-m+fp/hard\libgcc.a(_arm_fixdfsi.o)
                0x0000000008000b88                __aeabi_d2iz
                0x0000000008000b88                __fixdfsi
 .text          0x0000000008000bd8       0x40 c:/st/stm32cubeide_1.7.0/stm32cubeide/plugins/com.st.stm32cube.ide.mcu.externaltools.gnu-tools-for-stm32.9-2020-q2-update.win32_2.0.0.202105311346/tools/bin/../lib/gcc/arm-none-eabi/9.3.1/thumb/v7e-m+fp/hard\libgcc.a(_arm_fixunsdfsi.o)
                0x0000000008000bd8                __aeabi_d2uiz
                0x0000000008000bd8                __fixunsdfsi
 .text          0x0000000008000c18       0x30 c:/st/stm32cubeide_1.7.0/stm32cubeide/plugins/com.st.stm32cube.ide.mcu.externaltools.gnu-tools-for-stm32.9-2020-q2-update.win32_2.0.0.202105311346/tools/bin/../lib/gcc/arm-none-eabi/9.3.1/thumb/v7e-m+fp/hard\libgcc.a(_aeabi_uldivmod.o)
                0x0000000008000c18                __aeabi_uldivmod
 .text          0x0000000008000c48      0x2c4 c:/st/stm32cubeide_1.7.0/stm32cubeide/plugins/com.st.stm32cube.ide.mcu.externaltools.gnu-tools-for-stm32.9-2020-q2-update.win32_2.0.0.202105311346/tools/bin/../lib/gcc/arm-none-eabi/9.3.1/thumb/v7e-m+fp/hard\libgcc.a(_udivmoddi4.o)
                0x0000000008000c48                __udivmoddi4
 .text          0x0000000008000f0c        0x4 c:/st/stm32cubeide_1.7.0/stm32cubeide/plugins/com.st.stm32cube.ide.mcu.externaltools.gnu-tools-for-stm32.9-2020-q2-update.win32_2.0.0.202105311346/tools/bin/../lib/gcc/arm-none-eabi/9.3.1/thumb/v7e-m+fp/hard\libgcc.a(_dvmd_tls.o)
                0x0000000008000f0c                __aeabi_idiv0
                0x0000000008000f0c                __aeabi_ldiv0
 *(.text*)
 .text.ADS122C04_GetDRDY
                0x0000000008000f10       0x26 ./Core/Src/ADS122C04.o
 .text.ADS122C04_StartCurrent
                0x0000000008000f36       0x60 ./Core/Src/ADS122C04.o
 *fill*         0x0000000008000f96        0x2 
 .text.ADS122C04_ReadCurrent
                0x0000000008000f98       0xc0 ./Core/Src/ADS122C04.o
 .text.ADS122C04_Initialize
                0x0000000008001058       0xa6 ./Core/Src/ADS122C04.o
                0x0000000008001058                ADS122C04_Initialize
 .text.ADS122C04_ProcessInterrupt
                0x00000000080010fe       0x1a ./Core/Src/ADS122C04.o
                0x00000000080010fe                ADS122C04_ProcessInterrupt
 .text.ADS122C04_ReadAll
                0x0000000008001118       0x3a ./Core/Src/ADS122C04.o
                0x0000000008001118                ADS122C04_ReadAll
 .text.ADS122C04_ReadRegister
                0x0000000008001152       0x42 ./Core/Src/ADS122C04.o
                0x0000000008001152                ADS122C04_ReadRegister
 .text.ADS122C04_WriteRegister
                0x0000000008001194       0x42 ./Core/Src/ADS122C04.o
                0x0000000008001194                ADS122C04_WriteRegister
 .text.__Flash_Read_Data
                0x00000000080011d6       0x3c ./Core/Src/CalibrationStore.o
 *fill*         0x0000000008001212        0x6 
 .text.limit    0x0000000008001218       0x88 ./Core/Src/CalibrationStore.o
 .text.map      0x00000000080012a0       0xc4 ./Core/Src/CalibrationStore.o
 *fill*         0x0000000008001364        0x4 
 .text.CalibrationStore_ProcessAxis
                0x0000000008001368       0xa8 ./Core/Src/CalibrationStore.o
 .text.CalibrationStore_ProcessThrottle
                0x0000000008001410      0x170 ./Core/Src/CalibrationStore.o
 .text.CalibrationStore_ProcessCenterAxis
                0x0000000008001580      0x130 ./Core/Src/CalibrationStore.o
 .text.CalibrationStore_Filter
                0x00000000080016b0       0x78 ./Core/Src/CalibrationStore.o
 .text.CalibrationStore_Calibrate
                0x0000000008001728      0x3f2 ./Core/Src/CalibrationStore.o
                0x0000000008001728                CalibrationStore_Calibrate
 *fill*         0x0000000008001b1a        0x6 
 .text.CalibrationStore_Process
                0x0000000008001b20      0x320 ./Core/Src/CalibrationStore.o
                0x0000000008001b20                CalibrationStore_Process
 .text.CalibrationStore_Store
                0x0000000008001e40       0xe4 ./Core/Src/CalibrationStore.o
                0x0000000008001e40                CalibrationStore_Store
 .text.CalibrationStore_Retrieve
                0x0000000008001f24       0x40 ./Core/Src/CalibrationStore.o
                0x0000000008001f24                CalibrationStore_Retrieve
 .text.LEDS_Initialize
                0x0000000008001f64       0x2c ./Core/Src/Leds.o
                0x0000000008001f64                LEDS_Initialize
 .text.LEDS_Set
                0x0000000008001f90       0x74 ./Core/Src/Leds.o
                0x0000000008001f90                LEDS_Set
 .text.LEDS_Run
                0x0000000008002004       0x8a ./Core/Src/Leds.o
                0x0000000008002004                LEDS_Run
 .text.LEDS_SetDelay
                0x000000000800208e       0x1e ./Core/Src/Leds.o
                0x000000000800208e                LEDS_SetDelay
 .text.MLX90393_Initialize
                0x00000000080020ac       0x6a ./Core/Src/MLX90393.o
                0x00000000080020ac                MLX90393_Initialize
 .text.MLX90393_ReadFromInterrupt
                0x0000000008002116       0x52 ./Core/Src/MLX90393.o
                0x0000000008002116                MLX90393_ReadFromInterrupt
 .text.MLX90393_ProcessInterrupt
                0x0000000008002168       0x1a ./Core/Src/MLX90393.o
                0x0000000008002168                MLX90393_ProcessInterrupt
 .text.MLX90393_ReadRegister
                0x0000000008002182       0x3e ./Core/Src/MLX90393.o
                0x0000000008002182                MLX90393_ReadRegister
 .text.MLX90393_WriteRegister
                0x00000000080021c0       0x3e ./Core/Src/MLX90393.o
                0x00000000080021c0                MLX90393_WriteRegister
 .text.MLX90393_SetFilter
                0x00000000080021fe       0x4e ./Core/Src/MLX90393.o
                0x00000000080021fe                MLX90393_SetFilter
 *fill*         0x000000000800224c        0x4 
 .text.MLX90393_Rotation
                0x0000000008002250      0x1d0 ./Core/Src/MLX90393.o
                0x0000000008002250                MLX90393_Rotation
 .text.PCAL6524_Initialize
                0x0000000008002420       0x46 ./Core/Src/PCAL6524.o
                0x0000000008002420                PCAL6524_Initialize
 .text.PCAL6524_ReadFromInterrupt
                0x0000000008002466       0x54 ./Core/Src/PCAL6524.o
                0x0000000008002466                PCAL6524_ReadFromInterrupt
 .text.PCAL6524_ProcessInterrupt
                0x00000000080024ba       0x1a ./Core/Src/PCAL6524.o
                0x00000000080024ba                PCAL6524_ProcessInterrupt
 .text.PCAL6524_ReadRegister
                0x00000000080024d4       0x3e ./Core/Src/PCAL6524.o
                0x00000000080024d4                PCAL6524_ReadRegister
 .text.PCAL6524_WriteRegister
                0x0000000008002512       0x3e ./Core/Src/PCAL6524.o
                0x0000000008002512                PCAL6524_WriteRegister
 .text.PCAL6524_ReadBit
                0x0000000008002550       0x32 ./Core/Src/PCAL6524.o
                0x0000000008002550                PCAL6524_ReadBit
 *fill*         0x0000000008002582        0x6 
 .text.main     0x0000000008002588      0x2ac ./Core/Src/main.o
                0x0000000008002588                main
 .text.SystemClock_Config
                0x0000000008002834       0xdc ./Core/Src/main.o
                0x0000000008002834                SystemClock_Config
 .text.MX_I2C1_Init
                0x0000000008002910       0x5c ./Core/Src/main.o
 .text.MX_I2C3_Init
                0x000000000800296c       0x5c ./Core/Src/main.o
 .text.MX_GPIO_Init
                0x00000000080029c8      0x100 ./Core/Src/main.o
 .text.HAL_GPIO_EXTI_Callback
                0x0000000008002ac8       0x4c ./Core/Src/main.o
                0x0000000008002ac8                HAL_GPIO_EXTI_Callback
 .text.HAL_NVIC_Enable
                0x0000000008002b14       0x48 ./Core/Src/main.o
 .text.AXIS_Assign
                0x0000000008002b5c       0x7a ./Core/Src/main.o
 *fill*         0x0000000008002bd6        0x2 
 .text.SYNC     0x0000000008002bd8       0x40 ./Core/Src/main.o
 .text.Error_Handler
                0x0000000008002c18        0xa ./Core/Src/main.o
                0x0000000008002c18                Error_Handler
 *fill*         0x0000000008002c22        0x2 
 .text.HAL_MspInit
                0x0000000008002c24       0x50 ./Core/Src/stm32f4xx_hal_msp.o
                0x0000000008002c24                HAL_MspInit
 .text.HAL_I2C_MspInit
                0x0000000008002c74      0x138 ./Core/Src/stm32f4xx_hal_msp.o
                0x0000000008002c74                HAL_I2C_MspInit
 .text.NMI_Handler
                0x0000000008002dac        0xa ./Core/Src/stm32f4xx_it.o
                0x0000000008002dac                NMI_Handler
 .text.HardFault_Handler
                0x0000000008002db6        0x6 ./Core/Src/stm32f4xx_it.o
                0x0000000008002db6                HardFault_Handler
 .text.MemManage_Handler
                0x0000000008002dbc        0x6 ./Core/Src/stm32f4xx_it.o
                0x0000000008002dbc                MemManage_Handler
 .text.BusFault_Handler
                0x0000000008002dc2        0x6 ./Core/Src/stm32f4xx_it.o
                0x0000000008002dc2                BusFault_Handler
 .text.UsageFault_Handler
                0x0000000008002dc8        0x6 ./Core/Src/stm32f4xx_it.o
                0x0000000008002dc8                UsageFault_Handler
 .text.SVC_Handler
                0x0000000008002dce        0xe ./Core/Src/stm32f4xx_it.o
                0x0000000008002dce                SVC_Handler
 .text.DebugMon_Handler
                0x0000000008002ddc        0xe ./Core/Src/stm32f4xx_it.o
                0x0000000008002ddc                DebugMon_Handler
 .text.PendSV_Handler
                0x0000000008002dea        0xe ./Core/Src/stm32f4xx_it.o
                0x0000000008002dea                PendSV_Handler
 .text.SysTick_Handler
                0x0000000008002df8        0xc ./Core/Src/stm32f4xx_it.o
                0x0000000008002df8                SysTick_Handler
 .text.EXTI0_IRQHandler
                0x0000000008002e04        0xe ./Core/Src/stm32f4xx_it.o
                0x0000000008002e04                EXTI0_IRQHandler
 .text.EXTI3_IRQHandler
                0x0000000008002e12        0xe ./Core/Src/stm32f4xx_it.o
                0x0000000008002e12                EXTI3_IRQHandler
 .text.EXTI4_IRQHandler
                0x0000000008002e20        0xe ./Core/Src/stm32f4xx_it.o
                0x0000000008002e20                EXTI4_IRQHandler
 .text.EXTI9_5_IRQHandler
                0x0000000008002e2e        0xe ./Core/Src/stm32f4xx_it.o
                0x0000000008002e2e                EXTI9_5_IRQHandler
 .text.OTG_FS_IRQHandler
                0x0000000008002e3c       0x14 ./Core/Src/stm32f4xx_it.o
                0x0000000008002e3c                OTG_FS_IRQHandler
 .text._read    0x0000000008002e50       0x3a ./Core/Src/syscalls.o
                0x0000000008002e50                _read
 .text._write   0x0000000008002e8a       0x38 ./Core/Src/syscalls.o
                0x0000000008002e8a                _write
 .text._close   0x0000000008002ec2       0x18 ./Core/Src/syscalls.o
                0x0000000008002ec2                _close
 .text._fstat   0x0000000008002eda       0x20 ./Core/Src/syscalls.o
                0x0000000008002eda                _fstat
 .text._isatty  0x0000000008002efa       0x16 ./Core/Src/syscalls.o
                0x0000000008002efa                _isatty
 .text._lseek   0x0000000008002f10       0x1a ./Core/Src/syscalls.o
                0x0000000008002f10                _lseek
 *fill*         0x0000000008002f2a        0x2 
 .text._sbrk    0x0000000008002f2c       0x6c ./Core/Src/sysmem.o
                0x0000000008002f2c                _sbrk
 .text.SystemInit
                0x0000000008002f98       0x24 ./Core/Src/system_stm32f4xx.o
                0x0000000008002f98                SystemInit
 .text.Reset_Handler
                0x0000000008002fbc       0x50 ./Core/Startup/startup_stm32f412cgux.o
                0x0000000008002fbc                Reset_Handler
 .text.Default_Handler
                0x000000000800300c        0x2 ./Core/Startup/startup_stm32f412cgux.o
                0x000000000800300c                RTC_Alarm_IRQHandler
                0x000000000800300c                EXTI2_IRQHandler
                0x000000000800300c                TIM8_CC_IRQHandler
                0x000000000800300c                FMPI2C1_EV_IRQHandler
                0x000000000800300c                SPI4_IRQHandler
                0x000000000800300c                TIM1_CC_IRQHandler
                0x000000000800300c                DMA2_Stream5_IRQHandler
                0x000000000800300c                DMA1_Stream5_IRQHandler
                0x000000000800300c                TIM6_IRQHandler
                0x000000000800300c                PVD_IRQHandler
                0x000000000800300c                SDIO_IRQHandler
                0x000000000800300c                TAMP_STAMP_IRQHandler
                0x000000000800300c                CAN2_RX1_IRQHandler
                0x000000000800300c                TIM8_TRG_COM_TIM14_IRQHandler
                0x000000000800300c                DFSDM1_FLT1_IRQHandler
                0x000000000800300c                TIM1_UP_TIM10_IRQHandler
                0x000000000800300c                TIM8_UP_TIM13_IRQHandler
                0x000000000800300c                I2C3_ER_IRQHandler
                0x000000000800300c                I2C2_EV_IRQHandler
                0x000000000800300c                DMA1_Stream2_IRQHandler
                0x000000000800300c                CAN1_RX0_IRQHandler
                0x000000000800300c                FPU_IRQHandler
                0x000000000800300c                CAN2_SCE_IRQHandler
                0x000000000800300c                DMA2_Stream2_IRQHandler
                0x000000000800300c                SPI1_IRQHandler
                0x000000000800300c                TIM1_BRK_TIM9_IRQHandler
                0x000000000800300c                CAN2_RX0_IRQHandler
                0x000000000800300c                DMA2_Stream3_IRQHandler
                0x000000000800300c                USART6_IRQHandler
                0x000000000800300c                USART3_IRQHandler
                0x000000000800300c                CAN1_RX1_IRQHandler
                0x000000000800300c                DMA2_Stream0_IRQHandler
                0x000000000800300c                TIM4_IRQHandler
                0x000000000800300c                I2C1_EV_IRQHandler
                0x000000000800300c                DMA1_Stream6_IRQHandler
                0x000000000800300c                DMA1_Stream1_IRQHandler
                0x000000000800300c                TIM3_IRQHandler
                0x000000000800300c                RCC_IRQHandler
                0x000000000800300c                TIM8_BRK_TIM12_IRQHandler
                0x000000000800300c                Default_Handler
                0x000000000800300c                EXTI15_10_IRQHandler
                0x000000000800300c                ADC_IRQHandler
                0x000000000800300c                DMA1_Stream7_IRQHandler
                0x000000000800300c                SPI5_IRQHandler
                0x000000000800300c                TIM7_IRQHandler
                0x000000000800300c                CAN2_TX_IRQHandler
                0x000000000800300c                TIM5_IRQHandler
                0x000000000800300c                DMA2_Stream7_IRQHandler
                0x000000000800300c                I2C3_EV_IRQHandler
                0x000000000800300c                RTC_WKUP_IRQHandler
                0x000000000800300c                SPI2_IRQHandler
                0x000000000800300c                DMA1_Stream0_IRQHandler
                0x000000000800300c                CAN1_TX_IRQHandler
                0x000000000800300c                FMPI2C1_ER_IRQHandler
                0x000000000800300c                RNG_IRQHandler
                0x000000000800300c                WWDG_IRQHandler
                0x000000000800300c                TIM2_IRQHandler
                0x000000000800300c                OTG_FS_WKUP_IRQHandler
                0x000000000800300c                TIM1_TRG_COM_TIM11_IRQHandler
                0x000000000800300c                EXTI1_IRQHandler
                0x000000000800300c                USART2_IRQHandler
                0x000000000800300c                DFSDM1_FLT0_IRQHandler
                0x000000000800300c                I2C2_ER_IRQHandler
                0x000000000800300c                DMA2_Stream1_IRQHandler
                0x000000000800300c                CAN1_SCE_IRQHandler
                0x000000000800300c                FLASH_IRQHandler
                0x000000000800300c                DMA2_Stream4_IRQHandler
                0x000000000800300c                USART1_IRQHandler
                0x000000000800300c                SPI3_IRQHandler
                0x000000000800300c                DMA1_Stream4_IRQHandler
                0x000000000800300c                I2C1_ER_IRQHandler
                0x000000000800300c                DMA2_Stream6_IRQHandler
                0x000000000800300c                DMA1_Stream3_IRQHandler
 *fill*         0x000000000800300e        0x2 
 .text.HAL_Init
                0x0000000008003010       0x44 ./Drivers/STM32F4xx_HAL_Driver/Src/stm32f4xx_hal.o
                0x0000000008003010                HAL_Init
 .text.HAL_DeInit
                0x0000000008003054       0x4c ./Drivers/STM32F4xx_HAL_Driver/Src/stm32f4xx_hal.o
                0x0000000008003054                HAL_DeInit
 .text.HAL_MspDeInit
                0x00000000080030a0        0xe ./Drivers/STM32F4xx_HAL_Driver/Src/stm32f4xx_hal.o
                0x00000000080030a0                HAL_MspDeInit
 *fill*         0x00000000080030ae        0x2 
 .text.HAL_InitTick
                0x00000000080030b0       0x60 ./Drivers/STM32F4xx_HAL_Driver/Src/stm32f4xx_hal.o
                0x00000000080030b0                HAL_InitTick
 .text.HAL_IncTick
                0x0000000008003110       0x28 ./Drivers/STM32F4xx_HAL_Driver/Src/stm32f4xx_hal.o
                0x0000000008003110                HAL_IncTick
 .text.HAL_GetTick
                0x0000000008003138       0x18 ./Drivers/STM32F4xx_HAL_Driver/Src/stm32f4xx_hal.o
                0x0000000008003138                HAL_GetTick
 .text.HAL_Delay
                0x0000000008003150       0x48 ./Drivers/STM32F4xx_HAL_Driver/Src/stm32f4xx_hal.o
                0x0000000008003150                HAL_Delay
 .text.__NVIC_SetPriorityGrouping
                0x0000000008003198       0x48 ./Drivers/STM32F4xx_HAL_Driver/Src/stm32f4xx_hal_cortex.o
 .text.__NVIC_GetPriorityGrouping
                0x00000000080031e0       0x1c ./Drivers/STM32F4xx_HAL_Driver/Src/stm32f4xx_hal_cortex.o
 .text.__NVIC_EnableIRQ
                0x00000000080031fc       0x3c ./Drivers/STM32F4xx_HAL_Driver/Src/stm32f4xx_hal_cortex.o
 .text.__NVIC_DisableIRQ
                0x0000000008003238       0x48 ./Drivers/STM32F4xx_HAL_Driver/Src/stm32f4xx_hal_cortex.o
 .text.__NVIC_SetPriority
                0x0000000008003280       0x54 ./Drivers/STM32F4xx_HAL_Driver/Src/stm32f4xx_hal_cortex.o
 .text.NVIC_EncodePriority
                0x00000000080032d4       0x66 ./Drivers/STM32F4xx_HAL_Driver/Src/stm32f4xx_hal_cortex.o
 *fill*         0x000000000800333a        0x2 
 .text.SysTick_Config
                0x000000000800333c       0x44 ./Drivers/STM32F4xx_HAL_Driver/Src/stm32f4xx_hal_cortex.o
 .text.HAL_NVIC_SetPriorityGrouping
                0x0000000008003380       0x16 ./Drivers/STM32F4xx_HAL_Driver/Src/stm32f4xx_hal_cortex.o
                0x0000000008003380                HAL_NVIC_SetPriorityGrouping
 .text.HAL_NVIC_SetPriority
                0x0000000008003396       0x38 ./Drivers/STM32F4xx_HAL_Driver/Src/stm32f4xx_hal_cortex.o
                0x0000000008003396                HAL_NVIC_SetPriority
 .text.HAL_NVIC_EnableIRQ
                0x00000000080033ce       0x1c ./Drivers/STM32F4xx_HAL_Driver/Src/stm32f4xx_hal_cortex.o
                0x00000000080033ce                HAL_NVIC_EnableIRQ
 .text.HAL_NVIC_DisableIRQ
                0x00000000080033ea       0x1c ./Drivers/STM32F4xx_HAL_Driver/Src/stm32f4xx_hal_cortex.o
                0x00000000080033ea                HAL_NVIC_DisableIRQ
 .text.HAL_SYSTICK_Config
                0x0000000008003406       0x18 ./Drivers/STM32F4xx_HAL_Driver/Src/stm32f4xx_hal_cortex.o
                0x0000000008003406                HAL_SYSTICK_Config
 *fill*         0x000000000800341e        0x2 
 .text.HAL_FLASH_Program
                0x0000000008003420       0xa8 ./Drivers/STM32F4xx_HAL_Driver/Src/stm32f4xx_hal_flash.o
                0x0000000008003420                HAL_FLASH_Program
 .text.HAL_FLASH_Unlock
                0x00000000080034c8       0x44 ./Drivers/STM32F4xx_HAL_Driver/Src/stm32f4xx_hal_flash.o
                0x00000000080034c8                HAL_FLASH_Unlock
 .text.HAL_FLASH_Lock
                0x000000000800350c       0x20 ./Drivers/STM32F4xx_HAL_Driver/Src/stm32f4xx_hal_flash.o
                0x000000000800350c                HAL_FLASH_Lock
 .text.HAL_FLASH_GetError
                0x000000000800352c       0x18 ./Drivers/STM32F4xx_HAL_Driver/Src/stm32f4xx_hal_flash.o
                0x000000000800352c                HAL_FLASH_GetError
 .text.FLASH_WaitForLastOperation
                0x0000000008003544       0x80 ./Drivers/STM32F4xx_HAL_Driver/Src/stm32f4xx_hal_flash.o
                0x0000000008003544                FLASH_WaitForLastOperation
 .text.FLASH_Program_DoubleWord
                0x00000000080035c4       0x64 ./Drivers/STM32F4xx_HAL_Driver/Src/stm32f4xx_hal_flash.o
 .text.FLASH_Program_Word
                0x0000000008003628       0x44 ./Drivers/STM32F4xx_HAL_Driver/Src/stm32f4xx_hal_flash.o
 .text.FLASH_Program_HalfWord
                0x000000000800366c       0x48 ./Drivers/STM32F4xx_HAL_Driver/Src/stm32f4xx_hal_flash.o
 .text.FLASH_Program_Byte
                0x00000000080036b4       0x44 ./Drivers/STM32F4xx_HAL_Driver/Src/stm32f4xx_hal_flash.o
 .text.FLASH_SetErrorCode
                0x00000000080036f8       0xcc ./Drivers/STM32F4xx_HAL_Driver/Src/stm32f4xx_hal_flash.o
 .text.FLASH_Erase_Sector
                0x00000000080037c4       0x90 ./Drivers/STM32F4xx_HAL_Driver/Src/stm32f4xx_hal_flash_ex.o
                0x00000000080037c4                FLASH_Erase_Sector
 .text.HAL_GPIO_Init
                0x0000000008003854      0x2e8 ./Drivers/STM32F4xx_HAL_Driver/Src/stm32f4xx_hal_gpio.o
                0x0000000008003854                HAL_GPIO_Init
 .text.HAL_GPIO_DeInit
                0x0000000008003b3c      0x1a8 ./Drivers/STM32F4xx_HAL_Driver/Src/stm32f4xx_hal_gpio.o
                0x0000000008003b3c                HAL_GPIO_DeInit
 .text.HAL_GPIO_WritePin
                0x0000000008003ce4       0x32 ./Drivers/STM32F4xx_HAL_Driver/Src/stm32f4xx_hal_gpio.o
                0x0000000008003ce4                HAL_GPIO_WritePin
 *fill*         0x0000000008003d16        0x2 
 .text.HAL_GPIO_EXTI_IRQHandler
                0x0000000008003d18       0x30 ./Drivers/STM32F4xx_HAL_Driver/Src/stm32f4xx_hal_gpio.o
                0x0000000008003d18                HAL_GPIO_EXTI_IRQHandler
 .text.HAL_I2C_Init
                0x0000000008003d48      0x288 ./Drivers/STM32F4xx_HAL_Driver/Src/stm32f4xx_hal_i2c.o
                0x0000000008003d48                HAL_I2C_Init
 .text.HAL_I2C_Mem_Write
                0x0000000008003fd0      0x1f4 ./Drivers/STM32F4xx_HAL_Driver/Src/stm32f4xx_hal_i2c.o
                0x0000000008003fd0                HAL_I2C_Mem_Write
 .text.HAL_I2C_Mem_Read
                0x00000000080041c4      0x44c ./Drivers/STM32F4xx_HAL_Driver/Src/stm32f4xx_hal_i2c.o
                0x00000000080041c4                HAL_I2C_Mem_Read
 .text.I2C_RequestMemoryWrite
                0x0000000008004610      0x12c ./Drivers/STM32F4xx_HAL_Driver/Src/stm32f4xx_hal_i2c.o
 .text.I2C_RequestMemoryRead
                0x000000000800473c      0x1d0 ./Drivers/STM32F4xx_HAL_Driver/Src/stm32f4xx_hal_i2c.o
 .text.I2C_WaitOnFlagUntilTimeout
                0x000000000800490c       0xae ./Drivers/STM32F4xx_HAL_Driver/Src/stm32f4xx_hal_i2c.o
 .text.I2C_WaitOnMasterAddressFlagUntilTimeout
                0x00000000080049ba       0xfe ./Drivers/STM32F4xx_HAL_Driver/Src/stm32f4xx_hal_i2c.o
 .text.I2C_WaitOnTXEFlagUntilTimeout
                0x0000000008004ab8       0x82 ./Drivers/STM32F4xx_HAL_Driver/Src/stm32f4xx_hal_i2c.o
 .text.I2C_WaitOnBTFFlagUntilTimeout
                0x0000000008004b3a       0x82 ./Drivers/STM32F4xx_HAL_Driver/Src/stm32f4xx_hal_i2c.o
 .text.I2C_WaitOnRXNEFlagUntilTimeout
                0x0000000008004bbc       0xac ./Drivers/STM32F4xx_HAL_Driver/Src/stm32f4xx_hal_i2c.o
 .text.I2C_IsAcknowledgeFailed
                0x0000000008004c68       0x5e ./Drivers/STM32F4xx_HAL_Driver/Src/stm32f4xx_hal_i2c.o
 .text.HAL_PCD_Init
                0x0000000008004cc6      0x248 ./Drivers/STM32F4xx_HAL_Driver/Src/stm32f4xx_hal_pcd.o
                0x0000000008004cc6                HAL_PCD_Init
 .text.HAL_PCD_DeInit
                0x0000000008004f0e       0x46 ./Drivers/STM32F4xx_HAL_Driver/Src/stm32f4xx_hal_pcd.o
                0x0000000008004f0e                HAL_PCD_DeInit
 .text.HAL_PCD_Start
                0x0000000008004f54       0x66 ./Drivers/STM32F4xx_HAL_Driver/Src/stm32f4xx_hal_pcd.o
                0x0000000008004f54                HAL_PCD_Start
 .text.HAL_PCD_Stop
                0x0000000008004fba       0x72 ./Drivers/STM32F4xx_HAL_Driver/Src/stm32f4xx_hal_pcd.o
                0x0000000008004fba                HAL_PCD_Stop
 .text.HAL_PCD_IRQHandler
                0x000000000800502c      0x7be ./Drivers/STM32F4xx_HAL_Driver/Src/stm32f4xx_hal_pcd.o
                0x000000000800502c                HAL_PCD_IRQHandler
 .text.HAL_PCD_SetAddress
                0x00000000080057ea       0x4a ./Drivers/STM32F4xx_HAL_Driver/Src/stm32f4xx_hal_pcd.o
                0x00000000080057ea                HAL_PCD_SetAddress
 .text.HAL_PCD_EP_Open
                0x0000000008005834       0xd0 ./Drivers/STM32F4xx_HAL_Driver/Src/stm32f4xx_hal_pcd.o
                0x0000000008005834                HAL_PCD_EP_Open
 .text.HAL_PCD_EP_Close
                0x0000000008005904       0x94 ./Drivers/STM32F4xx_HAL_Driver/Src/stm32f4xx_hal_pcd.o
                0x0000000008005904                HAL_PCD_EP_Close
 .text.HAL_PCD_EP_Receive
                0x0000000008005998       0x96 ./Drivers/STM32F4xx_HAL_Driver/Src/stm32f4xx_hal_pcd.o
                0x0000000008005998                HAL_PCD_EP_Receive
 .text.HAL_PCD_EP_Transmit
                0x0000000008005a2e       0x94 ./Drivers/STM32F4xx_HAL_Driver/Src/stm32f4xx_hal_pcd.o
                0x0000000008005a2e                HAL_PCD_EP_Transmit
 .text.HAL_PCD_EP_SetStall
                0x0000000008005ac2       0xc8 ./Drivers/STM32F4xx_HAL_Driver/Src/stm32f4xx_hal_pcd.o
                0x0000000008005ac2                HAL_PCD_EP_SetStall
 .text.HAL_PCD_EP_ClrStall
                0x0000000008005b8a       0xac ./Drivers/STM32F4xx_HAL_Driver/Src/stm32f4xx_hal_pcd.o
                0x0000000008005b8a                HAL_PCD_EP_ClrStall
 .text.PCD_WriteEmptyTxFifo
                0x0000000008005c36      0x11a ./Drivers/STM32F4xx_HAL_Driver/Src/stm32f4xx_hal_pcd.o
 .text.PCD_EP_OutXfrComplete_int
                0x0000000008005d50      0x218 ./Drivers/STM32F4xx_HAL_Driver/Src/stm32f4xx_hal_pcd.o
 .text.PCD_EP_OutSetupPacket_int
                0x0000000008005f68       0x8c ./Drivers/STM32F4xx_HAL_Driver/Src/stm32f4xx_hal_pcd.o
 .text.HAL_PCDEx_SetTxFiFo
                0x0000000008005ff4       0x8e ./Drivers/STM32F4xx_HAL_Driver/Src/stm32f4xx_hal_pcd_ex.o
                0x0000000008005ff4                HAL_PCDEx_SetTxFiFo
 .text.HAL_PCDEx_SetRxFiFo
                0x0000000008006082       0x22 ./Drivers/STM32F4xx_HAL_Driver/Src/stm32f4xx_hal_pcd_ex.o
                0x0000000008006082                HAL_PCDEx_SetRxFiFo
 .text.HAL_PCDEx_ActivateLPM
                0x00000000080060a4       0x48 ./Drivers/STM32F4xx_HAL_Driver/Src/stm32f4xx_hal_pcd_ex.o
                0x00000000080060a4                HAL_PCDEx_ActivateLPM
 .text.HAL_RCC_ClockConfig
                0x00000000080060ec      0x1cc ./Drivers/STM32F4xx_HAL_Driver/Src/stm32f4xx_hal_rcc.o
                0x00000000080060ec                HAL_RCC_ClockConfig
 .text.HAL_RCC_EnableCSS
                0x00000000080062b8       0x18 ./Drivers/STM32F4xx_HAL_Driver/Src/stm32f4xx_hal_rcc.o
                0x00000000080062b8                HAL_RCC_EnableCSS
 .text.HAL_RCC_GetSysClockFreq
                0x00000000080062d0      0x1c0 ./Drivers/STM32F4xx_HAL_Driver/Src/stm32f4xx_hal_rcc.o
                0x00000000080062d0                HAL_RCC_GetSysClockFreq
 .text.HAL_RCC_GetHCLKFreq
                0x0000000008006490       0x18 ./Drivers/STM32F4xx_HAL_Driver/Src/stm32f4xx_hal_rcc.o
                0x0000000008006490                HAL_RCC_GetHCLKFreq
 .text.HAL_RCC_GetPCLK1Freq
                0x00000000080064a8       0x28 ./Drivers/STM32F4xx_HAL_Driver/Src/stm32f4xx_hal_rcc.o
                0x00000000080064a8                HAL_RCC_GetPCLK1Freq
 .text.HAL_RCC_NMI_IRQHandler
                0x00000000080064d0       0x28 ./Drivers/STM32F4xx_HAL_Driver/Src/stm32f4xx_hal_rcc.o
                0x00000000080064d0                HAL_RCC_NMI_IRQHandler
 .text.HAL_RCC_CSSCallback
                0x00000000080064f8        0xe ./Drivers/STM32F4xx_HAL_Driver/Src/stm32f4xx_hal_rcc.o
                0x00000000080064f8                HAL_RCC_CSSCallback
 *fill*         0x0000000008006506        0x2 
 .text.HAL_RCCEx_PeriphCLKConfig
                0x0000000008006508      0x39c ./Drivers/STM32F4xx_HAL_Driver/Src/stm32f4xx_hal_rcc_ex.o
                0x0000000008006508                HAL_RCCEx_PeriphCLKConfig
 .text.HAL_RCC_DeInit
                0x00000000080068a4      0x198 ./Drivers/STM32F4xx_HAL_Driver/Src/stm32f4xx_hal_rcc_ex.o
                0x00000000080068a4                HAL_RCC_DeInit
 .text.HAL_RCC_OscConfig
                0x0000000008006a3c      0x508 ./Drivers/STM32F4xx_HAL_Driver/Src/stm32f4xx_hal_rcc_ex.o
                0x0000000008006a3c                HAL_RCC_OscConfig
 .text.USB_CoreInit
                0x0000000008006f44       0xc2 ./Drivers/STM32F4xx_HAL_Driver/Src/stm32f4xx_ll_usb.o
                0x0000000008006f44                USB_CoreInit
 *fill*         0x0000000008007006        0x2 
 .text.USB_SetTurnaroundTime
                0x0000000008007008      0x144 ./Drivers/STM32F4xx_HAL_Driver/Src/stm32f4xx_ll_usb.o
                0x0000000008007008                USB_SetTurnaroundTime
 .text.USB_EnableGlobalInt
                0x000000000800714c       0x22 ./Drivers/STM32F4xx_HAL_Driver/Src/stm32f4xx_ll_usb.o
                0x000000000800714c                USB_EnableGlobalInt
 .text.USB_DisableGlobalInt
                0x000000000800716e       0x22 ./Drivers/STM32F4xx_HAL_Driver/Src/stm32f4xx_ll_usb.o
                0x000000000800716e                USB_DisableGlobalInt
 .text.USB_SetCurrentMode
                0x0000000008007190       0x98 ./Drivers/STM32F4xx_HAL_Driver/Src/stm32f4xx_ll_usb.o
                0x0000000008007190                USB_SetCurrentMode
 .text.USB_DevInit
                0x0000000008007228      0x2bc ./Drivers/STM32F4xx_HAL_Driver/Src/stm32f4xx_ll_usb.o
                0x0000000008007228                USB_DevInit
 .text.USB_FlushTxFifo
                0x00000000080074e4       0x48 ./Drivers/STM32F4xx_HAL_Driver/Src/stm32f4xx_ll_usb.o
                0x00000000080074e4                USB_FlushTxFifo
 .text.USB_FlushRxFifo
                0x000000000800752c       0x40 ./Drivers/STM32F4xx_HAL_Driver/Src/stm32f4xx_ll_usb.o
                0x000000000800752c                USB_FlushRxFifo
 .text.USB_SetDevSpeed
                0x000000000800756c       0x32 ./Drivers/STM32F4xx_HAL_Driver/Src/stm32f4xx_ll_usb.o
                0x000000000800756c                USB_SetDevSpeed
 .text.USB_GetDevSpeed
                0x000000000800759e       0x4a ./Drivers/STM32F4xx_HAL_Driver/Src/stm32f4xx_ll_usb.o
                0x000000000800759e                USB_GetDevSpeed
 .text.USB_ActivateEndpoint
                0x00000000080075e8      0x10e ./Drivers/STM32F4xx_HAL_Driver/Src/stm32f4xx_ll_usb.o
                0x00000000080075e8                USB_ActivateEndpoint
 *fill*         0x00000000080076f6        0x2 
 .text.USB_DeactivateEndpoint
                0x00000000080076f8      0x1b8 ./Drivers/STM32F4xx_HAL_Driver/Src/stm32f4xx_ll_usb.o
                0x00000000080076f8                USB_DeactivateEndpoint
 .text.USB_EPStartXfer
                0x00000000080078b0      0x488 ./Drivers/STM32F4xx_HAL_Driver/Src/stm32f4xx_ll_usb.o
                0x00000000080078b0                USB_EPStartXfer
 .text.USB_EP0StartXfer
                0x0000000008007d38      0x2a6 ./Drivers/STM32F4xx_HAL_Driver/Src/stm32f4xx_ll_usb.o
                0x0000000008007d38                USB_EP0StartXfer
 .text.USB_WritePacket
                0x0000000008007fde       0x7c ./Drivers/STM32F4xx_HAL_Driver/Src/stm32f4xx_ll_usb.o
                0x0000000008007fde                USB_WritePacket
 .text.USB_ReadPacket
                0x000000000800805a       0xb0 ./Drivers/STM32F4xx_HAL_Driver/Src/stm32f4xx_ll_usb.o
                0x000000000800805a                USB_ReadPacket
 .text.USB_EPSetStall
                0x000000000800810a       0xdc ./Drivers/STM32F4xx_HAL_Driver/Src/stm32f4xx_ll_usb.o
                0x000000000800810a                USB_EPSetStall
 .text.USB_EPClearStall
                0x00000000080081e6       0xcc ./Drivers/STM32F4xx_HAL_Driver/Src/stm32f4xx_ll_usb.o
                0x00000000080081e6                USB_EPClearStall
 .text.USB_StopDevice
                0x00000000080082b2       0x9e ./Drivers/STM32F4xx_HAL_Driver/Src/stm32f4xx_ll_usb.o
                0x00000000080082b2                USB_StopDevice
 .text.USB_SetDevAddress
                0x0000000008008350       0x4c ./Drivers/STM32F4xx_HAL_Driver/Src/stm32f4xx_ll_usb.o
                0x0000000008008350                USB_SetDevAddress
 .text.USB_DevConnect
                0x000000000800839c       0x42 ./Drivers/STM32F4xx_HAL_Driver/Src/stm32f4xx_ll_usb.o
                0x000000000800839c                USB_DevConnect
 .text.USB_DevDisconnect
                0x00000000080083de       0x42 ./Drivers/STM32F4xx_HAL_Driver/Src/stm32f4xx_ll_usb.o
                0x00000000080083de                USB_DevDisconnect
 .text.USB_ReadInterrupts
                0x0000000008008420       0x26 ./Drivers/STM32F4xx_HAL_Driver/Src/stm32f4xx_ll_usb.o
                0x0000000008008420                USB_ReadInterrupts
 .text.USB_ReadDevAllOutEpInterrupt
                0x0000000008008446       0x34 ./Drivers/STM32F4xx_HAL_Driver/Src/stm32f4xx_ll_usb.o
                0x0000000008008446                USB_ReadDevAllOutEpInterrupt
 .text.USB_ReadDevAllInEpInterrupt
                0x000000000800847a       0x34 ./Drivers/STM32F4xx_HAL_Driver/Src/stm32f4xx_ll_usb.o
                0x000000000800847a                USB_ReadDevAllInEpInterrupt
 .text.USB_ReadDevOutEPInterrupt
                0x00000000080084ae       0x3c ./Drivers/STM32F4xx_HAL_Driver/Src/stm32f4xx_ll_usb.o
                0x00000000080084ae                USB_ReadDevOutEPInterrupt
 .text.USB_ReadDevInEPInterrupt
                0x00000000080084ea       0x5c ./Drivers/STM32F4xx_HAL_Driver/Src/stm32f4xx_ll_usb.o
                0x00000000080084ea                USB_ReadDevInEPInterrupt
 .text.USB_GetMode
                0x0000000008008546       0x1c ./Drivers/STM32F4xx_HAL_Driver/Src/stm32f4xx_ll_usb.o
                0x0000000008008546                USB_GetMode
 .text.USB_ActivateSetup
                0x0000000008008562       0x46 ./Drivers/STM32F4xx_HAL_Driver/Src/stm32f4xx_ll_usb.o
                0x0000000008008562                USB_ActivateSetup
 .text.USB_EP0_OutStart
                0x00000000080085a8       0xbc ./Drivers/STM32F4xx_HAL_Driver/Src/stm32f4xx_ll_usb.o
                0x00000000080085a8                USB_EP0_OutStart
 .text.USB_CoreReset
                0x0000000008008664       0x64 ./Drivers/STM32F4xx_HAL_Driver/Src/stm32f4xx_ll_usb.o
 .text.USBD_CUSTOM_HID_Init
                0x00000000080086c8       0xa2 ./Middlewares/ST/STM32_USB_Device_Library/Class/CustomHID/Src/usbd_customhid.o
 .text.USBD_CUSTOM_HID_DeInit
                0x000000000800876a       0x6a ./Middlewares/ST/STM32_USB_Device_Library/Class/CustomHID/Src/usbd_customhid.o
 .text.USBD_CUSTOM_HID_Setup
                0x00000000080087d4      0x214 ./Middlewares/ST/STM32_USB_Device_Library/Class/CustomHID/Src/usbd_customhid.o
 .text.USBD_CUSTOM_HID_SendReport
                0x00000000080089e8       0x5e ./Middlewares/ST/STM32_USB_Device_Library/Class/CustomHID/Src/usbd_customhid.o
                0x00000000080089e8                USBD_CUSTOM_HID_SendReport
 *fill*         0x0000000008008a46        0x2 
 .text.USBD_CUSTOM_HID_GetFSCfgDesc
                0x0000000008008a48       0x20 ./Middlewares/ST/STM32_USB_Device_Library/Class/CustomHID/Src/usbd_customhid.o
 .text.USBD_CUSTOM_HID_GetHSCfgDesc
                0x0000000008008a68       0x20 ./Middlewares/ST/STM32_USB_Device_Library/Class/CustomHID/Src/usbd_customhid.o
 .text.USBD_CUSTOM_HID_GetOtherSpeedCfgDesc
                0x0000000008008a88       0x20 ./Middlewares/ST/STM32_USB_Device_Library/Class/CustomHID/Src/usbd_customhid.o
 .text.USBD_CUSTOM_HID_DataIn
                0x0000000008008aa8       0x26 ./Middlewares/ST/STM32_USB_Device_Library/Class/CustomHID/Src/usbd_customhid.o
 .text.USBD_CUSTOM_HID_DataOut
                0x0000000008008ace       0x3a ./Middlewares/ST/STM32_USB_Device_Library/Class/CustomHID/Src/usbd_customhid.o
 .text.USBD_CUSTOM_HID_ReceivePacket
                0x0000000008008b08       0x34 ./Middlewares/ST/STM32_USB_Device_Library/Class/CustomHID/Src/usbd_customhid.o
                0x0000000008008b08                USBD_CUSTOM_HID_ReceivePacket
 .text.USBD_CUSTOM_HID_EP0_RxReady
                0x0000000008008b3c       0x40 ./Middlewares/ST/STM32_USB_Device_Library/Class/CustomHID/Src/usbd_customhid.o
 .text.USBD_CUSTOM_HID_GetDeviceQualifierDesc
                0x0000000008008b7c       0x20 ./Middlewares/ST/STM32_USB_Device_Library/Class/CustomHID/Src/usbd_customhid.o
 .text.USBD_CUSTOM_HID_RegisterInterface
                0x0000000008008b9c       0x2a ./Middlewares/ST/STM32_USB_Device_Library/Class/CustomHID/Src/usbd_customhid.o
                0x0000000008008b9c                USBD_CUSTOM_HID_RegisterInterface
 *fill*         0x0000000008008bc6        0x2 
 .text.USBD_Init
                0x0000000008008bc8       0x7c ./Middlewares/ST/STM32_USB_Device_Library/Core/Src/usbd_core.o
                0x0000000008008bc8                USBD_Init
 .text.USBD_DeInit
                0x0000000008008c44       0x68 ./Middlewares/ST/STM32_USB_Device_Library/Core/Src/usbd_core.o
                0x0000000008008c44                USBD_DeInit
 .text.USBD_RegisterClass
                0x0000000008008cac       0x68 ./Middlewares/ST/STM32_USB_Device_Library/Core/Src/usbd_core.o
                0x0000000008008cac                USBD_RegisterClass
 .text.USBD_Start
                0x0000000008008d14       0x18 ./Middlewares/ST/STM32_USB_Device_Library/Core/Src/usbd_core.o
                0x0000000008008d14                USBD_Start
 .text.USBD_Stop
                0x0000000008008d2c       0x36 ./Middlewares/ST/STM32_USB_Device_Library/Core/Src/usbd_core.o
                0x0000000008008d2c                USBD_Stop
 .text.USBD_RunTestMode
                0x0000000008008d62       0x16 ./Middlewares/ST/STM32_USB_Device_Library/Core/Src/usbd_core.o
                0x0000000008008d62                USBD_RunTestMode
 .text.USBD_SetClassConfig
                0x0000000008008d78       0x38 ./Middlewares/ST/STM32_USB_Device_Library/Core/Src/usbd_core.o
                0x0000000008008d78                USBD_SetClassConfig
 .text.USBD_ClrClassConfig
                0x0000000008008db0       0x30 ./Middlewares/ST/STM32_USB_Device_Library/Core/Src/usbd_core.o
                0x0000000008008db0                USBD_ClrClassConfig
 .text.USBD_LL_SetupStage
                0x0000000008008de0       0xaa ./Middlewares/ST/STM32_USB_Device_Library/Core/Src/usbd_core.o
                0x0000000008008de0                USBD_LL_SetupStage
 .text.USBD_LL_DataOutStage
                0x0000000008008e8a       0xc6 ./Middlewares/ST/STM32_USB_Device_Library/Core/Src/usbd_core.o
                0x0000000008008e8a                USBD_LL_DataOutStage
 .text.USBD_LL_DataInStage
                0x0000000008008f50      0x12c ./Middlewares/ST/STM32_USB_Device_Library/Core/Src/usbd_core.o
                0x0000000008008f50                USBD_LL_DataInStage
 .text.USBD_LL_Reset
                0x000000000800907c       0x9c ./Middlewares/ST/STM32_USB_Device_Library/Core/Src/usbd_core.o
                0x000000000800907c                USBD_LL_Reset
 .text.USBD_LL_SetSpeed
                0x0000000008009118       0x20 ./Middlewares/ST/STM32_USB_Device_Library/Core/Src/usbd_core.o
                0x0000000008009118                USBD_LL_SetSpeed
 .text.USBD_LL_Suspend
                0x0000000008009138       0x2c ./Middlewares/ST/STM32_USB_Device_Library/Core/Src/usbd_core.o
                0x0000000008009138                USBD_LL_Suspend
 .text.USBD_LL_Resume
                0x0000000008009164       0x30 ./Middlewares/ST/STM32_USB_Device_Library/Core/Src/usbd_core.o
                0x0000000008009164                USBD_LL_Resume
 .text.USBD_LL_SOF
                0x0000000008009194       0x44 ./Middlewares/ST/STM32_USB_Device_Library/Core/Src/usbd_core.o
                0x0000000008009194                USBD_LL_SOF
 .text.USBD_LL_IsoINIncomplete
                0x00000000080091d8       0x4c ./Middlewares/ST/STM32_USB_Device_Library/Core/Src/usbd_core.o
                0x00000000080091d8                USBD_LL_IsoINIncomplete
 .text.USBD_LL_IsoOUTIncomplete
                0x0000000008009224       0x4c ./Middlewares/ST/STM32_USB_Device_Library/Core/Src/usbd_core.o
                0x0000000008009224                USBD_LL_IsoOUTIncomplete
 .text.USBD_LL_DevConnected
                0x0000000008009270       0x16 ./Middlewares/ST/STM32_USB_Device_Library/Core/Src/usbd_core.o
                0x0000000008009270                USBD_LL_DevConnected
 .text.USBD_LL_DevDisconnected
                0x0000000008009286       0x38 ./Middlewares/ST/STM32_USB_Device_Library/Core/Src/usbd_core.o
                0x0000000008009286                USBD_LL_DevDisconnected
 .text.SWAPBYTE
                0x00000000080092be       0x3c ./Middlewares/ST/STM32_USB_Device_Library/Core/Src/usbd_ctlreq.o
 *fill*         0x00000000080092fa        0x2 
 .text.USBD_StdDevReq
                0x00000000080092fc       0xdc ./Middlewares/ST/STM32_USB_Device_Library/Core/Src/usbd_ctlreq.o
                0x00000000080092fc                USBD_StdDevReq
 .text.USBD_StdItfReq
                0x00000000080093d8       0x92 ./Middlewares/ST/STM32_USB_Device_Library/Core/Src/usbd_ctlreq.o
                0x00000000080093d8                USBD_StdItfReq
 .text.USBD_StdEPReq
                0x000000000800946a      0x2c4 ./Middlewares/ST/STM32_USB_Device_Library/Core/Src/usbd_ctlreq.o
                0x000000000800946a                USBD_StdEPReq
 *fill*         0x000000000800972e        0x2 
 .text.USBD_GetDescriptor
                0x0000000008009730      0x328 ./Middlewares/ST/STM32_USB_Device_Library/Core/Src/usbd_ctlreq.o
 .text.USBD_SetAddress
                0x0000000008009a58       0x88 ./Middlewares/ST/STM32_USB_Device_Library/Core/Src/usbd_ctlreq.o
 .text.USBD_SetConfig
                0x0000000008009ae0      0x14c ./Middlewares/ST/STM32_USB_Device_Library/Core/Src/usbd_ctlreq.o
 .text.USBD_GetConfig
                0x0000000008009c2c       0x6c ./Middlewares/ST/STM32_USB_Device_Library/Core/Src/usbd_ctlreq.o
 .text.USBD_GetStatus
                0x0000000008009c98       0x68 ./Middlewares/ST/STM32_USB_Device_Library/Core/Src/usbd_ctlreq.o
 .text.USBD_SetFeature
                0x0000000008009d00       0x28 ./Middlewares/ST/STM32_USB_Device_Library/Core/Src/usbd_ctlreq.o
 .text.USBD_ClrFeature
                0x0000000008009d28       0x44 ./Middlewares/ST/STM32_USB_Device_Library/Core/Src/usbd_ctlreq.o
 .text.USBD_ParseSetupRequest
                0x0000000008009d6c       0x74 ./Middlewares/ST/STM32_USB_Device_Library/Core/Src/usbd_ctlreq.o
                0x0000000008009d6c                USBD_ParseSetupRequest
 .text.USBD_CtlError
                0x0000000008009de0       0x22 ./Middlewares/ST/STM32_USB_Device_Library/Core/Src/usbd_ctlreq.o
                0x0000000008009de0                USBD_CtlError
 .text.USBD_GetString
                0x0000000008009e02       0x8c ./Middlewares/ST/STM32_USB_Device_Library/Core/Src/usbd_ctlreq.o
                0x0000000008009e02                USBD_GetString
 .text.USBD_GetLen
                0x0000000008009e8e       0x34 ./Middlewares/ST/STM32_USB_Device_Library/Core/Src/usbd_ctlreq.o
 .text.USBD_CtlSendData
                0x0000000008009ec2       0x36 ./Middlewares/ST/STM32_USB_Device_Library/Core/Src/usbd_ioreq.o
                0x0000000008009ec2                USBD_CtlSendData
 .text.USBD_CtlContinueSendData
                0x0000000008009ef8       0x22 ./Middlewares/ST/STM32_USB_Device_Library/Core/Src/usbd_ioreq.o
                0x0000000008009ef8                USBD_CtlContinueSendData
 .text.USBD_CtlPrepareRx
                0x0000000008009f1a       0x3a ./Middlewares/ST/STM32_USB_Device_Library/Core/Src/usbd_ioreq.o
                0x0000000008009f1a                USBD_CtlPrepareRx
 .text.USBD_CtlContinueRx
                0x0000000008009f54       0x22 ./Middlewares/ST/STM32_USB_Device_Library/Core/Src/usbd_ioreq.o
                0x0000000008009f54                USBD_CtlContinueRx
 .text.USBD_CtlSendStatus
                0x0000000008009f76       0x26 ./Middlewares/ST/STM32_USB_Device_Library/Core/Src/usbd_ioreq.o
                0x0000000008009f76                USBD_CtlSendStatus
 .text.USBD_CtlReceiveStatus
                0x0000000008009f9c       0x26 ./Middlewares/ST/STM32_USB_Device_Library/Core/Src/usbd_ioreq.o
                0x0000000008009f9c                USBD_CtlReceiveStatus
 *fill*         0x0000000008009fc2        0x2 
 .text.MX_USB_DEVICE_DeInit
                0x0000000008009fc4       0x18 ./USB_DEVICE/App/usb_device.o
                0x0000000008009fc4                MX_USB_DEVICE_DeInit
 .text.MX_USB_DEVICE_Init
                0x0000000008009fdc       0x60 ./USB_DEVICE/App/usb_device.o
                0x0000000008009fdc                MX_USB_DEVICE_Init
 .text.CUSTOM_HID_Init_FS
                0x000000000800a03c       0x10 ./USB_DEVICE/App/usbd_custom_hid_if.o
 .text.CUSTOM_HID_DeInit_FS
                0x000000000800a04c       0x10 ./USB_DEVICE/App/usbd_custom_hid_if.o
 .text.CUSTOM_HID_OutEvent_FS
                0x000000000800a05c       0x40 ./USB_DEVICE/App/usbd_custom_hid_if.o
                0x000000000800a05c                CUSTOM_HID_OutEvent_FS
 .text.USBD_FS_DeviceDescriptor
                0x000000000800a09c       0x24 ./USB_DEVICE/App/usbd_desc.o
                0x000000000800a09c                USBD_FS_DeviceDescriptor
 .text.USBD_FS_LangIDStrDescriptor
                0x000000000800a0c0       0x24 ./USB_DEVICE/App/usbd_desc.o
                0x000000000800a0c0                USBD_FS_LangIDStrDescriptor
 .text.USBD_FS_ProductStrDescriptor
                0x000000000800a0e4       0x3c ./USB_DEVICE/App/usbd_desc.o
                0x000000000800a0e4                USBD_FS_ProductStrDescriptor
 .text.USBD_FS_ManufacturerStrDescriptor
                0x000000000800a120       0x28 ./USB_DEVICE/App/usbd_desc.o
                0x000000000800a120                USBD_FS_ManufacturerStrDescriptor
 .text.USBD_FS_SerialStrDescriptor
                0x000000000800a148       0x24 ./USB_DEVICE/App/usbd_desc.o
                0x000000000800a148                USBD_FS_SerialStrDescriptor
 .text.USBD_FS_ConfigStrDescriptor
                0x000000000800a16c       0x3c ./USB_DEVICE/App/usbd_desc.o
                0x000000000800a16c                USBD_FS_ConfigStrDescriptor
 .text.USBD_FS_InterfaceStrDescriptor
                0x000000000800a1a8       0x3c ./USB_DEVICE/App/usbd_desc.o
                0x000000000800a1a8                USBD_FS_InterfaceStrDescriptor
 .text.USBD_FS_USR_BOSDescriptor
                0x000000000800a1e4       0x24 ./USB_DEVICE/App/usbd_desc.o
                0x000000000800a1e4                USBD_FS_USR_BOSDescriptor
 .text.Get_SerialNum
                0x000000000800a208       0x58 ./USB_DEVICE/App/usbd_desc.o
 .text.IntToUnicode
                0x000000000800a260       0x7e ./USB_DEVICE/App/usbd_desc.o
 *fill*         0x000000000800a2de        0x2 
 .text.HAL_PCD_MspInit
                0x000000000800a2e0       0xe8 ./USB_DEVICE/Target/usbd_conf.o
                0x000000000800a2e0                HAL_PCD_MspInit
 .text.HAL_PCD_MspDeInit
                0x000000000800a3c8       0x40 ./USB_DEVICE/Target/usbd_conf.o
                0x000000000800a3c8                HAL_PCD_MspDeInit
 .text.HAL_PCD_SetupStageCallback
                0x000000000800a408       0x24 ./USB_DEVICE/Target/usbd_conf.o
                0x000000000800a408                HAL_PCD_SetupStageCallback
 .text.HAL_PCD_DataOutStageCallback
                0x000000000800a42c       0x36 ./USB_DEVICE/Target/usbd_conf.o
                0x000000000800a42c                HAL_PCD_DataOutStageCallback
 .text.HAL_PCD_DataInStageCallback
                0x000000000800a462       0x34 ./USB_DEVICE/Target/usbd_conf.o
                0x000000000800a462                HAL_PCD_DataInStageCallback
 .text.HAL_PCD_SOFCallback
                0x000000000800a496       0x1c ./USB_DEVICE/Target/usbd_conf.o
                0x000000000800a496                HAL_PCD_SOFCallback
 .text.HAL_PCD_ResetCallback
                0x000000000800a4b2       0x3c ./USB_DEVICE/Target/usbd_conf.o
                0x000000000800a4b2                HAL_PCD_ResetCallback
 *fill*         0x000000000800a4ee        0x2 
 .text.HAL_PCD_SuspendCallback
                0x000000000800a4f0       0x4c ./USB_DEVICE/Target/usbd_conf.o
                0x000000000800a4f0                HAL_PCD_SuspendCallback
 .text.HAL_PCD_ResumeCallback
                0x000000000800a53c       0x1c ./USB_DEVICE/Target/usbd_conf.o
                0x000000000800a53c                HAL_PCD_ResumeCallback
 .text.HAL_PCD_ISOOUTIncompleteCallback
                0x000000000800a558       0x24 ./USB_DEVICE/Target/usbd_conf.o
                0x000000000800a558                HAL_PCD_ISOOUTIncompleteCallback
 .text.HAL_PCD_ISOINIncompleteCallback
                0x000000000800a57c       0x24 ./USB_DEVICE/Target/usbd_conf.o
                0x000000000800a57c                HAL_PCD_ISOINIncompleteCallback
 .text.HAL_PCD_ConnectCallback
                0x000000000800a5a0       0x1c ./USB_DEVICE/Target/usbd_conf.o
                0x000000000800a5a0                HAL_PCD_ConnectCallback
 .text.HAL_PCD_DisconnectCallback
                0x000000000800a5bc       0x1c ./USB_DEVICE/Target/usbd_conf.o
                0x000000000800a5bc                HAL_PCD_DisconnectCallback
 .text.USBD_LL_Init
                0x000000000800a5d8       0xa0 ./USB_DEVICE/Target/usbd_conf.o
                0x000000000800a5d8                USBD_LL_Init
 .text.USBD_LL_DeInit
                0x000000000800a678       0x36 ./USB_DEVICE/Target/usbd_conf.o
                0x000000000800a678                USBD_LL_DeInit
 .text.USBD_LL_Start
                0x000000000800a6ae       0x36 ./USB_DEVICE/Target/usbd_conf.o
                0x000000000800a6ae                USBD_LL_Start
 .text.USBD_LL_Stop
                0x000000000800a6e4       0x36 ./USB_DEVICE/Target/usbd_conf.o
                0x000000000800a6e4                USBD_LL_Stop
 .text.USBD_LL_OpenEP
                0x000000000800a71a       0x4c ./USB_DEVICE/Target/usbd_conf.o
                0x000000000800a71a                USBD_LL_OpenEP
 .text.USBD_LL_CloseEP
                0x000000000800a766       0x3e ./USB_DEVICE/Target/usbd_conf.o
                0x000000000800a766                USBD_LL_CloseEP
 .text.USBD_LL_StallEP
                0x000000000800a7a4       0x3e ./USB_DEVICE/Target/usbd_conf.o
                0x000000000800a7a4                USBD_LL_StallEP
 .text.USBD_LL_ClearStallEP
                0x000000000800a7e2       0x3e ./USB_DEVICE/Target/usbd_conf.o
                0x000000000800a7e2                USBD_LL_ClearStallEP
 .text.USBD_LL_IsStallEP
                0x000000000800a820       0x58 ./USB_DEVICE/Target/usbd_conf.o
                0x000000000800a820                USBD_LL_IsStallEP
 .text.USBD_LL_SetUSBAddress
                0x000000000800a878       0x3e ./USB_DEVICE/Target/usbd_conf.o
                0x000000000800a878                USBD_LL_SetUSBAddress
 .text.USBD_LL_Transmit
                0x000000000800a8b6       0x42 ./USB_DEVICE/Target/usbd_conf.o
                0x000000000800a8b6                USBD_LL_Transmit
 .text.USBD_LL_PrepareReceive
                0x000000000800a8f8       0x42 ./USB_DEVICE/Target/usbd_conf.o
                0x000000000800a8f8                USBD_LL_PrepareReceive
 *fill*         0x000000000800a93a        0x2 
 .text.HAL_PCDEx_LPM_Callback
                0x000000000800a93c       0x9c ./USB_DEVICE/Target/usbd_conf.o
                0x000000000800a93c                HAL_PCDEx_LPM_Callback
 .text.USBD_static_malloc
                0x000000000800a9d8       0x1c ./USB_DEVICE/Target/usbd_conf.o
                0x000000000800a9d8                USBD_static_malloc
 .text.USBD_static_free
                0x000000000800a9f4       0x14 ./USB_DEVICE/Target/usbd_conf.o
                0x000000000800a9f4                USBD_static_free
 .text.USBD_Get_USB_Status
                0x000000000800aa08       0x58 ./USB_DEVICE/Target/usbd_conf.o
                0x000000000800aa08                USBD_Get_USB_Status
 .text.__errno  0x000000000800aa60        0xc c:/st/stm32cubeide_1.7.0/stm32cubeide/plugins/com.st.stm32cube.ide.mcu.externaltools.gnu-tools-for-stm32.9-2020-q2-update.win32_2.0.0.202105311346/tools/bin/../lib/gcc/arm-none-eabi/9.3.1/../../../../arm-none-eabi/lib/thumb/v7e-m+fp/hard\libc_nano.a(lib_a-errno.o)
                0x000000000800aa60                __errno
 .text.__libc_init_array
                0x000000000800aa6c       0x48 c:/st/stm32cubeide_1.7.0/stm32cubeide/plugins/com.st.stm32cube.ide.mcu.externaltools.gnu-tools-for-stm32.9-2020-q2-update.win32_2.0.0.202105311346/tools/bin/../lib/gcc/arm-none-eabi/9.3.1/../../../../arm-none-eabi/lib/thumb/v7e-m+fp/hard\libc_nano.a(lib_a-init.o)
                0x000000000800aa6c                __libc_init_array
 .text.memcpy   0x000000000800aab4       0x1c c:/st/stm32cubeide_1.7.0/stm32cubeide/plugins/com.st.stm32cube.ide.mcu.externaltools.gnu-tools-for-stm32.9-2020-q2-update.win32_2.0.0.202105311346/tools/bin/../lib/gcc/arm-none-eabi/9.3.1/../../../../arm-none-eabi/lib/thumb/v7e-m+fp/hard\libc_nano.a(lib_a-memcpy-stub.o)
                0x000000000800aab4                memcpy
 .text.memset   0x000000000800aad0       0x10 c:/st/stm32cubeide_1.7.0/stm32cubeide/plugins/com.st.stm32cube.ide.mcu.externaltools.gnu-tools-for-stm32.9-2020-q2-update.win32_2.0.0.202105311346/tools/bin/../lib/gcc/arm-none-eabi/9.3.1/../../../../arm-none-eabi/lib/thumb/v7e-m+fp/hard\libc_nano.a(lib_a-memset.o)
                0x000000000800aad0                memset
 .text.printf   0x000000000800aae0       0x30 c:/st/stm32cubeide_1.7.0/stm32cubeide/plugins/com.st.stm32cube.ide.mcu.externaltools.gnu-tools-for-stm32.9-2020-q2-update.win32_2.0.0.202105311346/tools/bin/../lib/gcc/arm-none-eabi/9.3.1/../../../../arm-none-eabi/lib/thumb/v7e-m+fp/hard\libc_nano.a(lib_a-printf.o)
                0x000000000800aae0                iprintf
                0x000000000800aae0                printf
 .text.putchar  0x000000000800ab10       0x2c c:/st/stm32cubeide_1.7.0/stm32cubeide/plugins/com.st.stm32cube.ide.mcu.externaltools.gnu-tools-for-stm32.9-2020-q2-update.win32_2.0.0.202105311346/tools/bin/../lib/gcc/arm-none-eabi/9.3.1/../../../../arm-none-eabi/lib/thumb/v7e-m+fp/hard\libc_nano.a(lib_a-putchar.o)
                0x000000000800ab10                putchar
 .text.std      0x000000000800ab3c       0x48 c:/st/stm32cubeide_1.7.0/stm32cubeide/plugins/com.st.stm32cube.ide.mcu.externaltools.gnu-tools-for-stm32.9-2020-q2-update.win32_2.0.0.202105311346/tools/bin/../lib/gcc/arm-none-eabi/9.3.1/../../../../arm-none-eabi/lib/thumb/v7e-m+fp/hard\libc_nano.a(lib_a-findfp.o)
 .text._cleanup_r
                0x000000000800ab84        0xc c:/st/stm32cubeide_1.7.0/stm32cubeide/plugins/com.st.stm32cube.ide.mcu.externaltools.gnu-tools-for-stm32.9-2020-q2-update.win32_2.0.0.202105311346/tools/bin/../lib/gcc/arm-none-eabi/9.3.1/../../../../arm-none-eabi/lib/thumb/v7e-m+fp/hard\libc_nano.a(lib_a-findfp.o)
                0x000000000800ab84                _cleanup_r
 .text.__sfmoreglue
                0x000000000800ab90       0x2c c:/st/stm32cubeide_1.7.0/stm32cubeide/plugins/com.st.stm32cube.ide.mcu.externaltools.gnu-tools-for-stm32.9-2020-q2-update.win32_2.0.0.202105311346/tools/bin/../lib/gcc/arm-none-eabi/9.3.1/../../../../arm-none-eabi/lib/thumb/v7e-m+fp/hard\libc_nano.a(lib_a-findfp.o)
                0x000000000800ab90                __sfmoreglue
 .text.__sfp_lock_acquire
                0x000000000800abbc        0xc c:/st/stm32cubeide_1.7.0/stm32cubeide/plugins/com.st.stm32cube.ide.mcu.externaltools.gnu-tools-for-stm32.9-2020-q2-update.win32_2.0.0.202105311346/tools/bin/../lib/gcc/arm-none-eabi/9.3.1/../../../../arm-none-eabi/lib/thumb/v7e-m+fp/hard\libc_nano.a(lib_a-findfp.o)
                0x000000000800abbc                __sfp_lock_acquire
 .text.__sfp_lock_release
                0x000000000800abc8        0xc c:/st/stm32cubeide_1.7.0/stm32cubeide/plugins/com.st.stm32cube.ide.mcu.externaltools.gnu-tools-for-stm32.9-2020-q2-update.win32_2.0.0.202105311346/tools/bin/../lib/gcc/arm-none-eabi/9.3.1/../../../../arm-none-eabi/lib/thumb/v7e-m+fp/hard\libc_nano.a(lib_a-findfp.o)
                0x000000000800abc8                __sfp_lock_release
 .text.__sinit_lock_acquire
                0x000000000800abd4        0xc c:/st/stm32cubeide_1.7.0/stm32cubeide/plugins/com.st.stm32cube.ide.mcu.externaltools.gnu-tools-for-stm32.9-2020-q2-update.win32_2.0.0.202105311346/tools/bin/../lib/gcc/arm-none-eabi/9.3.1/../../../../arm-none-eabi/lib/thumb/v7e-m+fp/hard\libc_nano.a(lib_a-findfp.o)
                0x000000000800abd4                __sinit_lock_acquire
 .text.__sinit_lock_release
                0x000000000800abe0        0xc c:/st/stm32cubeide_1.7.0/stm32cubeide/plugins/com.st.stm32cube.ide.mcu.externaltools.gnu-tools-for-stm32.9-2020-q2-update.win32_2.0.0.202105311346/tools/bin/../lib/gcc/arm-none-eabi/9.3.1/../../../../arm-none-eabi/lib/thumb/v7e-m+fp/hard\libc_nano.a(lib_a-findfp.o)
                0x000000000800abe0                __sinit_lock_release
 .text.__sinit  0x000000000800abec       0x70 c:/st/stm32cubeide_1.7.0/stm32cubeide/plugins/com.st.stm32cube.ide.mcu.externaltools.gnu-tools-for-stm32.9-2020-q2-update.win32_2.0.0.202105311346/tools/bin/../lib/gcc/arm-none-eabi/9.3.1/../../../../arm-none-eabi/lib/thumb/v7e-m+fp/hard\libc_nano.a(lib_a-findfp.o)
                0x000000000800abec                __sinit
 .text.__sfp    0x000000000800ac5c       0x8c c:/st/stm32cubeide_1.7.0/stm32cubeide/plugins/com.st.stm32cube.ide.mcu.externaltools.gnu-tools-for-stm32.9-2020-q2-update.win32_2.0.0.202105311346/tools/bin/../lib/gcc/arm-none-eabi/9.3.1/../../../../arm-none-eabi/lib/thumb/v7e-m+fp/hard\libc_nano.a(lib_a-findfp.o)
                0x000000000800ac5c                __sfp
 .text._fwalk_reent
                0x000000000800ace8       0x3e c:/st/stm32cubeide_1.7.0/stm32cubeide/plugins/com.st.stm32cube.ide.mcu.externaltools.gnu-tools-for-stm32.9-2020-q2-update.win32_2.0.0.202105311346/tools/bin/../lib/gcc/arm-none-eabi/9.3.1/../../../../arm-none-eabi/lib/thumb/v7e-m+fp/hard\libc_nano.a(lib_a-fwalk.o)
                0x000000000800ace8                _fwalk_reent
 .text.__retarget_lock_init_recursive
                0x000000000800ad26        0x2 c:/st/stm32cubeide_1.7.0/stm32cubeide/plugins/com.st.stm32cube.ide.mcu.externaltools.gnu-tools-for-stm32.9-2020-q2-update.win32_2.0.0.202105311346/tools/bin/../lib/gcc/arm-none-eabi/9.3.1/../../../../arm-none-eabi/lib/thumb/v7e-m+fp/hard\libc_nano.a(lib_a-lock.o)
                0x000000000800ad26                __retarget_lock_init_recursive
 .text.__retarget_lock_acquire_recursive
                0x000000000800ad28        0x2 c:/st/stm32cubeide_1.7.0/stm32cubeide/plugins/com.st.stm32cube.ide.mcu.externaltools.gnu-tools-for-stm32.9-2020-q2-update.win32_2.0.0.202105311346/tools/bin/../lib/gcc/arm-none-eabi/9.3.1/../../../../arm-none-eabi/lib/thumb/v7e-m+fp/hard\libc_nano.a(lib_a-lock.o)
                0x000000000800ad28                __retarget_lock_acquire_recursive
 .text.__retarget_lock_release_recursive
                0x000000000800ad2a        0x2 c:/st/stm32cubeide_1.7.0/stm32cubeide/plugins/com.st.stm32cube.ide.mcu.externaltools.gnu-tools-for-stm32.9-2020-q2-update.win32_2.0.0.202105311346/tools/bin/../lib/gcc/arm-none-eabi/9.3.1/../../../../arm-none-eabi/lib/thumb/v7e-m+fp/hard\libc_nano.a(lib_a-lock.o)
                0x000000000800ad2a                __retarget_lock_release_recursive
 .text._malloc_r
                0x000000000800ad2c       0xb4 c:/st/stm32cubeide_1.7.0/stm32cubeide/plugins/com.st.stm32cube.ide.mcu.externaltools.gnu-tools-for-stm32.9-2020-q2-update.win32_2.0.0.202105311346/tools/bin/../lib/gcc/arm-none-eabi/9.3.1/../../../../arm-none-eabi/lib/thumb/v7e-m+fp/hard\libc_nano.a(lib_a-nano-mallocr.o)
                0x000000000800ad2c                _malloc_r
 .text.__sfputc_r
                0x000000000800ade0       0x2e c:/st/stm32cubeide_1.7.0/stm32cubeide/plugins/com.st.stm32cube.ide.mcu.externaltools.gnu-tools-for-stm32.9-2020-q2-update.win32_2.0.0.202105311346/tools/bin/../lib/gcc/arm-none-eabi/9.3.1/../../../../arm-none-eabi/lib/thumb/v7e-m+fp/hard\libc_nano.a(lib_a-nano-vfprintf.o)
 .text.__sfputs_r
                0x000000000800ae0e       0x24 c:/st/stm32cubeide_1.7.0/stm32cubeide/plugins/com.st.stm32cube.ide.mcu.externaltools.gnu-tools-for-stm32.9-2020-q2-update.win32_2.0.0.202105311346/tools/bin/../lib/gcc/arm-none-eabi/9.3.1/../../../../arm-none-eabi/lib/thumb/v7e-m+fp/hard\libc_nano.a(lib_a-nano-vfprintf.o)
                0x000000000800ae0e                __sfputs_r
 *fill*         0x000000000800ae32        0x2 
 .text._vfprintf_r
                0x000000000800ae34      0x260 c:/st/stm32cubeide_1.7.0/stm32cubeide/plugins/com.st.stm32cube.ide.mcu.externaltools.gnu-tools-for-stm32.9-2020-q2-update.win32_2.0.0.202105311346/tools/bin/../lib/gcc/arm-none-eabi/9.3.1/../../../../arm-none-eabi/lib/thumb/v7e-m+fp/hard\libc_nano.a(lib_a-nano-vfprintf.o)
                0x000000000800ae34                _vfprintf_r
                0x000000000800ae34                _vfiprintf_r
 .text._printf_common
                0x000000000800b094       0xda c:/st/stm32cubeide_1.7.0/stm32cubeide/plugins/com.st.stm32cube.ide.mcu.externaltools.gnu-tools-for-stm32.9-2020-q2-update.win32_2.0.0.202105311346/tools/bin/../lib/gcc/arm-none-eabi/9.3.1/../../../../arm-none-eabi/lib/thumb/v7e-m+fp/hard\libc_nano.a(lib_a-nano-vfprintf_i.o)
                0x000000000800b094                _printf_common
 *fill*         0x000000000800b16e        0x2 
 .text._printf_i
                0x000000000800b170      0x24c c:/st/stm32cubeide_1.7.0/stm32cubeide/plugins/com.st.stm32cube.ide.mcu.externaltools.gnu-tools-for-stm32.9-2020-q2-update.win32_2.0.0.202105311346/tools/bin/../lib/gcc/arm-none-eabi/9.3.1/../../../../arm-none-eabi/lib/thumb/v7e-m+fp/hard\libc_nano.a(lib_a-nano-vfprintf_i.o)
                0x000000000800b170                _printf_i
 .text._putc_r  0x000000000800b3bc       0x90 c:/st/stm32cubeide_1.7.0/stm32cubeide/plugins/com.st.stm32cube.ide.mcu.externaltools.gnu-tools-for-stm32.9-2020-q2-update.win32_2.0.0.202105311346/tools/bin/../lib/gcc/arm-none-eabi/9.3.1/../../../../arm-none-eabi/lib/thumb/v7e-m+fp/hard\libc_nano.a(lib_a-putc.o)
                0x000000000800b3bc                _putc_r
 .text._sbrk_r  0x000000000800b44c       0x20 c:/st/stm32cubeide_1.7.0/stm32cubeide/plugins/com.st.stm32cube.ide.mcu.externaltools.gnu-tools-for-stm32.9-2020-q2-update.win32_2.0.0.202105311346/tools/bin/../lib/gcc/arm-none-eabi/9.3.1/../../../../arm-none-eabi/lib/thumb/v7e-m+fp/hard\libc_nano.a(lib_a-sbrkr.o)
                0x000000000800b44c                _sbrk_r
 .text.__sread  0x000000000800b46c       0x22 c:/st/stm32cubeide_1.7.0/stm32cubeide/plugins/com.st.stm32cube.ide.mcu.externaltools.gnu-tools-for-stm32.9-2020-q2-update.win32_2.0.0.202105311346/tools/bin/../lib/gcc/arm-none-eabi/9.3.1/../../../../arm-none-eabi/lib/thumb/v7e-m+fp/hard\libc_nano.a(lib_a-stdio.o)
                0x000000000800b46c                __sread
 .text.__swrite
                0x000000000800b48e       0x38 c:/st/stm32cubeide_1.7.0/stm32cubeide/plugins/com.st.stm32cube.ide.mcu.externaltools.gnu-tools-for-stm32.9-2020-q2-update.win32_2.0.0.202105311346/tools/bin/../lib/gcc/arm-none-eabi/9.3.1/../../../../arm-none-eabi/lib/thumb/v7e-m+fp/hard\libc_nano.a(lib_a-stdio.o)
                0x000000000800b48e                __swrite
 .text.__sseek  0x000000000800b4c6       0x24 c:/st/stm32cubeide_1.7.0/stm32cubeide/plugins/com.st.stm32cube.ide.mcu.externaltools.gnu-tools-for-stm32.9-2020-q2-update.win32_2.0.0.202105311346/tools/bin/../lib/gcc/arm-none-eabi/9.3.1/../../../../arm-none-eabi/lib/thumb/v7e-m+fp/hard\libc_nano.a(lib_a-stdio.o)
                0x000000000800b4c6                __sseek
 .text.__sclose
                0x000000000800b4ea        0x8 c:/st/stm32cubeide_1.7.0/stm32cubeide/plugins/com.st.stm32cube.ide.mcu.externaltools.gnu-tools-for-stm32.9-2020-q2-update.win32_2.0.0.202105311346/tools/bin/../lib/gcc/arm-none-eabi/9.3.1/../../../../arm-none-eabi/lib/thumb/v7e-m+fp/hard\libc_nano.a(lib_a-stdio.o)
                0x000000000800b4ea                __sclose
 *fill*         0x000000000800b4f2        0x2 
 .text.__swbuf_r
                0x000000000800b4f4       0xa4 c:/st/stm32cubeide_1.7.0/stm32cubeide/plugins/com.st.stm32cube.ide.mcu.externaltools.gnu-tools-for-stm32.9-2020-q2-update.win32_2.0.0.202105311346/tools/bin/../lib/gcc/arm-none-eabi/9.3.1/../../../../arm-none-eabi/lib/thumb/v7e-m+fp/hard\libc_nano.a(lib_a-wbuf.o)
                0x000000000800b4f4                __swbuf_r
 .text._write_r
                0x000000000800b598       0x24 c:/st/stm32cubeide_1.7.0/stm32cubeide/plugins/com.st.stm32cube.ide.mcu.externaltools.gnu-tools-for-stm32.9-2020-q2-update.win32_2.0.0.202105311346/tools/bin/../lib/gcc/arm-none-eabi/9.3.1/../../../../arm-none-eabi/lib/thumb/v7e-m+fp/hard\libc_nano.a(lib_a-writer.o)
                0x000000000800b598                _write_r
 .text.__swsetup_r
                0x000000000800b5bc       0xdc c:/st/stm32cubeide_1.7.0/stm32cubeide/plugins/com.st.stm32cube.ide.mcu.externaltools.gnu-tools-for-stm32.9-2020-q2-update.win32_2.0.0.202105311346/tools/bin/../lib/gcc/arm-none-eabi/9.3.1/../../../../arm-none-eabi/lib/thumb/v7e-m+fp/hard\libc_nano.a(lib_a-wsetup.o)
                0x000000000800b5bc                __swsetup_r
 .text._close_r
                0x000000000800b698       0x20 c:/st/stm32cubeide_1.7.0/stm32cubeide/plugins/com.st.stm32cube.ide.mcu.externaltools.gnu-tools-for-stm32.9-2020-q2-update.win32_2.0.0.202105311346/tools/bin/../lib/gcc/arm-none-eabi/9.3.1/../../../../arm-none-eabi/lib/thumb/v7e-m+fp/hard\libc_nano.a(lib_a-closer.o)
                0x000000000800b698                _close_r
 .text.__sflush_r
                0x000000000800b6b8      0x10c c:/st/stm32cubeide_1.7.0/stm32cubeide/plugins/com.st.stm32cube.ide.mcu.externaltools.gnu-tools-for-stm32.9-2020-q2-update.win32_2.0.0.202105311346/tools/bin/../lib/gcc/arm-none-eabi/9.3.1/../../../../arm-none-eabi/lib/thumb/v7e-m+fp/hard\libc_nano.a(lib_a-fflush.o)
                0x000000000800b6b8                __sflush_r
 .text._fflush_r
                0x000000000800b7c4       0x78 c:/st/stm32cubeide_1.7.0/stm32cubeide/plugins/com.st.stm32cube.ide.mcu.externaltools.gnu-tools-for-stm32.9-2020-q2-update.win32_2.0.0.202105311346/tools/bin/../lib/gcc/arm-none-eabi/9.3.1/../../../../arm-none-eabi/lib/thumb/v7e-m+fp/hard\libc_nano.a(lib_a-fflush.o)
                0x000000000800b7c4                _fflush_r
 .text._lseek_r
                0x000000000800b83c       0x24 c:/st/stm32cubeide_1.7.0/stm32cubeide/plugins/com.st.stm32cube.ide.mcu.externaltools.gnu-tools-for-stm32.9-2020-q2-update.win32_2.0.0.202105311346/tools/bin/../lib/gcc/arm-none-eabi/9.3.1/../../../../arm-none-eabi/lib/thumb/v7e-m+fp/hard\libc_nano.a(lib_a-lseekr.o)
                0x000000000800b83c                _lseek_r
 .text.__swhatbuf_r
                0x000000000800b860       0x48 c:/st/stm32cubeide_1.7.0/stm32cubeide/plugins/com.st.stm32cube.ide.mcu.externaltools.gnu-tools-for-stm32.9-2020-q2-update.win32_2.0.0.202105311346/tools/bin/../lib/gcc/arm-none-eabi/9.3.1/../../../../arm-none-eabi/lib/thumb/v7e-m+fp/hard\libc_nano.a(lib_a-makebuf.o)
                0x000000000800b860                __swhatbuf_r
 .text.__smakebuf_r
                0x000000000800b8a8       0x80 c:/st/stm32cubeide_1.7.0/stm32cubeide/plugins/com.st.stm32cube.ide.mcu.externaltools.gnu-tools-for-stm32.9-2020-q2-update.win32_2.0.0.202105311346/tools/bin/../lib/gcc/arm-none-eabi/9.3.1/../../../../arm-none-eabi/lib/thumb/v7e-m+fp/hard\libc_nano.a(lib_a-makebuf.o)
                0x000000000800b8a8                __smakebuf_r
 .text.__malloc_lock
                0x000000000800b928        0xc c:/st/stm32cubeide_1.7.0/stm32cubeide/plugins/com.st.stm32cube.ide.mcu.externaltools.gnu-tools-for-stm32.9-2020-q2-update.win32_2.0.0.202105311346/tools/bin/../lib/gcc/arm-none-eabi/9.3.1/../../../../arm-none-eabi/lib/thumb/v7e-m+fp/hard\libc_nano.a(lib_a-mlock.o)
                0x000000000800b928                __malloc_lock
 .text.__malloc_unlock
                0x000000000800b934        0xc c:/st/stm32cubeide_1.7.0/stm32cubeide/plugins/com.st.stm32cube.ide.mcu.externaltools.gnu-tools-for-stm32.9-2020-q2-update.win32_2.0.0.202105311346/tools/bin/../lib/gcc/arm-none-eabi/9.3.1/../../../../arm-none-eabi/lib/thumb/v7e-m+fp/hard\libc_nano.a(lib_a-mlock.o)
                0x000000000800b934                __malloc_unlock
 .text._free_r  0x000000000800b940       0xa0 c:/st/stm32cubeide_1.7.0/stm32cubeide/plugins/com.st.stm32cube.ide.mcu.externaltools.gnu-tools-for-stm32.9-2020-q2-update.win32_2.0.0.202105311346/tools/bin/../lib/gcc/arm-none-eabi/9.3.1/../../../../arm-none-eabi/lib/thumb/v7e-m+fp/hard\libc_nano.a(lib_a-nano-freer.o)
                0x000000000800b940                _free_r
 .text._read_r  0x000000000800b9e0       0x24 c:/st/stm32cubeide_1.7.0/stm32cubeide/plugins/com.st.stm32cube.ide.mcu.externaltools.gnu-tools-for-stm32.9-2020-q2-update.win32_2.0.0.202105311346/tools/bin/../lib/gcc/arm-none-eabi/9.3.1/../../../../arm-none-eabi/lib/thumb/v7e-m+fp/hard\libc_nano.a(lib_a-readr.o)
                0x000000000800b9e0                _read_r
 .text._fstat_r
                0x000000000800ba04       0x24 c:/st/stm32cubeide_1.7.0/stm32cubeide/plugins/com.st.stm32cube.ide.mcu.externaltools.gnu-tools-for-stm32.9-2020-q2-update.win32_2.0.0.202105311346/tools/bin/../lib/gcc/arm-none-eabi/9.3.1/../../../../arm-none-eabi/lib/thumb/v7e-m+fp/hard\libc_nano.a(lib_a-fstatr.o)
                0x000000000800ba04                _fstat_r
 .text._isatty_r
                0x000000000800ba28       0x20 c:/st/stm32cubeide_1.7.0/stm32cubeide/plugins/com.st.stm32cube.ide.mcu.externaltools.gnu-tools-for-stm32.9-2020-q2-update.win32_2.0.0.202105311346/tools/bin/../lib/gcc/arm-none-eabi/9.3.1/../../../../arm-none-eabi/lib/thumb/v7e-m+fp/hard\libc_nano.a(lib_a-isattyr.o)
                0x000000000800ba28                _isatty_r
 .text.atan     0x000000000800ba48      0x340 c:/st/stm32cubeide_1.7.0/stm32cubeide/plugins/com.st.stm32cube.ide.mcu.externaltools.gnu-tools-for-stm32.9-2020-q2-update.win32_2.0.0.202105311346/tools/bin/../lib/gcc/arm-none-eabi/9.3.1/../../../../arm-none-eabi/lib/thumb/v7e-m+fp/hard\libm.a(lib_a-s_atan.o)
                0x000000000800ba48                atan
 .text.fabs     0x000000000800bd88       0x12 c:/st/stm32cubeide_1.7.0/stm32cubeide/plugins/com.st.stm32cube.ide.mcu.externaltools.gnu-tools-for-stm32.9-2020-q2-update.win32_2.0.0.202105311346/tools/bin/../lib/gcc/arm-none-eabi/9.3.1/../../../../arm-none-eabi/lib/thumb/v7e-m+fp/hard\libm.a(lib_a-s_fabs.o)
                0x000000000800bd88                fabs
 *fill*         0x000000000800bd9a        0x2 
 .text.round    0x000000000800bd9c       0x8c c:/st/stm32cubeide_1.7.0/stm32cubeide/plugins/com.st.stm32cube.ide.mcu.externaltools.gnu-tools-for-stm32.9-2020-q2-update.win32_2.0.0.202105311346/tools/bin/../lib/gcc/arm-none-eabi/9.3.1/../../../../arm-none-eabi/lib/thumb/v7e-m+fp/hard\libm.a(lib_a-s_round.o)
                0x000000000800bd9c                round
 .text.pow      0x000000000800be28      0x15c c:/st/stm32cubeide_1.7.0/stm32cubeide/plugins/com.st.stm32cube.ide.mcu.externaltools.gnu-tools-for-stm32.9-2020-q2-update.win32_2.0.0.202105311346/tools/bin/../lib/gcc/arm-none-eabi/9.3.1/../../../../arm-none-eabi/lib/thumb/v7e-m+fp/hard\libm.a(lib_a-w_pow.o)
                0x000000000800be28                pow
 *fill*         0x000000000800bf84        0x4 
 .text.__ieee754_pow
                0x000000000800bf88      0xa44 c:/st/stm32cubeide_1.7.0/stm32cubeide/plugins/com.st.stm32cube.ide.mcu.externaltools.gnu-tools-for-stm32.9-2020-q2-update.win32_2.0.0.202105311346/tools/bin/../lib/gcc/arm-none-eabi/9.3.1/../../../../arm-none-eabi/lib/thumb/v7e-m+fp/hard\libm.a(lib_a-e_pow.o)
                0x000000000800bf88                __ieee754_pow
 .text.__ieee754_sqrt
                0x000000000800c9cc      0x168 c:/st/stm32cubeide_1.7.0/stm32cubeide/plugins/com.st.stm32cube.ide.mcu.externaltools.gnu-tools-for-stm32.9-2020-q2-update.win32_2.0.0.202105311346/tools/bin/../lib/gcc/arm-none-eabi/9.3.1/../../../../arm-none-eabi/lib/thumb/v7e-m+fp/hard\libm.a(lib_a-e_sqrt.o)
                0x000000000800c9cc                __ieee754_sqrt
 .text.finite   0x000000000800cb34       0x16 c:/st/stm32cubeide_1.7.0/stm32cubeide/plugins/com.st.stm32cube.ide.mcu.externaltools.gnu-tools-for-stm32.9-2020-q2-update.win32_2.0.0.202105311346/tools/bin/../lib/gcc/arm-none-eabi/9.3.1/../../../../arm-none-eabi/lib/thumb/v7e-m+fp/hard\libm.a(lib_a-s_finite.o)
                0x000000000800cb34                finite
 *fill*         0x000000000800cb4a        0x6 
 .text.nan      0x000000000800cb50       0x10 c:/st/stm32cubeide_1.7.0/stm32cubeide/plugins/com.st.stm32cube.ide.mcu.externaltools.gnu-tools-for-stm32.9-2020-q2-update.win32_2.0.0.202105311346/tools/bin/../lib/gcc/arm-none-eabi/9.3.1/../../../../arm-none-eabi/lib/thumb/v7e-m+fp/hard\libm.a(lib_a-s_nan.o)
                0x000000000800cb50                nan
 .text.rint     0x000000000800cb60      0x114 c:/st/stm32cubeide_1.7.0/stm32cubeide/plugins/com.st.stm32cube.ide.mcu.externaltools.gnu-tools-for-stm32.9-2020-q2-update.win32_2.0.0.202105311346/tools/bin/../lib/gcc/arm-none-eabi/9.3.1/../../../../arm-none-eabi/lib/thumb/v7e-m+fp/hard\libm.a(lib_a-s_rint.o)
                0x000000000800cb60                rint
 *fill*         0x000000000800cc74        0x4 
 .text.scalbn   0x000000000800cc78      0x10c c:/st/stm32cubeide_1.7.0/stm32cubeide/plugins/com.st.stm32cube.ide.mcu.externaltools.gnu-tools-for-stm32.9-2020-q2-update.win32_2.0.0.202105311346/tools/bin/../lib/gcc/arm-none-eabi/9.3.1/../../../../arm-none-eabi/lib/thumb/v7e-m+fp/hard\libm.a(lib_a-s_scalbn.o)
                0x000000000800cc78                scalbn
 *(.glue_7)
 .glue_7        0x000000000800cd84        0x0 linker stubs
 *(.glue_7t)
 .glue_7t       0x000000000800cd84        0x0 linker stubs
 *(.eh_frame)
 .eh_frame      0x000000000800cd84        0x0 c:/st/stm32cubeide_1.7.0/stm32cubeide/plugins/com.st.stm32cube.ide.mcu.externaltools.gnu-tools-for-stm32.9-2020-q2-update.win32_2.0.0.202105311346/tools/bin/../lib/gcc/arm-none-eabi/9.3.1/thumb/v7e-m+fp/hard/crtbegin.o
 *(.init)
 .init          0x000000000800cd84        0x4 c:/st/stm32cubeide_1.7.0/stm32cubeide/plugins/com.st.stm32cube.ide.mcu.externaltools.gnu-tools-for-stm32.9-2020-q2-update.win32_2.0.0.202105311346/tools/bin/../lib/gcc/arm-none-eabi/9.3.1/thumb/v7e-m+fp/hard/crti.o
                0x000000000800cd84                _init
 .init          0x000000000800cd88        0x8 c:/st/stm32cubeide_1.7.0/stm32cubeide/plugins/com.st.stm32cube.ide.mcu.externaltools.gnu-tools-for-stm32.9-2020-q2-update.win32_2.0.0.202105311346/tools/bin/../lib/gcc/arm-none-eabi/9.3.1/thumb/v7e-m+fp/hard/crtn.o
 *(.fini)
 .fini          0x000000000800cd90        0x4 c:/st/stm32cubeide_1.7.0/stm32cubeide/plugins/com.st.stm32cube.ide.mcu.externaltools.gnu-tools-for-stm32.9-2020-q2-update.win32_2.0.0.202105311346/tools/bin/../lib/gcc/arm-none-eabi/9.3.1/thumb/v7e-m+fp/hard/crti.o
                0x000000000800cd90                _fini
 .fini          0x000000000800cd94        0x8 c:/st/stm32cubeide_1.7.0/stm32cubeide/plugins/com.st.stm32cube.ide.mcu.externaltools.gnu-tools-for-stm32.9-2020-q2-update.win32_2.0.0.202105311346/tools/bin/../lib/gcc/arm-none-eabi/9.3.1/thumb/v7e-m+fp/hard/crtn.o
                0x000000000800cd9c                . = ALIGN (0x4)
                0x000000000800cd9c                _etext = .

.vfp11_veneer   0x000000000800cd9c        0x0
 .vfp11_veneer  0x000000000800cd9c        0x0 linker stubs

.v4_bx          0x000000000800cd9c        0x0
 .v4_bx         0x000000000800cd9c        0x0 linker stubs

.iplt           0x000000000800cd9c        0x0
 .iplt          0x000000000800cd9c        0x0 c:/st/stm32cubeide_1.7.0/stm32cubeide/plugins/com.st.stm32cube.ide.mcu.externaltools.gnu-tools-for-stm32.9-2020-q2-update.win32_2.0.0.202105311346/tools/bin/../lib/gcc/arm-none-eabi/9.3.1/thumb/v7e-m+fp/hard/crtbegin.o

.rodata         0x000000000800cda0      0x180
                0x000000000800cda0                . = ALIGN (0x4)
 *(.rodata)
 .rodata        0x000000000800cda0       0x35 ./Middlewares/ST/STM32_USB_Device_Library/Core/Src/usbd_core.o
 *fill*         0x000000000800cdd5        0x3 
 .rodata        0x000000000800cdd8       0x12 ./USB_DEVICE/App/usbd_desc.o
 *(.rodata*)
 *fill*         0x000000000800cdea        0x2 
 .rodata.AHBPrescTable
                0x000000000800cdec       0x10 ./Core/Src/system_stm32f4xx.o
                0x000000000800cdec                AHBPrescTable
 .rodata.APBPrescTable
                0x000000000800cdfc        0x8 ./Core/Src/system_stm32f4xx.o
                0x000000000800cdfc                APBPrescTable
 .rodata._global_impure_ptr
                0x000000000800ce04        0x4 c:/st/stm32cubeide_1.7.0/stm32cubeide/plugins/com.st.stm32cube.ide.mcu.externaltools.gnu-tools-for-stm32.9-2020-q2-update.win32_2.0.0.202105311346/tools/bin/../lib/gcc/arm-none-eabi/9.3.1/../../../../arm-none-eabi/lib/thumb/v7e-m+fp/hard\libc_nano.a(lib_a-impure.o)
                0x000000000800ce04                _global_impure_ptr
 .rodata.__sf_fake_stderr
                0x000000000800ce08       0x20 c:/st/stm32cubeide_1.7.0/stm32cubeide/plugins/com.st.stm32cube.ide.mcu.externaltools.gnu-tools-for-stm32.9-2020-q2-update.win32_2.0.0.202105311346/tools/bin/../lib/gcc/arm-none-eabi/9.3.1/../../../../arm-none-eabi/lib/thumb/v7e-m+fp/hard\libc_nano.a(lib_a-findfp.o)
                0x000000000800ce08                __sf_fake_stderr
 .rodata.__sf_fake_stdin
                0x000000000800ce28       0x20 c:/st/stm32cubeide_1.7.0/stm32cubeide/plugins/com.st.stm32cube.ide.mcu.externaltools.gnu-tools-for-stm32.9-2020-q2-update.win32_2.0.0.202105311346/tools/bin/../lib/gcc/arm-none-eabi/9.3.1/../../../../arm-none-eabi/lib/thumb/v7e-m+fp/hard\libc_nano.a(lib_a-findfp.o)
                0x000000000800ce28                __sf_fake_stdin
 .rodata.__sf_fake_stdout
                0x000000000800ce48       0x20 c:/st/stm32cubeide_1.7.0/stm32cubeide/plugins/com.st.stm32cube.ide.mcu.externaltools.gnu-tools-for-stm32.9-2020-q2-update.win32_2.0.0.202105311346/tools/bin/../lib/gcc/arm-none-eabi/9.3.1/../../../../arm-none-eabi/lib/thumb/v7e-m+fp/hard\libc_nano.a(lib_a-findfp.o)
                0x000000000800ce48                __sf_fake_stdout
 .rodata._vfprintf_r.str1.1
                0x000000000800ce68       0x11 c:/st/stm32cubeide_1.7.0/stm32cubeide/plugins/com.st.stm32cube.ide.mcu.externaltools.gnu-tools-for-stm32.9-2020-q2-update.win32_2.0.0.202105311346/tools/bin/../lib/gcc/arm-none-eabi/9.3.1/../../../../arm-none-eabi/lib/thumb/v7e-m+fp/hard\libc_nano.a(lib_a-nano-vfprintf.o)
 .rodata._printf_i.str1.1
                0x000000000800ce79       0x22 c:/st/stm32cubeide_1.7.0/stm32cubeide/plugins/com.st.stm32cube.ide.mcu.externaltools.gnu-tools-for-stm32.9-2020-q2-update.win32_2.0.0.202105311346/tools/bin/../lib/gcc/arm-none-eabi/9.3.1/../../../../arm-none-eabi/lib/thumb/v7e-m+fp/hard\libc_nano.a(lib_a-nano-vfprintf_i.o)
 *fill*         0x000000000800ce9b        0x5 
 .rodata.atanhi
                0x000000000800cea0       0x20 c:/st/stm32cubeide_1.7.0/stm32cubeide/plugins/com.st.stm32cube.ide.mcu.externaltools.gnu-tools-for-stm32.9-2020-q2-update.win32_2.0.0.202105311346/tools/bin/../lib/gcc/arm-none-eabi/9.3.1/../../../../arm-none-eabi/lib/thumb/v7e-m+fp/hard\libm.a(lib_a-s_atan.o)
 .rodata.atanlo
                0x000000000800cec0       0x20 c:/st/stm32cubeide_1.7.0/stm32cubeide/plugins/com.st.stm32cube.ide.mcu.externaltools.gnu-tools-for-stm32.9-2020-q2-update.win32_2.0.0.202105311346/tools/bin/../lib/gcc/arm-none-eabi/9.3.1/../../../../arm-none-eabi/lib/thumb/v7e-m+fp/hard\libm.a(lib_a-s_atan.o)
 .rodata.__ieee754_pow.str1.1
                0x000000000800cee0       0x22 c:/st/stm32cubeide_1.7.0/stm32cubeide/plugins/com.st.stm32cube.ide.mcu.externaltools.gnu-tools-for-stm32.9-2020-q2-update.win32_2.0.0.202105311346/tools/bin/../lib/gcc/arm-none-eabi/9.3.1/../../../../arm-none-eabi/lib/thumb/v7e-m+fp/hard\libm.a(lib_a-e_pow.o)
                                          0x1 (size before relaxing)
 .rodata.bp     0x000000000800cee0       0x10 c:/st/stm32cubeide_1.7.0/stm32cubeide/plugins/com.st.stm32cube.ide.mcu.externaltools.gnu-tools-for-stm32.9-2020-q2-update.win32_2.0.0.202105311346/tools/bin/../lib/gcc/arm-none-eabi/9.3.1/../../../../arm-none-eabi/lib/thumb/v7e-m+fp/hard\libm.a(lib_a-e_pow.o)
 .rodata.dp_h   0x000000000800cef0       0x10 c:/st/stm32cubeide_1.7.0/stm32cubeide/plugins/com.st.stm32cube.ide.mcu.externaltools.gnu-tools-for-stm32.9-2020-q2-update.win32_2.0.0.202105311346/tools/bin/../lib/gcc/arm-none-eabi/9.3.1/../../../../arm-none-eabi/lib/thumb/v7e-m+fp/hard\libm.a(lib_a-e_pow.o)
 .rodata.dp_l   0x000000000800cf00       0x10 c:/st/stm32cubeide_1.7.0/stm32cubeide/plugins/com.st.stm32cube.ide.mcu.externaltools.gnu-tools-for-stm32.9-2020-q2-update.win32_2.0.0.202105311346/tools/bin/../lib/gcc/arm-none-eabi/9.3.1/../../../../arm-none-eabi/lib/thumb/v7e-m+fp/hard\libm.a(lib_a-e_pow.o)