Archive member included to satisfy reference by file (symbol)

c:/st/stm32cubeide_1.7.0/stm32cubeide/plugins/com.st.stm32cube.ide.mcu.externaltools.gnu-tools-for-stm32.9-2020-q2-update.win32_2.0.0.202105311346/tools/bin/../lib/gcc/arm-none-eabi/9.3.1/../../../../arm-none-eabi/lib/thumb/v7e-m+fp/hard\libc_nano.a(lib_a-errno.o)
                              ./Core/Src/syscalls.o (__errno)
c:/st/stm32cubeide_1.7.0/stm32cubeide/plugins/com.st.stm32cube.ide.mcu.externaltools.gnu-tools-for-stm32.9-2020-q2-update.win32_2.0.0.202105311346/tools/bin/../lib/gcc/arm-none-eabi/9.3.1/../../../../arm-none-eabi/lib/thumb/v7e-m+fp/hard\libc_nano.a(lib_a-exit.o)
                              c:/st/stm32cubeide_1.7.0/stm32cubeide/plugins/com.st.stm32cube.ide.mcu.externaltools.gnu-tools-for-stm32.9-2020-q2-update.win32_2.0.0.202105311346/tools/bin/../lib/gcc/arm-none-eabi/9.3.1/../../../../arm-none-eabi/lib/thumb/v7e-m+fp/hard/crt0.o (exit)
c:/st/stm32cubeide_1.7.0/stm32cubeide/plugins/com.st.stm32cube.ide.mcu.externaltools.gnu-tools-for-stm32.9-2020-q2-update.win32_2.0.0.202105311346/tools/bin/../lib/gcc/arm-none-eabi/9.3.1/../../../../arm-none-eabi/lib/thumb/v7e-m+fp/hard\libc_nano.a(lib_a-impure.o)
                              c:/st/stm32cubeide_1.7.0/stm32cubeide/plugins/com.st.stm32cube.ide.mcu.externaltools.gnu-tools-for-stm32.9-2020-q2-update.win32_2.0.0.202105311346/tools/bin/../lib/gcc/arm-none-eabi/9.3.1/../../../../arm-none-eabi/lib/thumb/v7e-m+fp/hard\libc_nano.a(lib_a-exit.o) (_global_impure_ptr)
c:/st/stm32cubeide_1.7.0/stm32cubeide/plugins/com.st.stm32cube.ide.mcu.externaltools.gnu-tools-for-stm32.9-2020-q2-update.win32_2.0.0.202105311346/tools/bin/../lib/gcc/arm-none-eabi/9.3.1/../../../../arm-none-eabi/lib/thumb/v7e-m+fp/hard\libc_nano.a(lib_a-init.o)
                              c:/st/stm32cubeide_1.7.0/stm32cubeide/plugins/com.st.stm32cube.ide.mcu.externaltools.gnu-tools-for-stm32.9-2020-q2-update.win32_2.0.0.202105311346/tools/bin/../lib/gcc/arm-none-eabi/9.3.1/../../../../arm-none-eabi/lib/thumb/v7e-m+fp/hard/crt0.o (__libc_init_array)
c:/st/stm32cubeide_1.7.0/stm32cubeide/plugins/com.st.stm32cube.ide.mcu.externaltools.gnu-tools-for-stm32.9-2020-q2-update.win32_2.0.0.202105311346/tools/bin/../lib/gcc/arm-none-eabi/9.3.1/../../../../arm-none-eabi/lib/thumb/v7e-m+fp/hard\libc_nano.a(lib_a-memcpy-stub.o)
                              ./Core/Src/CalibrationStore.o (memcpy)
c:/st/stm32cubeide_1.7.0/stm32cubeide/plugins/com.st.stm32cube.ide.mcu.externaltools.gnu-tools-for-stm32.9-2020-q2-update.win32_2.0.0.202105311346/tools/bin/../lib/gcc/arm-none-eabi/9.3.1/../../../../arm-none-eabi/lib/thumb/v7e-m+fp/hard\libc_nano.a(lib_a-memset.o)
                              c:/st/stm32cubeide_1.7.0/stm32cubeide/plugins/com.st.stm32cube.ide.mcu.externaltools.gnu-tools-for-stm32.9-2020-q2-update.win32_2.0.0.202105311346/tools/bin/../lib/gcc/arm-none-eabi/9.3.1/../../../../arm-none-eabi/lib/thumb/v7e-m+fp/hard/crt0.o (memset)
c:/st/stm32cubeide_1.7.0/stm32cubeide/plugins/com.st.stm32cube.ide.mcu.externaltools.gnu-tools-for-stm32.9-2020-q2-update.win32_2.0.0.202105311346/tools/bin/../lib/gcc/arm-none-eabi/9.3.1/../../../../arm-none-eabi/lib/thumb/v7e-m+fp/hard\libc_nano.a(lib_a-printf.o)
                              ./Middlewares/ST/STM32_USB_Device_Library/Core/Src/usbd_core.o (printf)
c:/st/stm32cubeide_1.7.0/stm32cubeide/plugins/com.st.stm32cube.ide.mcu.externaltools.gnu-tools-for-stm32.9-2020-q2-update.win32_2.0.0.202105311346/tools/bin/../lib/gcc/arm-none-eabi/9.3.1/../../../../arm-none-eabi/lib/thumb/v7e-m+fp/hard\libc_nano.a(lib_a-putchar.o)
                              ./Middlewares/ST/STM32_USB_Device_Library/Core/Src/usbd_core.o (putchar)
c:/st/stm32cubeide_1.7.0/stm32cubeide/plugins/com.st.stm32cube.ide.mcu.externaltools.gnu-tools-for-stm32.9-2020-q2-update.win32_2.0.0.202105311346/tools/bin/../lib/gcc/arm-none-eabi/9.3.1/../../../../arm-none-eabi/lib/thumb/v7e-m+fp/hard\libc_nano.a(lib_a-findfp.o)
                              c:/st/stm32cubeide_1.7.0/stm32cubeide/plugins/com.st.stm32cube.ide.mcu.externaltools.gnu-tools-for-stm32.9-2020-q2-update.win32_2.0.0.202105311346/tools/bin/../lib/gcc/arm-none-eabi/9.3.1/../../../../arm-none-eabi/lib/thumb/v7e-m+fp/hard\libc_nano.a(lib_a-printf.o) (__sinit)
c:/st/stm32cubeide_1.7.0/stm32cubeide/plugins/com.st.stm32cube.ide.mcu.externaltools.gnu-tools-for-stm32.9-2020-q2-update.win32_2.0.0.202105311346/tools/bin/../lib/gcc/arm-none-eabi/9.3.1/../../../../arm-none-eabi/lib/thumb/v7e-m+fp/hard\libc_nano.a(lib_a-fwalk.o)
                              c:/st/stm32cubeide_1.7.0/stm32cubeide/plugins/com.st.stm32cube.ide.mcu.externaltools.gnu-tools-for-stm32.9-2020-q2-update.win32_2.0.0.202105311346/tools/bin/../lib/gcc/arm-none-eabi/9.3.1/../../../../arm-none-eabi/lib/thumb/v7e-m+fp/hard\libc_nano.a(lib_a-findfp.o) (_fwalk)
[...]
Memory Configuration

Name             Origin             Length             Attributes
RAM              0x0000000020000000 0x0000000000040000 xrw
FLASH            0x0000000008000000 0x0000000000100000 xr
*default*        0x0000000000000000 0xffffffffffffffff

Linker script and memory map

LOAD c:/st/stm32cubeide_1.7.0/stm32cubeide/plugins/com.st.stm32cube.ide.mcu.externaltools.gnu-tools-for-stm32.9-2020-q2-update.win32_2.0.0.202105311346/tools/bin/../lib/gcc/arm-none-eabi/9.3.1/thumb/v7e-m+fp/hard/crti.o
LOAD c:/st/stm32cubeide_1.7.0/stm32cubeide/plugins/com.st.stm32cube.ide.mcu.externaltools.gnu-tools-for-stm32.9-2020-q2-update.win32_2.0.0.202105311346/tools/bin/../lib/gcc/arm-none-eabi/9.3.1/thumb/v7e-m+fp/hard/crtbegin.o
LOAD c:/st/stm32cubeide_1.7.0/stm32cubeide/plugins/com.st.stm32cube.ide.mcu.externaltools.gnu-tools-for-stm32.9-2020-q2-update.win32_2.0.0.202105311346/tools/bin/../lib/gcc/arm-none-eabi/9.3.1/../../../../arm-none-eabi/lib/thumb/v7e-m+fp/hard/crt0.o
LOAD ./Core/Src/ADS122C04.o
LOAD ./Core/Src/CalibrationStore.o
LOAD ./Core/Src/Leds.o
LOAD ./Core/Src/MLX90393.o
LOAD ./Core/Src/PCAL6524.o
LOAD ./Core/Src/main.o
LOAD ./Core/Src/stm32f4xx_hal_msp.o
LOAD ./Core/Src/stm32f4xx_it.o
LOAD ./Core/Src/syscalls.o
LOAD ./Core/Src/sysmem.o
LOAD ./Core/Src/system_stm32f4xx.o
LOAD ./Core/Startup/startup_stm32f412cgux.o
LOAD ./Drivers/STM32F4xx_HAL_Driver/Src/stm32f4xx_hal.o
LOAD ./Drivers/STM32F4xx_HAL_Driver/Src/stm32f4xx_hal_cortex.o
LOAD ./Drivers/STM32F4xx_HAL_Driver/Src/stm32f4xx_hal_dma.o
LOAD ./Drivers/STM32F4xx_HAL_Driver/Src/stm32f4xx_hal_dma_ex.o
LOAD ./Drivers/STM32F4xx_HAL_Driver/Src/stm32f4xx_hal_exti.o
LOAD ./Drivers/STM32F4xx_HAL_Driver/Src/stm32f4xx_hal_flash.o
LOAD ./Drivers/STM32F4xx_HAL_Driver/Src/stm32f4xx_hal_flash_ex.o
LOAD ./Drivers/STM32F4xx_HAL_Driver/Src/stm32f4xx_hal_flash_ramfunc.o
LOAD ./Drivers/STM32F4xx_HAL_Driver/Src/stm32f4xx_hal_gpio.o
LOAD ./Drivers/STM32F4xx_HAL_Driver/Src/stm32f4xx_hal_i2c.o
LOAD ./Drivers/STM32F4xx_HAL_Driver/Src/stm32f4xx_hal_i2c_ex.o
LOAD ./Drivers/STM32F4xx_HAL_Driver/Src/stm32f4xx_hal_pcd.o
LOAD ./Drivers/STM32F4xx_HAL_Driver/Src/stm32f4xx_hal_pcd_ex.o
LOAD ./Drivers/STM32F4xx_HAL_Driver/Src/stm32f4xx_hal_pwr.o
LOAD ./Drivers/STM32F4xx_HAL_Driver/Src/stm32f4xx_hal_pwr_ex.o
LOAD ./Drivers/STM32F4xx_HAL_Driver/Src/stm32f4xx_hal_rcc.o
LOAD ./Drivers/STM32F4xx_HAL_Driver/Src/stm32f4xx_hal_rcc_ex.o
LOAD ./Drivers/STM32F4xx_HAL_Driver/Src/stm32f4xx_hal_tim.o
LOAD ./Drivers/STM32F4xx_HAL_Driver/Src/stm32f4xx_hal_tim_ex.o
LOAD ./Drivers/STM32F4xx_HAL_Driver/Src/stm32f4xx_ll_usb.o
LOAD ./Middlewares/ST/STM32_USB_Device_Library/Class/CustomHID/Src/usbd_customhid.o
LOAD ./Middlewares/ST/STM32_USB_Device_Library/Core/Src/usbd_core.o
LOAD ./Middlewares/ST/STM32_USB_Device_Library/Core/Src/usbd_ctlreq.o
LOAD ./Middlewares/ST/STM32_USB_Device_Library/Core/Src/usbd_ioreq.o
LOAD ./USB_DEVICE/App/usb_device.o
LOAD ./USB_DEVICE/App/usbd_custom_hid_if.o
LOAD ./USB_DEVICE/App/usbd_desc.o
LOAD ./USB_DEVICE/Target/usbd_conf.o
START GROUP
LOAD c:/st/stm32cubeide_1.7.0/stm32cubeide/plugins/com.st.stm32cube.ide.mcu.externaltools.gnu-tools-for-stm32.9-2020-q2-update.win32_2.0.0.202105311346/tools/bin/../lib/gcc/arm-none-eabi/9.3.1/../../../../arm-none-eabi/lib/thumb/v7e-m+fp/hard\libc_nano.a
LOAD c:/st/stm32cubeide_1.7.0/stm32cubeide/plugins/com.st.stm32cube.ide.mcu.externaltools.gnu-tools-for-stm32.9-2020-q2-update.win32_2.0.0.202105311346/tools/bin/../lib/gcc/arm-none-eabi/9.3.1/../../../../arm-none-eabi/lib/thumb/v7e-m+fp/hard\libm.a
END GROUP
START GROUP
LOAD c:/st/stm32cubeide_1.7.0/stm32cubeide/plugins/com.st.stm32cube.ide.mcu.externaltools.gnu-tools-for-stm32.9-2020-q2-update.win32_2.0.0.202105311346/tools/bin/../lib/gcc/arm-none-eabi/9.3.1/thumb/v7e-m+fp/hard\libgcc.a
LOAD c:/st/stm32cubeide_1.7.0/stm32cubeide/plugins/com.st.stm32cube.ide.mcu.externaltools.gnu-tools-for-stm32.9-2020-q2-update.win32_2.0.0.202105311346/tools/bin/../lib/gcc/arm-none-eabi/9.3.1/../../../../arm-none-eabi/lib/thumb/v7e-m+fp/hard\libc_nano.a
END GROUP
START GROUP
LOAD c:/st/stm32cubeide_1.7.0/stm32cubeide/plugins/com.st.stm32cube.ide.mcu.externaltools.gnu-tools-for-stm32.9-2020-q2-update.win32_2.0.0.202105311346/tools/bin/../lib/gcc/arm-none-eabi/9.3.1/thumb/v7e-m+fp/hard\libgcc.a
LOAD c:/st/stm32cubeide_1.7.0/stm32cubeide/plugins/com.st.stm32cube.ide.mcu.externaltools.gnu-tools-for-stm32.9-2020-q2-update.win32_2.0.0.202105311346/tools/bin/../lib/gcc/arm-none-eabi/9.3.1/../../../../arm-none-eabi/lib/thumb/v7e-m+fp/hard\libc_nano.a
LOAD c:/st/stm32cubeide_1.7.0/stm32cubeide/plugins/com.st.stm32cube.ide.mcu.externaltools.gnu-tools-for-stm32.9-2020-q2-update.win32_2.0.0.202105311346/tools/bin/../lib/gcc/arm-none-eabi/9.3.1/../../../../arm-none-eabi/lib/thumb/v7e-m+fp/hard\libnosys.a
END GROUP
START GROUP
LOAD c:/st/stm32cubeide_1.7.0/stm32cubeide/plugins/com.st.stm32cube.ide.mcu.externaltools.gnu-tools-for-stm32.9-2020-q2-update.win32_2.0.0.202105311346/tools/bin/../lib/gcc/arm-none-eabi/9.3.1/thumb/v7e-m+fp/hard\libgcc.a
LOAD c:/st/stm32cubeide_1.7.0/stm32cubeide/plugins/com.st.stm32cube.ide.mcu.externaltools.gnu-tools-for-stm32.9-2020-q2-update.win32_2.0.0.202105311346/tools/bin/../lib/gcc/arm-none-eabi/9.3.1/../../../../arm-none-eabi/lib/thumb/v7e-m+fp/hard\libc_nano.a
LOAD c:/st/stm32cubeide_1.7.0/stm32cubeide/plugins/com.st.stm32cube.ide.mcu.externaltools.gnu-tools-for-stm32.9-2020-q2-update.win32_2.0.0.202105311346/tools/bin/../lib/gcc/arm-none-eabi/9.3.1/../../../../arm-none-eabi/lib/thumb/v7e-m+fp/hard\libnosys.a
END GROUP
LOAD c:/st/stm32cubeide_1.7.0/stm32cubeide/plugins/com.st.stm32cube.ide.mcu.externaltools.gnu-tools-for-stm32.9-2020-q2-update.win32_2.0.0.202105311346/tools/bin/../lib/gcc/arm-none-eabi/9.3.1/thumb/v7e-m+fp/hard/crtend.o
LOAD c:/st/stm32cubeide_1.7.0/stm32cubeide/plugins/com.st.stm32cube.ide.mcu.externaltools.gnu-tools-for-stm32.9-2020-q2-update.win32_2.0.0.202105311346/tools/bin/../lib/gcc/arm-none-eabi/9.3.1/thumb/v7e-m+fp/hard/crtn.o
                0x0000000020040000                _estack = (ORIGIN (RAM) + LENGTH (RAM))
                0x0000000000000200                _Min_Heap_Size = 0x200
                0x0000000000000400                _Min_Stack_Size = 0x400

.isr_vector     0x0000000008000000      0x1c4
                0x0000000008000000                . = ALIGN (0x4)
 *(.isr_vector)
 .isr_vector    0x0000000008000000      0x1c4 ./Core/Startup/startup_stm32f412cgux.o
                0x0000000008000000                g_pfnVectors
                0x00000000080001c4                . = ALIGN (0x4)

.text           0x00000000080001d0     0x81b4
                0x00000000080001d0                . = ALIGN (0x4)
 *(.text)
 .text          0x00000000080001d0       0x40 c:/st/stm32cubeide_1.7.0/stm32cubeide/plugins/com.st.stm32cube.ide.mcu.externaltools.gnu-tools-for-stm32.9-2020-q2-update.win32_2.0.0.202105311346/tools/bin/../lib/gcc/arm-none-eabi/9.3.1/thumb/v7e-m+fp/hard/crtbegin.o
 .text          0x0000000008000210       0xa0 c:/st/stm32cubeide_1.7.0/stm32cubeide/plugins/com.st.stm32cube.ide.mcu.externaltools.gnu-tools-for-stm32.9-2020-q2-update.win32_2.0.0.202105311346/tools/bin/../lib/gcc/arm-none-eabi/9.3.1/../../../../arm-none-eabi/lib/thumb/v7e-m+fp/hard\libc_nano.a(lib_a-memchr.o)
                0x0000000008000210                memchr
 .text          0x00000000080002b0      0x378 c:/st/stm32cubeide_1.7.0/stm32cubeide/plugins/com.st.stm32cube.ide.mcu.externaltools.gnu-tools-for-stm32.9-2020-q2-update.win32_2.0.0.202105311346/tools/bin/../lib/gcc/arm-none-eabi/9.3.1/thumb/v7e-m+fp/hard\libgcc.a(_arm_addsubdf3.o)
                0x00000000080002b0                __aeabi_drsub
                0x00000000080002b8                __aeabi_dsub
                0x00000000080002b8                __subdf3
                0x00000000080002bc                __aeabi_dadd
                0x00000000080002bc                __adddf3
                0x0000000008000534                __floatunsidf
                0x0000000008000534                __aeabi_ui2d
                0x0000000008000554                __floatsidf
                0x0000000008000554                __aeabi_i2d
                0x0000000008000578                __aeabi_f2d
                0x0000000008000578                __extendsfdf2
                0x00000000080005bc                __floatundidf
                0x00000000080005bc                __aeabi_ul2d
                0x00000000080005cc                __floatdidf
                0x00000000080005cc                __aeabi_l2d
 .text          0x0000000008000628      0x424 c:/st/stm32cubeide_1.7.0/stm32cubeide/plugins/com.st.stm32cube.ide.mcu.externaltools.gnu-tools-for-stm32.9-2020-q2-update.win32_2.0.0.202105311346/tools/bin/../lib/gcc/arm-none-eabi/9.3.1/thumb/v7e-m+fp/hard\libgcc.a(_arm_muldivdf3.o)
                0x0000000008000628                __aeabi_dmul
                0x0000000008000628                __muldf3
                0x000000000800087c                __divdf3
                0x000000000800087c                __aeabi_ddiv
 .text          0x0000000008000a4c      0x110 c:/st/stm32cubeide_1.7.0/stm32cubeide/plugins/com.st.stm32cube.ide.mcu.externaltools.gnu-tools-for-stm32.9-2020-q2-update.win32_2.0.0.202105311346/tools/bin/../lib/gcc/arm-none-eabi/9.3.1/thumb/v7e-m+fp/hard\libgcc.a(_arm_cmpdf2.o)
                0x0000000008000a4c                __gtdf2
                0x0000000008000a4c                __gedf2
                0x0000000008000a54                __ltdf2
                0x0000000008000a54                __ledf2
                0x0000000008000a5c                __nedf2
                0x0000000008000a5c                __eqdf2
                0x0000000008000a5c                __cmpdf2
                0x0000000008000ad8                __aeabi_cdrcmple
                0x0000000008000ae8                __aeabi_cdcmpeq
                0x0000000008000ae8                __aeabi_cdcmple
                0x0000000008000af8                __aeabi_dcmpeq
                0x0000000008000b0c                __aeabi_dcmplt
                0x0000000008000b20                __aeabi_dcmple
                0x0000000008000b34                __aeabi_dcmpge
                0x0000000008000b48                __aeabi_dcmpgt
 .text          0x0000000008000b5c       0x2c c:/st/stm32cubeide_1.7.0/stm32cubeide/plugins/com.st.stm32cube.ide.mcu.externaltools.gnu-tools-for-stm32.9-2020-q2-update.win32_2.0.0.202105311346/tools/bin/../lib/gcc/arm-none-eabi/9.3.1/thumb/v7e-m+fp/hard\libgcc.a(_arm_unorddf2.o)
                0x0000000008000b5c                __unorddf2
                0x0000000008000b5c                __aeabi_dcmpun
 .text          0x0000000008000b88       0x50 c:/st/stm32cubeide_1.7.0/stm32cubeide/plugins/com.st.stm32cube.ide.mcu.externaltools.gnu-tools-for-stm32.9-2020-q2-update.win32_2.0.0.202105311346/tools/bin/../lib/gcc/arm-none-eabi/9.3.1/thumb/v7e-m+fp/hard\libgcc.a(_arm_fixdfsi.o)
                0x0000000008000b88                __aeabi_d2iz
                0x0000000008000b88                __fixdfsi
 .text          0x0000000008000bd8       0x40 c:/st/stm32cubeide_1.7.0/stm32cubeide/plugins/com.st.stm32cube.ide.mcu.externaltools.gnu-tools-for-stm32.9-2020-q2-update.win32_2.0.0.202105311346/tools/bin/../lib/gcc/arm-none-eabi/9.3.1/thumb/v7e-m+fp/hard\libgcc.a(_arm_fixunsdfsi.o)
                0x0000000008000bd8                __aeabi_d2uiz
                0x0000000008000bd8                __fixunsdfsi
 .text          0x0000000008000c18       0x30 c:/st/stm32cubeide_1.7.0/stm32cubeide/plugins/com.st.stm32cube.ide.mcu.externaltools.gnu-tools-for-stm32.9-2020-q2-update.win32_2.0.0.202105311346/tools/bin/../lib/gcc/arm-none-eabi/9.3.1/thumb/v7e-m+fp/hard\libgcc.a(_aeabi_uldivmod.o)
                0x0000000008000c18                __aeabi_uldivmod
 .text          0x0000000008000c48      0x2c4 c:/st/stm32cubeide_1.7.0/stm32cubeide/plugins/com.st.stm32cube.ide.mcu.externaltools.gnu-tools-for-stm32.9-2020-q2-update.win32_2.0.0.202105311346/tools/bin/../lib/gcc/arm-none-eabi/9.3.1/thumb/v7e-m+fp/hard\libgcc.a(_udivmoddi4.o)
                0x0000000008000c48                __udivmoddi4
 .text          0x0000000008000f0c        0x4 c:/st/stm32cubeide_1.7.0/stm32cubeide/plugins/com.st.stm32cube.ide.mcu.externaltools.gnu-tools-for-stm32.9-2020-q2-update.win32_2.0.0.202105311346/tools/bin/../lib/gcc/arm-none-eabi/9.3.1/thumb/v7e-m+fp/hard\libgcc.a(_dvmd_tls.o)
                0x0000000008000f0c                __aeabi_idiv0
                0x0000000008000f0c                __aeabi_ldiv0
 *(.text*)
 .text.ADS122C04_ProcessInterrupt
                0x0000000008000f10        0x6 ./Core/Src/ADS122C04.o
                0x0000000008000f10                ADS122C04_ProcessInterrupt
 .text.ADS122C04_ReadRegister
                0x0000000008000f16       0x1c ./Core/Src/ADS122C04.o
                0x0000000008000f16                ADS122C04_ReadRegister
 .text.ADS122C04_WriteRegister
                0x0000000008000f32       0x1c ./Core/Src/ADS122C04.o
                0x0000000008000f32                ADS122C04_WriteRegister
 *fill*         0x0000000008000f4e        0x2 
 .text.ADS122C04_Initialize
                0x0000000008000f50       0x50 ./Core/Src/ADS122C04.o
                0x0000000008000f50                ADS122C04_Initialize
 .text.ADS122C04_ReadAll
                0x0000000008000fa0       0xc0 ./Core/Src/ADS122C04.o
                0x0000000008000fa0                ADS122C04_ReadAll
 .text.limit    0x0000000008001060       0x50 ./Core/Src/CalibrationStore.o
 .text.CalibrationStore_ProcessCenterAxis
                0x00000000080010b0      0x144 ./Core/Src/CalibrationStore.o
 .text.CalibrationStore_Calibrate
                0x00000000080011f4      0x198 ./Core/Src/CalibrationStore.o
                0x00000000080011f4                CalibrationStore_Calibrate
 .text.CalibrationStore_Cursor
                0x000000000800138c       0xbe ./Core/Src/CalibrationStore.o
                0x000000000800138c                CalibrationStore_Cursor
 .text.CalibrationStore_CursorCenter
                0x000000000800144a       0x1c ./Core/Src/CalibrationStore.o
                0x000000000800144a                CalibrationStore_CursorCenter
 *fill*         0x0000000008001466        0x2 
 .text.CalibrationStore_Process
                0x0000000008001468      0x33c ./Core/Src/CalibrationStore.o
                0x0000000008001468                CalibrationStore_Process
 .text.CalibrationStore_Store
                0x00000000080017a4       0x68 ./Core/Src/CalibrationStore.o
                0x00000000080017a4                CalibrationStore_Store
 .text.CalibrationStore_Retrieve
                0x000000000800180c       0x2c ./Core/Src/CalibrationStore.o
                0x000000000800180c                CalibrationStore_Retrieve
 .text.LEDS_Initialize
                0x0000000008001838       0x12 ./Core/Src/Leds.o
                0x0000000008001838                LEDS_Initialize
 *fill*         0x000000000800184a        0x2 
 .text.LEDS_Set
                0x000000000800184c       0x30 ./Core/Src/Leds.o
                0x000000000800184c                LEDS_Set
 .text.LEDS_Run
                0x000000000800187c       0x46 ./Core/Src/Leds.o
                0x000000000800187c                LEDS_Run
 .text.LEDS_SetDelay
                0x00000000080018c2        0x4 ./Core/Src/Leds.o
                0x00000000080018c2                LEDS_SetDelay
 .text.MLX90393_ProcessInterrupt
                0x00000000080018c6        0x6 ./Core/Src/MLX90393.o
                0x00000000080018c6                MLX90393_ProcessInterrupt
 .text.MLX90393_ReadRegister
                0x00000000080018cc       0x1c ./Core/Src/MLX90393.o
                0x00000000080018cc                MLX90393_ReadRegister
 .text.MLX90393_ReadFromInterrupt
                0x00000000080018e8       0x30 ./Core/Src/MLX90393.o
                0x00000000080018e8                MLX90393_ReadFromInterrupt
 .text.MLX90393_WriteRegister
                0x0000000008001918       0x1c ./Core/Src/MLX90393.o
                0x0000000008001918                MLX90393_WriteRegister
 .text.MLX90393_SetFilter
                0x0000000008001934       0x34 ./Core/Src/MLX90393.o
                0x0000000008001934                MLX90393_SetFilter
 .text.MLX90393_Initialize
                0x0000000008001968       0x3c ./Core/Src/MLX90393.o
                0x0000000008001968                MLX90393_Initialize
 *fill*         0x00000000080019a4        0x4 
 .text.MLX90393_Rotation
                0x00000000080019a8       0xf8 ./Core/Src/MLX90393.o
                0x00000000080019a8                MLX90393_Rotation
 .text.PCAL6524_ProcessInterrupt
                0x0000000008001aa0        0x6 ./Core/Src/PCAL6524.o
                0x0000000008001aa0                PCAL6524_ProcessInterrupt
 .text.PCAL6524_ReadRegister
                0x0000000008001aa6       0x1c ./Core/Src/PCAL6524.o
                0x0000000008001aa6                PCAL6524_ReadRegister
 .text.PCAL6524_ReadFromInterrupt
                0x0000000008001ac2       0x34 ./Core/Src/PCAL6524.o
                0x0000000008001ac2                PCAL6524_ReadFromInterrupt
 .text.PCAL6524_WriteRegister
                0x0000000008001af6       0x1c ./Core/Src/PCAL6524.o
                0x0000000008001af6                PCAL6524_WriteRegister
 .text.PCAL6524_Initialize
                0x0000000008001b12       0x32 ./Core/Src/PCAL6524.o
                0x0000000008001b12                PCAL6524_Initialize
 .text.PCAL6524_ReadBit
                0x0000000008001b44       0x14 ./Core/Src/PCAL6524.o
                0x0000000008001b44                PCAL6524_ReadBit
 .text.AXIS_Assign.constprop.0
                0x0000000008001b58       0x4c ./Core/Src/main.o
 .text.SystemClock_Config
                0x0000000008001ba4       0xa8 ./Core/Src/main.o
                0x0000000008001ba4                SystemClock_Config
 *fill*         0x0000000008001c4c        0x4 
 .text.startup.main
                0x0000000008001c50      0x480 ./Core/Src/main.o
                0x0000000008001c50                main
 .text.HAL_GPIO_EXTI_Callback
                0x00000000080020d0       0x2c ./Core/Src/main.o
                0x00000000080020d0                HAL_GPIO_EXTI_Callback
 .text.Error_Handler
                0x00000000080020fc        0x4 ./Core/Src/main.o
                0x00000000080020fc                Error_Handler
 .text.HAL_MspInit
                0x0000000008002100       0x38 ./Core/Src/stm32f4xx_hal_msp.o
                0x0000000008002100                HAL_MspInit
 .text.HAL_I2C_MspInit
                0x0000000008002138       0xf4 ./Core/Src/stm32f4xx_hal_msp.o
                0x0000000008002138                HAL_I2C_MspInit
 .text.NMI_Handler
                0x000000000800222c        0x8 ./Core/Src/stm32f4xx_it.o
                0x000000000800222c                NMI_Handler
 .text.HardFault_Handler
                0x0000000008002234        0x2 ./Core/Src/stm32f4xx_it.o
                0x0000000008002234                HardFault_Handler
 .text.MemManage_Handler
                0x0000000008002236        0x2 ./Core/Src/stm32f4xx_it.o
                0x0000000008002236                MemManage_Handler
 .text.BusFault_Handler
                0x0000000008002238        0x2 ./Core/Src/stm32f4xx_it.o
                0x0000000008002238                BusFault_Handler
 .text.UsageFault_Handler
                0x000000000800223a        0x2 ./Core/Src/stm32f4xx_it.o
                0x000000000800223a                UsageFault_Handler
 .text.SVC_Handler
                0x000000000800223c        0x2 ./Core/Src/stm32f4xx_it.o
                0x000000000800223c                SVC_Handler
 .text.DebugMon_Handler
                0x000000000800223e        0x2 ./Core/Src/stm32f4xx_it.o
                0x000000000800223e                DebugMon_Handler
 .text.PendSV_Handler
                0x0000000008002240        0x2 ./Core/Src/stm32f4xx_it.o
                0x0000000008002240                PendSV_Handler
 .text.SysTick_Handler
                0x0000000008002242        0x4 ./Core/Src/stm32f4xx_it.o
                0x0000000008002242                SysTick_Handler
 .text.EXTI0_IRQHandler
                0x0000000008002246        0x6 ./Core/Src/stm32f4xx_it.o
                0x0000000008002246                EXTI0_IRQHandler
 .text.EXTI3_IRQHandler
                0x000000000800224c        0x6 ./Core/Src/stm32f4xx_it.o
                0x000000000800224c                EXTI3_IRQHandler
 .text.EXTI4_IRQHandler
                0x0000000008002252        0x6 ./Core/Src/stm32f4xx_it.o
                0x0000000008002252                EXTI4_IRQHandler
 .text.EXTI9_5_IRQHandler
                0x0000000008002258        0x6 ./Core/Src/stm32f4xx_it.o
                0x0000000008002258                EXTI9_5_IRQHandler
 *fill*         0x000000000800225e        0x2 
 .text.OTG_FS_IRQHandler
                0x0000000008002260        0xc ./Core/Src/stm32f4xx_it.o
                0x0000000008002260                OTG_FS_IRQHandler
 .text._read    0x000000000800226c       0x1a ./Core/Src/syscalls.o
                0x000000000800226c                _read
 .text._write   0x0000000008002286       0x1a ./Core/Src/syscalls.o
                0x0000000008002286                _write
 .text._close   0x00000000080022a0        0x6 ./Core/Src/syscalls.o
                0x00000000080022a0                _close
 .text._fstat   0x00000000080022a6        0xa ./Core/Src/syscalls.o
                0x00000000080022a6                _fstat
 .text._isatty  0x00000000080022b0        0x4 ./Core/Src/syscalls.o
                0x00000000080022b0                _isatty
 .text._lseek   0x00000000080022b4        0x4 ./Core/Src/syscalls.o
                0x00000000080022b4                _lseek
 .text._sbrk    0x00000000080022b8       0x40 ./Core/Src/sysmem.o
                0x00000000080022b8                _sbrk
 .text.SystemInit
                0x00000000080022f8       0x14 ./Core/Src/system_stm32f4xx.o
                0x00000000080022f8                SystemInit
 .text.Reset_Handler
                0x000000000800230c       0x50 ./Core/Startup/startup_stm32f412cgux.o
                0x000000000800230c                Reset_Handler
 .text.Default_Handler
                0x000000000800235c        0x2 ./Core/Startup/startup_stm32f412cgux.o
                0x000000000800235c                RTC_Alarm_IRQHandler
                0x000000000800235c                EXTI2_IRQHandler
                0x000000000800235c                TIM8_CC_IRQHandler
                0x000000000800235c                FMPI2C1_EV_IRQHandler
                0x000000000800235c                SPI4_IRQHandler
                0x000000000800235c                TIM1_CC_IRQHandler
                0x000000000800235c                DMA2_Stream5_IRQHandler
                0x000000000800235c                DMA1_Stream5_IRQHandler
                0x000000000800235c                TIM6_IRQHandler
                0x000000000800235c                PVD_IRQHandler
                0x000000000800235c                SDIO_IRQHandler
                0x000000000800235c                TAMP_STAMP_IRQHandler
                0x000000000800235c                CAN2_RX1_IRQHandler
                0x000000000800235c                TIM8_TRG_COM_TIM14_IRQHandler
                0x000000000800235c                DFSDM1_FLT1_IRQHandler
                0x000000000800235c                TIM1_UP_TIM10_IRQHandler
                0x000000000800235c                TIM8_UP_TIM13_IRQHandler
                0x000000000800235c                I2C3_ER_IRQHandler
                0x000000000800235c                I2C2_EV_IRQHandler
                0x000000000800235c                DMA1_Stream2_IRQHandler
                0x000000000800235c                CAN1_RX0_IRQHandler
                0x000000000800235c                FPU_IRQHandler
                0x000000000800235c                CAN2_SCE_IRQHandler
                0x000000000800235c                DMA2_Stream2_IRQHandler
                0x000000000800235c                SPI1_IRQHandler
                0x000000000800235c                TIM1_BRK_TIM9_IRQHandler
                0x000000000800235c                CAN2_RX0_IRQHandler
                0x000000000800235c                DMA2_Stream3_IRQHandler
                0x000000000800235c                USART6_IRQHandler
                0x000000000800235c                USART3_IRQHandler
                0x000000000800235c                CAN1_RX1_IRQHandler
                0x000000000800235c                DMA2_Stream0_IRQHandler
                0x000000000800235c                TIM4_IRQHandler
                0x000000000800235c                I2C1_EV_IRQHandler
                0x000000000800235c                DMA1_Stream6_IRQHandler
                0x000000000800235c                DMA1_Stream1_IRQHandler
                0x000000000800235c                TIM3_IRQHandler
                0x000000000800235c                RCC_IRQHandler
                0x000000000800235c                TIM8_BRK_TIM12_IRQHandler
                0x000000000800235c                Default_Handler
                0x000000000800235c                EXTI15_10_IRQHandler
                0x000000000800235c                ADC_IRQHandler
                0x000000000800235c                DMA1_Stream7_IRQHandler
                0x000000000800235c                SPI5_IRQHandler
                0x000000000800235c                TIM7_IRQHandler
                0x000000000800235c                CAN2_TX_IRQHandler
                0x000000000800235c                TIM5_IRQHandler
                0x000000000800235c                DMA2_Stream7_IRQHandler
                0x000000000800235c                I2C3_EV_IRQHandler
                0x000000000800235c                RTC_WKUP_IRQHandler
                0x000000000800235c                SPI2_IRQHandler
                0x000000000800235c                DMA1_Stream0_IRQHandler
                0x000000000800235c                CAN1_TX_IRQHandler
                0x000000000800235c                FMPI2C1_ER_IRQHandler
                0x000000000800235c                RNG_IRQHandler
                0x000000000800235c                WWDG_IRQHandler
                0x000000000800235c                TIM2_IRQHandler
                0x000000000800235c                OTG_FS_WKUP_IRQHandler
                0x000000000800235c                TIM1_TRG_COM_TIM11_IRQHandler
                0x000000000800235c                EXTI1_IRQHandler
                0x000000000800235c                USART2_IRQHandler
                0x000000000800235c                DFSDM1_FLT0_IRQHandler
                0x000000000800235c                I2C2_ER_IRQHandler
                0x000000000800235c                DMA2_Stream1_IRQHandler
                0x000000000800235c                CAN1_SCE_IRQHandler
                0x000000000800235c                FLASH_IRQHandler
                0x000000000800235c                DMA2_Stream4_IRQHandler
                0x000000000800235c                USART1_IRQHandler
                0x000000000800235c                SPI3_IRQHandler
                0x000000000800235c                DMA1_Stream4_IRQHandler
                0x000000000800235c                I2C1_ER_IRQHandler
                0x000000000800235c                DMA2_Stream6_IRQHandler
                0x000000000800235c                DMA1_Stream3_IRQHandler
 .text.HAL_MspDeInit
                0x000000000800235e        0x2 ./Drivers/STM32F4xx_HAL_Driver/Src/stm32f4xx_hal.o
                0x000000000800235e                HAL_MspDeInit
 .text.HAL_DeInit
                0x0000000008002360       0x28 ./Drivers/STM32F4xx_HAL_Driver/Src/stm32f4xx_hal.o
                0x0000000008002360                HAL_DeInit
 .text.HAL_InitTick
                0x0000000008002388       0x48 ./Drivers/STM32F4xx_HAL_Driver/Src/stm32f4xx_hal.o
                0x0000000008002388                HAL_InitTick
 .text.HAL_Init
                0x00000000080023d0       0x34 ./Drivers/STM32F4xx_HAL_Driver/Src/stm32f4xx_hal.o
                0x00000000080023d0                HAL_Init
 .text.HAL_IncTick
                0x0000000008002404       0x18 ./Drivers/STM32F4xx_HAL_Driver/Src/stm32f4xx_hal.o
                0x0000000008002404                HAL_IncTick
 .text.HAL_GetTick
                0x000000000800241c        0xc ./Drivers/STM32F4xx_HAL_Driver/Src/stm32f4xx_hal.o
                0x000000000800241c                HAL_GetTick
 .text.HAL_Delay
                0x0000000008002428       0x28 ./Drivers/STM32F4xx_HAL_Driver/Src/stm32f4xx_hal.o
                0x0000000008002428                HAL_Delay
 .text.HAL_NVIC_SetPriorityGrouping
                0x0000000008002450       0x24 ./Drivers/STM32F4xx_HAL_Driver/Src/stm32f4xx_hal_cortex.o
                0x0000000008002450                HAL_NVIC_SetPriorityGrouping
 .text.HAL_NVIC_SetPriority
                0x0000000008002474       0x64 ./Drivers/STM32F4xx_HAL_Driver/Src/stm32f4xx_hal_cortex.o
                0x0000000008002474                HAL_NVIC_SetPriority
 .text.HAL_NVIC_EnableIRQ
                0x00000000080024d8       0x1c ./Drivers/STM32F4xx_HAL_Driver/Src/stm32f4xx_hal_cortex.o
                0x00000000080024d8                HAL_NVIC_EnableIRQ
 .text.HAL_NVIC_DisableIRQ
                0x00000000080024f4       0x28 ./Drivers/STM32F4xx_HAL_Driver/Src/stm32f4xx_hal_cortex.o
                0x00000000080024f4                HAL_NVIC_DisableIRQ
 .text.HAL_SYSTICK_Config
                0x000000000800251c       0x2c ./Drivers/STM32F4xx_HAL_Driver/Src/stm32f4xx_hal_cortex.o
                0x000000000800251c                HAL_SYSTICK_Config
 .text.FLASH_Program_DoubleWord
                0x0000000008002548       0x2c ./Drivers/STM32F4xx_HAL_Driver/Src/stm32f4xx_hal_flash.o
 .text.FLASH_Program_Word
                0x0000000008002574       0x24 ./Drivers/STM32F4xx_HAL_Driver/Src/stm32f4xx_hal_flash.o
 .text.FLASH_Program_HalfWord
                0x0000000008002598       0x24 ./Drivers/STM32F4xx_HAL_Driver/Src/stm32f4xx_hal_flash.o
 .text.FLASH_SetErrorCode
                0x00000000080025bc       0x8c ./Drivers/STM32F4xx_HAL_Driver/Src/stm32f4xx_hal_flash.o
 .text.HAL_FLASH_Unlock
                0x0000000008002648       0x24 ./Drivers/STM32F4xx_HAL_Driver/Src/stm32f4xx_hal_flash.o
                0x0000000008002648                HAL_FLASH_Unlock
 .text.HAL_FLASH_Lock
                0x000000000800266c       0x14 ./Drivers/STM32F4xx_HAL_Driver/Src/stm32f4xx_hal_flash.o
                0x000000000800266c                HAL_FLASH_Lock
 .text.HAL_FLASH_GetError
                0x0000000008002680        0xc ./Drivers/STM32F4xx_HAL_Driver/Src/stm32f4xx_hal_flash.o
                0x0000000008002680                HAL_FLASH_GetError
 .text.FLASH_WaitForLastOperation
                0x000000000800268c       0x54 ./Drivers/STM32F4xx_HAL_Driver/Src/stm32f4xx_hal_flash.o
                0x000000000800268c                FLASH_WaitForLastOperation
 .text.HAL_FLASH_Program
                0x00000000080026e0       0x8c ./Drivers/STM32F4xx_HAL_Driver/Src/stm32f4xx_hal_flash.o
                0x00000000080026e0                HAL_FLASH_Program
 .text.FLASH_Erase_Sector
                0x000000000800276c       0x4c ./Drivers/STM32F4xx_HAL_Driver/Src/stm32f4xx_hal_flash_ex.o
                0x000000000800276c                FLASH_Erase_Sector
 .text.HAL_GPIO_Init
                0x00000000080027b8      0x178 ./Drivers/STM32F4xx_HAL_Driver/Src/stm32f4xx_hal_gpio.o
                0x00000000080027b8                HAL_GPIO_Init
 .text.HAL_GPIO_DeInit
                0x0000000008002930       0xe0 ./Drivers/STM32F4xx_HAL_Driver/Src/stm32f4xx_hal_gpio.o
                0x0000000008002930                HAL_GPIO_DeInit
 .text.HAL_GPIO_WritePin
                0x0000000008002a10        0xa ./Drivers/STM32F4xx_HAL_Driver/Src/stm32f4xx_hal_gpio.o
                0x0000000008002a10                HAL_GPIO_WritePin
 *fill*         0x0000000008002a1a        0x2 
 .text.HAL_GPIO_EXTI_IRQHandler
                0x0000000008002a1c       0x18 ./Drivers/STM32F4xx_HAL_Driver/Src/stm32f4xx_hal_gpio.o
                0x0000000008002a1c                HAL_GPIO_EXTI_IRQHandler
 .text.I2C_IsAcknowledgeFailed
                0x0000000008002a34       0x34 ./Drivers/STM32F4xx_HAL_Driver/Src/stm32f4xx_hal_i2c.o
 .text.I2C_WaitOnMasterAddressFlagUntilTimeout
                0x0000000008002a68       0x76 ./Drivers/STM32F4xx_HAL_Driver/Src/stm32f4xx_hal_i2c.o
 .text.I2C_WaitOnBTFFlagUntilTimeout
                0x0000000008002ade       0x4c ./Drivers/STM32F4xx_HAL_Driver/Src/stm32f4xx_hal_i2c.o
 .text.I2C_WaitOnRXNEFlagUntilTimeout
                0x0000000008002b2a       0x5e ./Drivers/STM32F4xx_HAL_Driver/Src/stm32f4xx_hal_i2c.o
 .text.I2C_WaitOnFlagUntilTimeout
                0x0000000008002b88       0x64 ./Drivers/STM32F4xx_HAL_Driver/Src/stm32f4xx_hal_i2c.o
 .text.I2C_WaitOnTXEFlagUntilTimeout
                0x0000000008002bec       0x4c ./Drivers/STM32F4xx_HAL_Driver/Src/stm32f4xx_hal_i2c.o
 .text.I2C_RequestMemoryWrite
                0x0000000008002c38       0xb0 ./Drivers/STM32F4xx_HAL_Driver/Src/stm32f4xx_hal_i2c.o
 .text.I2C_RequestMemoryRead
                0x0000000008002ce8      0x104 ./Drivers/STM32F4xx_HAL_Driver/Src/stm32f4xx_hal_i2c.o
 .text.HAL_I2C_Init
                0x0000000008002dec      0x150 ./Drivers/STM32F4xx_HAL_Driver/Src/stm32f4xx_hal_i2c.o
                0x0000000008002dec                HAL_I2C_Init
 .text.HAL_I2C_Mem_Write
                0x0000000008002f3c      0x120 ./Drivers/STM32F4xx_HAL_Driver/Src/stm32f4xx_hal_i2c.o
                0x0000000008002f3c                HAL_I2C_Mem_Write
 .text.HAL_I2C_Mem_Read
                0x000000000800305c      0x210 ./Drivers/STM32F4xx_HAL_Driver/Src/stm32f4xx_hal_i2c.o
                0x000000000800305c                HAL_I2C_Mem_Read
 .text.HAL_PCD_Init
                0x000000000800326c      0x116 ./Drivers/STM32F4xx_HAL_Driver/Src/stm32f4xx_hal_pcd.o
                0x000000000800326c                HAL_PCD_Init
 .text.HAL_PCD_DeInit
                0x0000000008003382       0x2a ./Drivers/STM32F4xx_HAL_Driver/Src/stm32f4xx_hal_pcd.o
                0x0000000008003382                HAL_PCD_DeInit
 .text.HAL_PCD_Start
                0x00000000080033ac       0x3e ./Drivers/STM32F4xx_HAL_Driver/Src/stm32f4xx_hal_pcd.o
                0x00000000080033ac                HAL_PCD_Start
 .text.HAL_PCD_Stop
                0x00000000080033ea       0x48 ./Drivers/STM32F4xx_HAL_Driver/Src/stm32f4xx_hal_pcd.o
                0x00000000080033ea                HAL_PCD_Stop
 *fill*         0x0000000008003432        0x2 
 .text.HAL_PCD_IRQHandler
                0x0000000008003434      0x59c ./Drivers/STM32F4xx_HAL_Driver/Src/stm32f4xx_hal_pcd.o
                0x0000000008003434                HAL_PCD_IRQHandler
 .text.HAL_PCD_SetAddress
                0x00000000080039d0       0x28 ./Drivers/STM32F4xx_HAL_Driver/Src/stm32f4xx_hal_pcd.o
                0x00000000080039d0                HAL_PCD_SetAddress
 .text.HAL_PCD_EP_Open
                0x00000000080039f8       0x70 ./Drivers/STM32F4xx_HAL_Driver/Src/stm32f4xx_hal_pcd.o
                0x00000000080039f8                HAL_PCD_EP_Open
 .text.HAL_PCD_EP_Close
                0x0000000008003a68       0x5e ./Drivers/STM32F4xx_HAL_Driver/Src/stm32f4xx_hal_pcd.o
                0x0000000008003a68                HAL_PCD_EP_Close
 .text.HAL_PCD_EP_Receive
                0x0000000008003ac6       0x48 ./Drivers/STM32F4xx_HAL_Driver/Src/stm32f4xx_hal_pcd.o
                0x0000000008003ac6                HAL_PCD_EP_Receive
 .text.HAL_PCD_EP_Transmit
                0x0000000008003b0e       0x40 ./Drivers/STM32F4xx_HAL_Driver/Src/stm32f4xx_hal_pcd.o
                0x0000000008003b0e                HAL_PCD_EP_Transmit
 .text.HAL_PCD_EP_SetStall
                0x0000000008003b4e       0x70 ./Drivers/STM32F4xx_HAL_Driver/Src/stm32f4xx_hal_pcd.o
                0x0000000008003b4e                HAL_PCD_EP_SetStall
 .text.HAL_PCD_EP_ClrStall
                0x0000000008003bbe       0x6c ./Drivers/STM32F4xx_HAL_Driver/Src/stm32f4xx_hal_pcd.o
                0x0000000008003bbe                HAL_PCD_EP_ClrStall
 .text.HAL_PCDEx_SetTxFiFo
                0x0000000008003c2a       0x40 ./Drivers/STM32F4xx_HAL_Driver/Src/stm32f4xx_hal_pcd_ex.o
                0x0000000008003c2a                HAL_PCDEx_SetTxFiFo
 .text.HAL_PCDEx_SetRxFiFo
                0x0000000008003c6a        0x8 ./Drivers/STM32F4xx_HAL_Driver/Src/stm32f4xx_hal_pcd_ex.o
                0x0000000008003c6a                HAL_PCDEx_SetRxFiFo
 .text.HAL_PCDEx_ActivateLPM
                0x0000000008003c72       0x26 ./Drivers/STM32F4xx_HAL_Driver/Src/stm32f4xx_hal_pcd_ex.o
                0x0000000008003c72                HAL_PCDEx_ActivateLPM
 .text.HAL_RCC_EnableCSS
                0x0000000008003c98        0xc ./Drivers/STM32F4xx_HAL_Driver/Src/stm32f4xx_hal_rcc.o
                0x0000000008003c98                HAL_RCC_EnableCSS
 .text.HAL_RCC_GetSysClockFreq
                0x0000000008003ca4       0x4c ./Drivers/STM32F4xx_HAL_Driver/Src/stm32f4xx_hal_rcc.o
                0x0000000008003ca4                HAL_RCC_GetSysClockFreq
 .text.HAL_RCC_ClockConfig
                0x0000000008003cf0      0x138 ./Drivers/STM32F4xx_HAL_Driver/Src/stm32f4xx_hal_rcc.o
                0x0000000008003cf0                HAL_RCC_ClockConfig
 .text.HAL_RCC_GetHCLKFreq
                0x0000000008003e28        0xc ./Drivers/STM32F4xx_HAL_Driver/Src/stm32f4xx_hal_rcc.o
                0x0000000008003e28                HAL_RCC_GetHCLKFreq
 .text.HAL_RCC_GetPCLK1Freq
                0x0000000008003e34       0x20 ./Drivers/STM32F4xx_HAL_Driver/Src/stm32f4xx_hal_rcc.o
                0x0000000008003e34                HAL_RCC_GetPCLK1Freq
 .text.HAL_RCC_CSSCallback
                0x0000000008003e54        0x2 ./Drivers/STM32F4xx_HAL_Driver/Src/stm32f4xx_hal_rcc.o
                0x0000000008003e54                HAL_RCC_CSSCallback
 *fill*         0x0000000008003e56        0x2 
 .text.HAL_RCC_NMI_IRQHandler
                0x0000000008003e58       0x20 ./Drivers/STM32F4xx_HAL_Driver/Src/stm32f4xx_hal_rcc.o
                0x0000000008003e58                HAL_RCC_NMI_IRQHandler
 .text.HAL_RCCEx_PeriphCLKConfig
                0x0000000008003e78      0x260 ./Drivers/STM32F4xx_HAL_Driver/Src/stm32f4xx_hal_rcc_ex.o
                0x0000000008003e78                HAL_RCCEx_PeriphCLKConfig
 .text.HAL_RCC_DeInit
                0x00000000080040d8      0x11c ./Drivers/STM32F4xx_HAL_Driver/Src/stm32f4xx_hal_rcc_ex.o
                0x00000000080040d8                HAL_RCC_DeInit
 .text.HAL_RCC_OscConfig
                0x00000000080041f4      0x36c ./Drivers/STM32F4xx_HAL_Driver/Src/stm32f4xx_hal_rcc_ex.o
                0x00000000080041f4                HAL_RCC_OscConfig
 .text.USB_CoreReset
                0x0000000008004560       0x48 ./Drivers/STM32F4xx_HAL_Driver/Src/stm32f4xx_ll_usb.o
 .text.USB_CoreInit
                0x00000000080045a8       0x80 ./Drivers/STM32F4xx_HAL_Driver/Src/stm32f4xx_ll_usb.o
                0x00000000080045a8                USB_CoreInit
 .text.USB_SetTurnaroundTime
                0x0000000008004628       0xe0 ./Drivers/STM32F4xx_HAL_Driver/Src/stm32f4xx_ll_usb.o
                0x0000000008004628                USB_SetTurnaroundTime
 .text.USB_EnableGlobalInt
                0x0000000008004708        0xc ./Drivers/STM32F4xx_HAL_Driver/Src/stm32f4xx_ll_usb.o
                0x0000000008004708                USB_EnableGlobalInt
 .text.USB_DisableGlobalInt
                0x0000000008004714        0xc ./Drivers/STM32F4xx_HAL_Driver/Src/stm32f4xx_ll_usb.o
                0x0000000008004714                USB_DisableGlobalInt
 .text.USB_SetCurrentMode
                0x0000000008004720       0x60 ./Drivers/STM32F4xx_HAL_Driver/Src/stm32f4xx_ll_usb.o
                0x0000000008004720                USB_SetCurrentMode
 .text.USB_FlushTxFifo
                0x0000000008004780       0x30 ./Drivers/STM32F4xx_HAL_Driver/Src/stm32f4xx_ll_usb.o
                0x0000000008004780                USB_FlushTxFifo
 .text.USB_FlushRxFifo
                0x00000000080047b0       0x2c ./Drivers/STM32F4xx_HAL_Driver/Src/stm32f4xx_ll_usb.o
                0x00000000080047b0                USB_FlushRxFifo
 .text.USB_SetDevSpeed
                0x00000000080047dc        0xe ./Drivers/STM32F4xx_HAL_Driver/Src/stm32f4xx_ll_usb.o
                0x00000000080047dc                USB_SetDevSpeed
 *fill*         0x00000000080047ea        0x2 
 .text.USB_DevInit
                0x00000000080047ec      0x16c ./Drivers/STM32F4xx_HAL_Driver/Src/stm32f4xx_ll_usb.o
                0x00000000080047ec                USB_DevInit
 .text.USB_GetDevSpeed
                0x0000000008004958       0x16 ./Drivers/STM32F4xx_HAL_Driver/Src/stm32f4xx_ll_usb.o
                0x0000000008004958                USB_GetDevSpeed
 .text.USB_ActivateEndpoint
                0x000000000800496e       0x7c ./Drivers/STM32F4xx_HAL_Driver/Src/stm32f4xx_ll_usb.o
                0x000000000800496e                USB_ActivateEndpoint
 *fill*         0x00000000080049ea        0x2 
 .text.USB_DeactivateEndpoint
                0x00000000080049ec       0xac ./Drivers/STM32F4xx_HAL_Driver/Src/stm32f4xx_ll_usb.o
                0x00000000080049ec                USB_DeactivateEndpoint
 .text.USB_EP0StartXfer
                0x0000000008004a98       0xf4 ./Drivers/STM32F4xx_HAL_Driver/Src/stm32f4xx_ll_usb.o
                0x0000000008004a98                USB_EP0StartXfer
 .text.USB_WritePacket
                0x0000000008004b8c       0x26 ./Drivers/STM32F4xx_HAL_Driver/Src/stm32f4xx_ll_usb.o
                0x0000000008004b8c                USB_WritePacket
 *fill*         0x0000000008004bb2        0x2 
 .text.USB_EPStartXfer
                0x0000000008004bb4      0x1dc ./Drivers/STM32F4xx_HAL_Driver/Src/stm32f4xx_ll_usb.o
                0x0000000008004bb4                USB_EPStartXfer
 .text.USB_ReadPacket
                0x0000000008004d90       0x46 ./Drivers/STM32F4xx_HAL_Driver/Src/stm32f4xx_ll_usb.o
                0x0000000008004d90                USB_ReadPacket
 .text.USB_EPSetStall
                0x0000000008004dd6       0x56 ./Drivers/STM32F4xx_HAL_Driver/Src/stm32f4xx_ll_usb.o
                0x0000000008004dd6                USB_EPSetStall
 .text.USB_EPClearStall
                0x0000000008004e2c       0x52 ./Drivers/STM32F4xx_HAL_Driver/Src/stm32f4xx_ll_usb.o
                0x0000000008004e2c                USB_EPClearStall
 .text.USB_StopDevice
                0x0000000008004e7e       0x40 ./Drivers/STM32F4xx_HAL_Driver/Src/stm32f4xx_ll_usb.o
                0x0000000008004e7e                USB_StopDevice
 .text.USB_SetDevAddress
                0x0000000008004ebe       0x20 ./Drivers/STM32F4xx_HAL_Driver/Src/stm32f4xx_ll_usb.o
                0x0000000008004ebe                USB_SetDevAddress
 .text.USB_DevConnect
                0x0000000008004ede       0x1c ./Drivers/STM32F4xx_HAL_Driver/Src/stm32f4xx_ll_usb.o
                0x0000000008004ede                USB_DevConnect
 .text.USB_DevDisconnect
                0x0000000008004efa       0x1c ./Drivers/STM32F4xx_HAL_Driver/Src/stm32f4xx_ll_usb.o
                0x0000000008004efa                USB_DevDisconnect
 .text.USB_ReadInterrupts
                0x0000000008004f16        0x8 ./Drivers/STM32F4xx_HAL_Driver/Src/stm32f4xx_ll_usb.o
                0x0000000008004f16                USB_ReadInterrupts
 .text.USB_ReadDevAllOutEpInterrupt
                0x0000000008004f1e       0x10 ./Drivers/STM32F4xx_HAL_Driver/Src/stm32f4xx_ll_usb.o
                0x0000000008004f1e                USB_ReadDevAllOutEpInterrupt
 .text.USB_ReadDevAllInEpInterrupt
                0x0000000008004f2e       0x10 ./Drivers/STM32F4xx_HAL_Driver/Src/stm32f4xx_ll_usb.o
                0x0000000008004f2e                USB_ReadDevAllInEpInterrupt
 .text.USB_ReadDevOutEPInterrupt
                0x0000000008004f3e       0x12 ./Drivers/STM32F4xx_HAL_Driver/Src/stm32f4xx_ll_usb.o
                0x0000000008004f3e                USB_ReadDevOutEPInterrupt
 .text.USB_ReadDevInEPInterrupt
                0x0000000008004f50       0x24 ./Drivers/STM32F4xx_HAL_Driver/Src/stm32f4xx_ll_usb.o
                0x0000000008004f50                USB_ReadDevInEPInterrupt
 .text.USB_GetMode
                0x0000000008004f74        0x8 ./Drivers/STM32F4xx_HAL_Driver/Src/stm32f4xx_ll_usb.o
                0x0000000008004f74                USB_GetMode
 .text.USB_ActivateSetup
                0x0000000008004f7c       0x20 ./Drivers/STM32F4xx_HAL_Driver/Src/stm32f4xx_ll_usb.o
                0x0000000008004f7c                USB_ActivateSetup
 .text.USB_EP0_OutStart
                0x0000000008004f9c       0x4c ./Drivers/STM32F4xx_HAL_Driver/Src/stm32f4xx_ll_usb.o
                0x0000000008004f9c                USB_EP0_OutStart
 .text.USBD_CUSTOM_HID_GetFSCfgDesc
                0x0000000008004fe8        0xc ./Middlewares/ST/STM32_USB_Device_Library/Class/CustomHID/Src/usbd_customhid.o
 .text.USBD_CUSTOM_HID_GetHSCfgDesc
                0x0000000008004ff4        0xc ./Middlewares/ST/STM32_USB_Device_Library/Class/CustomHID/Src/usbd_customhid.o
 .text.USBD_CUSTOM_HID_GetOtherSpeedCfgDesc
                0x0000000008005000        0xc ./Middlewares/ST/STM32_USB_Device_Library/Class/CustomHID/Src/usbd_customhid.o
 .text.USBD_CUSTOM_HID_DataIn
                0x000000000800500c        0xc ./Middlewares/ST/STM32_USB_Device_Library/Class/CustomHID/Src/usbd_customhid.o
 .text.USBD_CUSTOM_HID_DataOut
                0x0000000008005018       0x1a ./Middlewares/ST/STM32_USB_Device_Library/Class/CustomHID/Src/usbd_customhid.o
 .text.USBD_CUSTOM_HID_EP0_RxReady
                0x0000000008005032       0x26 ./Middlewares/ST/STM32_USB_Device_Library/Class/CustomHID/Src/usbd_customhid.o
 .text.USBD_CUSTOM_HID_GetDeviceQualifierDesc
                0x0000000008005058        0xc ./Middlewares/ST/STM32_USB_Device_Library/Class/CustomHID/Src/usbd_customhid.o
 .text.USBD_CUSTOM_HID_Setup
                0x0000000008005064      0x118 ./Middlewares/ST/STM32_USB_Device_Library/Class/CustomHID/Src/usbd_customhid.o
 .text.USBD_CUSTOM_HID_DeInit
                0x000000000800517c       0x38 ./Middlewares/ST/STM32_USB_Device_Library/Class/CustomHID/Src/usbd_customhid.o
 .text.USBD_CUSTOM_HID_Init
                0x00000000080051b4       0x64 ./Middlewares/ST/STM32_USB_Device_Library/Class/CustomHID/Src/usbd_customhid.o
 .text.USBD_CUSTOM_HID_SendReport
                0x0000000008005218       0x36 ./Middlewares/ST/STM32_USB_Device_Library/Class/CustomHID/Src/usbd_customhid.o
                0x0000000008005218                USBD_CUSTOM_HID_SendReport
 .text.USBD_CUSTOM_HID_ReceivePacket
                0x000000000800524e       0x18 ./Middlewares/ST/STM32_USB_Device_Library/Class/CustomHID/Src/usbd_customhid.o
                0x000000000800524e                USBD_CUSTOM_HID_ReceivePacket
 .text.USBD_CUSTOM_HID_RegisterInterface
                0x0000000008005266        0xe ./Middlewares/ST/STM32_USB_Device_Library/Class/CustomHID/Src/usbd_customhid.o
                0x0000000008005266                USBD_CUSTOM_HID_RegisterInterface
 .text.USBD_Init
                0x0000000008005274       0x48 ./Middlewares/ST/STM32_USB_Device_Library/Core/Src/usbd_core.o
                0x0000000008005274                USBD_Init
 .text.USBD_DeInit
                0x00000000080052bc       0x3a ./Middlewares/ST/STM32_USB_Device_Library/Core/Src/usbd_core.o
                0x00000000080052bc                USBD_DeInit
 *fill*         0x00000000080052f6        0x2 
 .text.USBD_RegisterClass
                0x00000000080052f8       0x48 ./Middlewares/ST/STM32_USB_Device_Library/Core/Src/usbd_core.o
                0x00000000080052f8                USBD_RegisterClass
 .text.USBD_Start
                0x0000000008005340        0x4 ./Middlewares/ST/STM32_USB_Device_Library/Core/Src/usbd_core.o
                0x0000000008005340                USBD_Start
 .text.USBD_Stop
                0x0000000008005344       0x1a ./Middlewares/ST/STM32_USB_Device_Library/Core/Src/usbd_core.o
                0x0000000008005344                USBD_Stop
 .text.USBD_SetClassConfig
                0x000000000800535e        0xe ./Middlewares/ST/STM32_USB_Device_Library/Core/Src/usbd_core.o
                0x000000000800535e                USBD_SetClassConfig
 .text.USBD_ClrClassConfig
                0x000000000800536c       0x10 ./Middlewares/ST/STM32_USB_Device_Library/Core/Src/usbd_core.o
                0x000000000800536c                USBD_ClrClassConfig
 .text.USBD_LL_SetupStage
                0x000000000800537c       0x60 ./Middlewares/ST/STM32_USB_Device_Library/Core/Src/usbd_core.o
                0x000000000800537c                USBD_LL_SetupStage
 .text.USBD_LL_DataOutStage
                0x00000000080053dc       0x60 ./Middlewares/ST/STM32_USB_Device_Library/Core/Src/usbd_core.o
                0x00000000080053dc                USBD_LL_DataOutStage
 .text.USBD_LL_DataInStage
                0x000000000800543c       0xa4 ./Middlewares/ST/STM32_USB_Device_Library/Core/Src/usbd_core.o
                0x000000000800543c                USBD_LL_DataInStage
 .text.USBD_LL_Reset
                0x00000000080054e0       0x58 ./Middlewares/ST/STM32_USB_Device_Library/Core/Src/usbd_core.o
                0x00000000080054e0                USBD_LL_Reset
 .text.USBD_LL_SetSpeed
                0x0000000008005538        0x6 ./Middlewares/ST/STM32_USB_Device_Library/Core/Src/usbd_core.o
                0x0000000008005538                USBD_LL_SetSpeed
 .text.USBD_LL_Suspend
                0x000000000800553e       0x14 ./Middlewares/ST/STM32_USB_Device_Library/Core/Src/usbd_core.o
                0x000000000800553e                USBD_LL_Suspend
 .text.USBD_LL_Resume
                0x0000000008005552       0x16 ./Middlewares/ST/STM32_USB_Device_Library/Core/Src/usbd_core.o
                0x0000000008005552                USBD_LL_Resume
 .text.USBD_LL_SOF
                0x0000000008005568       0x22 ./Middlewares/ST/STM32_USB_Device_Library/Core/Src/usbd_core.o
                0x0000000008005568                USBD_LL_SOF
 .text.USBD_LL_IsoINIncomplete
                0x000000000800558a       0x22 ./Middlewares/ST/STM32_USB_Device_Library/Core/Src/usbd_core.o
                0x000000000800558a                USBD_LL_IsoINIncomplete
 .text.USBD_LL_IsoOUTIncomplete
                0x00000000080055ac       0x22 ./Middlewares/ST/STM32_USB_Device_Library/Core/Src/usbd_core.o
                0x00000000080055ac                USBD_LL_IsoOUTIncomplete
 .text.USBD_LL_DevConnected
                0x00000000080055ce        0x4 ./Middlewares/ST/STM32_USB_Device_Library/Core/Src/usbd_core.o
                0x00000000080055ce                USBD_LL_DevConnected
 .text.USBD_LL_DevDisconnected
                0x00000000080055d2       0x18 ./Middlewares/ST/STM32_USB_Device_Library/Core/Src/usbd_core.o
                0x00000000080055d2                USBD_LL_DevDisconnected
 .text.USBD_CtlError.constprop.0
                0x00000000080055ea       0x16 ./Middlewares/ST/STM32_USB_Device_Library/Core/Src/usbd_ctlreq.o
 .text.USBD_StdDevReq
                0x0000000008005600      0x294 ./Middlewares/ST/STM32_USB_Device_Library/Core/Src/usbd_ctlreq.o
                0x0000000008005600                USBD_StdDevReq
 .text.USBD_StdItfReq
                0x0000000008005894       0x4c ./Middlewares/ST/STM32_USB_Device_Library/Core/Src/usbd_ctlreq.o
                0x0000000008005894                USBD_StdItfReq
 .text.USBD_StdEPReq
                0x00000000080058e0      0x11e ./Middlewares/ST/STM32_USB_Device_Library/Core/Src/usbd_ctlreq.o
                0x00000000080058e0                USBD_StdEPReq
 .text.USBD_ParseSetupRequest
                0x00000000080059fe       0x28 ./Middlewares/ST/STM32_USB_Device_Library/Core/Src/usbd_ctlreq.o
                0x00000000080059fe                USBD_ParseSetupRequest
 .text.USBD_CtlError
                0x0000000008005a26       0x16 ./Middlewares/ST/STM32_USB_Device_Library/Core/Src/usbd_ctlreq.o
                0x0000000008005a26                USBD_CtlError
 .text.USBD_GetString
                0x0000000008005a3c       0x38 ./Middlewares/ST/STM32_USB_Device_Library/Core/Src/usbd_ctlreq.o
                0x0000000008005a3c                USBD_GetString
 .text.USBD_CtlSendData
                0x0000000008005a74       0x1a ./Middlewares/ST/STM32_USB_Device_Library/Core/Src/usbd_ioreq.o
                0x0000000008005a74                USBD_CtlSendData
 .text.USBD_CtlContinueSendData
                0x0000000008005a8e       0x10 ./Middlewares/ST/STM32_USB_Device_Library/Core/Src/usbd_ioreq.o
                0x0000000008005a8e                USBD_CtlContinueSendData
 .text.USBD_CtlPrepareRx
                0x0000000008005a9e       0x1a ./Middlewares/ST/STM32_USB_Device_Library/Core/Src/usbd_ioreq.o
                0x0000000008005a9e                USBD_CtlPrepareRx
 .text.USBD_CtlContinueRx
                0x0000000008005ab8       0x10 ./Middlewares/ST/STM32_USB_Device_Library/Core/Src/usbd_ioreq.o
                0x0000000008005ab8                USBD_CtlContinueRx
 .text.USBD_CtlSendStatus
                0x0000000008005ac8       0x16 ./Middlewares/ST/STM32_USB_Device_Library/Core/Src/usbd_ioreq.o
                0x0000000008005ac8                USBD_CtlSendStatus
 .text.USBD_CtlReceiveStatus
                0x0000000008005ade       0x16 ./Middlewares/ST/STM32_USB_Device_Library/Core/Src/usbd_ioreq.o
                0x0000000008005ade                USBD_CtlReceiveStatus
 .text.MX_USB_DEVICE_DeInit
                0x0000000008005af4       0x18 ./USB_DEVICE/App/usb_device.o
                0x0000000008005af4                MX_USB_DEVICE_DeInit
 .text.MX_USB_DEVICE_Init
                0x0000000008005b0c       0x50 ./USB_DEVICE/App/usb_device.o
                0x0000000008005b0c                MX_USB_DEVICE_Init
 .text.CUSTOM_HID_Init_FS
                0x0000000008005b5c        0x4 ./USB_DEVICE/App/usbd_custom_hid_if.o
 .text.CUSTOM_HID_OutEvent_FS
                0x0000000008005b60       0x34 ./USB_DEVICE/App/usbd_custom_hid_if.o
                0x0000000008005b60                CUSTOM_HID_OutEvent_FS
 .text.CUSTOM_HID_DeInit_FS
                0x0000000008005b94        0x4 ./USB_DEVICE/App/usbd_custom_hid_if.o
 .text.USBD_FS_DeviceDescriptor
                0x0000000008005b98        0xc ./USB_DEVICE/App/usbd_desc.o
                0x0000000008005b98                USBD_FS_DeviceDescriptor
 .text.USBD_FS_LangIDStrDescriptor
                0x0000000008005ba4        0xc ./USB_DEVICE/App/usbd_desc.o
                0x0000000008005ba4                USBD_FS_LangIDStrDescriptor
 .text.USBD_FS_USR_BOSDescriptor
                0x0000000008005bb0        0xc ./USB_DEVICE/App/usbd_desc.o
                0x0000000008005bb0                USBD_FS_USR_BOSDescriptor
 .text.IntToUnicode
                0x0000000008005bbc       0x2a ./USB_DEVICE/App/usbd_desc.o
 *fill*         0x0000000008005be6        0x2 
 .text.USBD_FS_SerialStrDescriptor
                0x0000000008005be8       0x40 ./USB_DEVICE/App/usbd_desc.o
                0x0000000008005be8                USBD_FS_SerialStrDescriptor
 .text.USBD_FS_ManufacturerStrDescriptor
                0x0000000008005c28       0x1c ./USB_DEVICE/App/usbd_desc.o
                0x0000000008005c28                USBD_FS_ManufacturerStrDescriptor
 .text.USBD_FS_ConfigStrDescriptor
                0x0000000008005c44       0x1c ./USB_DEVICE/App/usbd_desc.o
                0x0000000008005c44                USBD_FS_ConfigStrDescriptor
 .text.USBD_FS_InterfaceStrDescriptor
                0x0000000008005c60       0x1c ./USB_DEVICE/App/usbd_desc.o
                0x0000000008005c60                USBD_FS_InterfaceStrDescriptor
 .text.USBD_FS_ProductStrDescriptor
                0x0000000008005c7c       0x1c ./USB_DEVICE/App/usbd_desc.o
                0x0000000008005c7c                USBD_FS_ProductStrDescriptor
 .text.HAL_PCD_MspInit
                0x0000000008005c98       0xb4 ./USB_DEVICE/Target/usbd_conf.o
                0x0000000008005c98                HAL_PCD_MspInit
 .text.HAL_PCD_MspDeInit
                0x0000000008005d4c       0x34 ./USB_DEVICE/Target/usbd_conf.o
                0x0000000008005d4c                HAL_PCD_MspDeInit
 .text.HAL_PCD_SetupStageCallback
                0x0000000008005d80        0xc ./USB_DEVICE/Target/usbd_conf.o
                0x0000000008005d80                HAL_PCD_SetupStageCallback
 .text.HAL_PCD_DataOutStageCallback
                0x0000000008005d8c       0x12 ./USB_DEVICE/Target/usbd_conf.o
                0x0000000008005d8c                HAL_PCD_DataOutStageCallback
 .text.HAL_PCD_DataInStageCallback
                0x0000000008005d9e       0x10 ./USB_DEVICE/Target/usbd_conf.o
                0x0000000008005d9e                HAL_PCD_DataInStageCallback
 .text.HAL_PCD_SOFCallback
                0x0000000008005dae        0x8 ./USB_DEVICE/Target/usbd_conf.o
                0x0000000008005dae                HAL_PCD_SOFCallback
 .text.HAL_PCD_ResetCallback
                0x0000000008005db6       0x24 ./USB_DEVICE/Target/usbd_conf.o
                0x0000000008005db6                HAL_PCD_ResetCallback
 *fill*         0x0000000008005dda        0x2 
 .text.HAL_PCD_SuspendCallback
                0x0000000008005ddc       0x30 ./USB_DEVICE/Target/usbd_conf.o
                0x0000000008005ddc                HAL_PCD_SuspendCallback
 .text.HAL_PCD_ResumeCallback
                0x0000000008005e0c        0x8 ./USB_DEVICE/Target/usbd_conf.o
                0x0000000008005e0c                HAL_PCD_ResumeCallback
 .text.HAL_PCD_ISOOUTIncompleteCallback
                0x0000000008005e14        0x8 ./USB_DEVICE/Target/usbd_conf.o
                0x0000000008005e14                HAL_PCD_ISOOUTIncompleteCallback
 .text.HAL_PCD_ISOINIncompleteCallback
                0x0000000008005e1c        0x8 ./USB_DEVICE/Target/usbd_conf.o
                0x0000000008005e1c                HAL_PCD_ISOINIncompleteCallback
 .text.HAL_PCD_ConnectCallback
                0x0000000008005e24        0x8 ./USB_DEVICE/Target/usbd_conf.o
                0x0000000008005e24                HAL_PCD_ConnectCallback
 .text.HAL_PCD_DisconnectCallback
                0x0000000008005e2c        0x8 ./USB_DEVICE/Target/usbd_conf.o
                0x0000000008005e2c                HAL_PCD_DisconnectCallback
 .text.USBD_LL_Init
                0x0000000008005e34       0x60 ./USB_DEVICE/Target/usbd_conf.o
                0x0000000008005e34                USBD_LL_Init
 .text.USBD_LL_DeInit
                0x0000000008005e94       0x1c ./USB_DEVICE/Target/usbd_conf.o
                0x0000000008005e94                USBD_LL_DeInit
 .text.USBD_LL_Start
                0x0000000008005eb0       0x1c ./USB_DEVICE/Target/usbd_conf.o
                0x0000000008005eb0                USBD_LL_Start
 .text.USBD_LL_Stop
                0x0000000008005ecc       0x1c ./USB_DEVICE/Target/usbd_conf.o
                0x0000000008005ecc                USBD_LL_Stop
 .text.USBD_LL_OpenEP
                0x0000000008005ee8       0x20 ./USB_DEVICE/Target/usbd_conf.o
                0x0000000008005ee8                USBD_LL_OpenEP
 .text.USBD_LL_CloseEP
                0x0000000008005f08       0x1c ./USB_DEVICE/Target/usbd_conf.o
                0x0000000008005f08                USBD_LL_CloseEP
 .text.USBD_LL_StallEP
                0x0000000008005f24       0x1c ./USB_DEVICE/Target/usbd_conf.o
                0x0000000008005f24                USBD_LL_StallEP
 .text.USBD_LL_ClearStallEP
                0x0000000008005f40       0x1c ./USB_DEVICE/Target/usbd_conf.o
                0x0000000008005f40                USBD_LL_ClearStallEP
 .text.USBD_LL_IsStallEP
                0x0000000008005f5c       0x26 ./USB_DEVICE/Target/usbd_conf.o
                0x0000000008005f5c                USBD_LL_IsStallEP
 *fill*         0x0000000008005f82        0x2 
 .text.USBD_LL_SetUSBAddress
                0x0000000008005f84       0x1c ./USB_DEVICE/Target/usbd_conf.o
                0x0000000008005f84                USBD_LL_SetUSBAddress
 .text.USBD_LL_Transmit
                0x0000000008005fa0       0x1c ./USB_DEVICE/Target/usbd_conf.o
                0x0000000008005fa0                USBD_LL_Transmit
 .text.USBD_LL_PrepareReceive
                0x0000000008005fbc       0x1c ./USB_DEVICE/Target/usbd_conf.o
                0x0000000008005fbc                USBD_LL_PrepareReceive
 .text.HAL_PCDEx_LPM_Callback
                0x0000000008005fd8       0x64 ./USB_DEVICE/Target/usbd_conf.o
                0x0000000008005fd8                HAL_PCDEx_LPM_Callback
 .text.USBD_static_malloc
                0x000000000800603c        0x8 ./USB_DEVICE/Target/usbd_conf.o
                0x000000000800603c                USBD_static_malloc
 .text.USBD_static_free
                0x0000000008006044        0x2 ./USB_DEVICE/Target/usbd_conf.o
                0x0000000008006044                USBD_static_free
 *fill*         0x0000000008006046        0x2 
 .text.__errno  0x0000000008006048        0xc c:/st/stm32cubeide_1.7.0/stm32cubeide/plugins/com.st.stm32cube.ide.mcu.externaltools.gnu-tools-for-stm32.9-2020-q2-update.win32_2.0.0.202105311346/tools/bin/../lib/gcc/arm-none-eabi/9.3.1/../../../../arm-none-eabi/lib/thumb/v7e-m+fp/hard\libc_nano.a(lib_a-errno.o)
                0x0000000008006048                __errno
 .text.__libc_init_array
                0x0000000008006054       0x48 c:/st/stm32cubeide_1.7.0/stm32cubeide/plugins/com.st.stm32cube.ide.mcu.externaltools.gnu-tools-for-stm32.9-2020-q2-update.win32_2.0.0.202105311346/tools/bin/../lib/gcc/arm-none-eabi/9.3.1/../../../../arm-none-eabi/lib/thumb/v7e-m+fp/hard\libc_nano.a(lib_a-init.o)
                0x0000000008006054                __libc_init_array
 .text.memcpy   0x000000000800609c       0x1c c:/st/stm32cubeide_1.7.0/stm32cubeide/plugins/com.st.stm32cube.ide.mcu.externaltools.gnu-tools-for-stm32.9-2020-q2-update.win32_2.0.0.202105311346/tools/bin/../lib/gcc/arm-none-eabi/9.3.1/../../../../arm-none-eabi/lib/thumb/v7e-m+fp/hard\libc_nano.a(lib_a-memcpy-stub.o)
                0x000000000800609c                memcpy
 .text.memset   0x00000000080060b8       0x10 c:/st/stm32cubeide_1.7.0/stm32cubeide/plugins/com.st.stm32cube.ide.mcu.externaltools.gnu-tools-for-stm32.9-2020-q2-update.win32_2.0.0.202105311346/tools/bin/../lib/gcc/arm-none-eabi/9.3.1/../../../../arm-none-eabi/lib/thumb/v7e-m+fp/hard\libc_nano.a(lib_a-memset.o)
                0x00000000080060b8                memset
 .text.printf   0x00000000080060c8       0x30 c:/st/stm32cubeide_1.7.0/stm32cubeide/plugins/com.st.stm32cube.ide.mcu.externaltools.gnu-tools-for-stm32.9-2020-q2-update.win32_2.0.0.202105311346/tools/bin/../lib/gcc/arm-none-eabi/9.3.1/../../../../arm-none-eabi/lib/thumb/v7e-m+fp/hard\libc_nano.a(lib_a-printf.o)
                0x00000000080060c8                iprintf
                0x00000000080060c8                printf
 .text.putchar  0x00000000080060f8       0x2c c:/st/stm32cubeide_1.7.0/stm32cubeide/plugins/com.st.stm32cube.ide.mcu.externaltools.gnu-tools-for-stm32.9-2020-q2-update.win32_2.0.0.202105311346/tools/bin/../lib/gcc/arm-none-eabi/9.3.1/../../../../arm-none-eabi/lib/thumb/v7e-m+fp/hard\libc_nano.a(lib_a-putchar.o)
                0x00000000080060f8                putchar
 .text.std      0x0000000008006124       0x48 c:/st/stm32cubeide_1.7.0/stm32cubeide/plugins/com.st.stm32cube.ide.mcu.externaltools.gnu-tools-for-stm32.9-2020-q2-update.win32_2.0.0.202105311346/tools/bin/../lib/gcc/arm-none-eabi/9.3.1/../../../../arm-none-eabi/lib/thumb/v7e-m+fp/hard\libc_nano.a(lib_a-findfp.o)
 .text._cleanup_r
                0x000000000800616c        0xc c:/st/stm32cubeide_1.7.0/stm32cubeide/plugins/com.st.stm32cube.ide.mcu.externaltools.gnu-tools-for-stm32.9-2020-q2-update.win32_2.0.0.202105311346/tools/bin/../lib/gcc/arm-none-eabi/9.3.1/../../../../arm-none-eabi/lib/thumb/v7e-m+fp/hard\libc_nano.a(lib_a-findfp.o)
                0x000000000800616c                _cleanup_r
 .text.__sfmoreglue
                0x0000000008006178       0x2c c:/st/stm32cubeide_1.7.0/stm32cubeide/plugins/com.st.stm32cube.ide.mcu.externaltools.gnu-tools-for-stm32.9-2020-q2-update.win32_2.0.0.202105311346/tools/bin/../lib/gcc/arm-none-eabi/9.3.1/../../../../arm-none-eabi/lib/thumb/v7e-m+fp/hard\libc_nano.a(lib_a-findfp.o)
                0x0000000008006178                __sfmoreglue
 .text.__sfp_lock_acquire
                0x00000000080061a4        0xc c:/st/stm32cubeide_1.7.0/stm32cubeide/plugins/com.st.stm32cube.ide.mcu.externaltools.gnu-tools-for-stm32.9-2020-q2-update.win32_2.0.0.202105311346/tools/bin/../lib/gcc/arm-none-eabi/9.3.1/../../../../arm-none-eabi/lib/thumb/v7e-m+fp/hard\libc_nano.a(lib_a-findfp.o)
                0x00000000080061a4                __sfp_lock_acquire
 .text.__sfp_lock_release
                0x00000000080061b0        0xc c:/st/stm32cubeide_1.7.0/stm32cubeide/plugins/com.st.stm32cube.ide.mcu.externaltools.gnu-tools-for-stm32.9-2020-q2-update.win32_2.0.0.202105311346/tools/bin/../lib/gcc/arm-none-eabi/9.3.1/../../../../arm-none-eabi/lib/thumb/v7e-m+fp/hard\libc_nano.a(lib_a-findfp.o)
                0x00000000080061b0                __sfp_lock_release
 .text.__sinit_lock_acquire
                0x00000000080061bc        0xc c:/st/stm32cubeide_1.7.0/stm32cubeide/plugins/com.st.stm32cube.ide.mcu.externaltools.gnu-tools-for-stm32.9-2020-q2-update.win32_2.0.0.202105311346/tools/bin/../lib/gcc/arm-none-eabi/9.3.1/../../../../arm-none-eabi/lib/thumb/v7e-m+fp/hard\libc_nano.a(lib_a-findfp.o)
                0x00000000080061bc                __sinit_lock_acquire
 .text.__sinit_lock_release
                0x00000000080061c8        0xc c:/st/stm32cubeide_1.7.0/stm32cubeide/plugins/com.st.stm32cube.ide.mcu.externaltools.gnu-tools-for-stm32.9-2020-q2-update.win32_2.0.0.202105311346/tools/bin/../lib/gcc/arm-none-eabi/9.3.1/../../../../arm-none-eabi/lib/thumb/v7e-m+fp/hard\libc_nano.a(lib_a-findfp.o)
                0x00000000080061c8                __sinit_lock_release
 .text.__sinit  0x00000000080061d4       0x70 c:/st/stm32cubeide_1.7.0/stm32cubeide/plugins/com.st.stm32cube.ide.mcu.externaltools.gnu-tools-for-stm32.9-2020-q2-update.win32_2.0.0.202105311346/tools/bin/../lib/gcc/arm-none-eabi/9.3.1/../../../../arm-none-eabi/lib/thumb/v7e-m+fp/hard\libc_nano.a(lib_a-findfp.o)
                0x00000000080061d4                __sinit
 .text.__sfp    0x0000000008006244       0x8c c:/st/stm32cubeide_1.7.0/stm32cubeide/plugins/com.st.stm32cube.ide.mcu.externaltools.gnu-tools-for-stm32.9-2020-q2-update.win32_2.0.0.202105311346/tools/bin/../lib/gcc/arm-none-eabi/9.3.1/../../../../arm-none-eabi/lib/thumb/v7e-m+fp/hard\libc_nano.a(lib_a-findfp.o)
                0x0000000008006244                __sfp
 .text._fwalk_reent
                0x00000000080062d0       0x3e c:/st/stm32cubeide_1.7.0/stm32cubeide/plugins/com.st.stm32cube.ide.mcu.externaltools.gnu-tools-for-stm32.9-2020-q2-update.win32_2.0.0.202105311346/tools/bin/../lib/gcc/arm-none-eabi/9.3.1/../../../../arm-none-eabi/lib/thumb/v7e-m+fp/hard\libc_nano.a(lib_a-fwalk.o)
                0x00000000080062d0                _fwalk_reent
 .text.__retarget_lock_init_recursive
                0x000000000800630e        0x2 c:/st/stm32cubeide_1.7.0/stm32cubeide/plugins/com.st.stm32cube.ide.mcu.externaltools.gnu-tools-for-stm32.9-2020-q2-update.win32_2.0.0.202105311346/tools/bin/../lib/gcc/arm-none-eabi/9.3.1/../../../../arm-none-eabi/lib/thumb/v7e-m+fp/hard\libc_nano.a(lib_a-lock.o)
                0x000000000800630e                __retarget_lock_init_recursive
 .text.__retarget_lock_acquire_recursive
                0x0000000008006310        0x2 c:/st/stm32cubeide_1.7.0/stm32cubeide/plugins/com.st.stm32cube.ide.mcu.externaltools.gnu-tools-for-stm32.9-2020-q2-update.win32_2.0.0.202105311346/tools/bin/../lib/gcc/arm-none-eabi/9.3.1/../../../../arm-none-eabi/lib/thumb/v7e-m+fp/hard\libc_nano.a(lib_a-lock.o)
                0x0000000008006310                __retarget_lock_acquire_recursive
 .text.__retarget_lock_release_recursive
                0x0000000008006312        0x2 c:/st/stm32cubeide_1.7.0/stm32cubeide/plugins/com.st.stm32cube.ide.mcu.externaltools.gnu-tools-for-stm32.9-2020-q2-update.win32_2.0.0.202105311346/tools/bin/../lib/gcc/arm-none-eabi/9.3.1/../../../../arm-none-eabi/lib/thumb/v7e-m+fp/hard\libc_nano.a(lib_a-lock.o)
                0x0000000008006312                __retarget_lock_release_recursive
 .text._malloc_r
                0x0000000008006314       0xb4 c:/st/stm32cubeide_1.7.0/stm32cubeide/plugins/com.st.stm32cube.ide.mcu.externaltools.gnu-tools-for-stm32.9-2020-q2-update.win32_2.0.0.202105311346/tools/bin/../lib/gcc/arm-none-eabi/9.3.1/../../../../arm-none-eabi/lib/thumb/v7e-m+fp/hard\libc_nano.a(lib_a-nano-mallocr.o)
                0x0000000008006314                _malloc_r
 .text.__sfputc_r
                0x00000000080063c8       0x2e c:/st/stm32cubeide_1.7.0/stm32cubeide/plugins/com.st.stm32cube.ide.mcu.externaltools.gnu-tools-for-stm32.9-2020-q2-update.win32_2.0.0.202105311346/tools/bin/../lib/gcc/arm-none-eabi/9.3.1/../../../../arm-none-eabi/lib/thumb/v7e-m+fp/hard\libc_nano.a(lib_a-nano-vfprintf.o)
 .text.__sfputs_r
                0x00000000080063f6       0x24 c:/st/stm32cubeide_1.7.0/stm32cubeide/plugins/com.st.stm32cube.ide.mcu.externaltools.gnu-tools-for-stm32.9-2020-q2-update.win32_2.0.0.202105311346/tools/bin/../lib/gcc/arm-none-eabi/9.3.1/../../../../arm-none-eabi/lib/thumb/v7e-m+fp/hard\libc_nano.a(lib_a-nano-vfprintf.o)
                0x00000000080063f6                __sfputs_r
 *fill*         0x000000000800641a        0x2 
 .text._vfprintf_r
                0x000000000800641c      0x260 c:/st/stm32cubeide_1.7.0/stm32cubeide/plugins/com.st.stm32cube.ide.mcu.externaltools.gnu-tools-for-stm32.9-2020-q2-update.win32_2.0.0.202105311346/tools/bin/../lib/gcc/arm-none-eabi/9.3.1/../../../../arm-none-eabi/lib/thumb/v7e-m+fp/hard\libc_nano.a(lib_a-nano-vfprintf.o)
                0x000000000800641c                _vfprintf_r
                0x000000000800641c                _vfiprintf_r
 .text._printf_common
                0x000000000800667c       0xda c:/st/stm32cubeide_1.7.0/stm32cubeide/plugins/com.st.stm32cube.ide.mcu.externaltools.gnu-tools-for-stm32.9-2020-q2-update.win32_2.0.0.202105311346/tools/bin/../lib/gcc/arm-none-eabi/9.3.1/../../../../arm-none-eabi/lib/thumb/v7e-m+fp/hard\libc_nano.a(lib_a-nano-vfprintf_i.o)
                0x000000000800667c                _printf_common
 *fill*         0x0000000008006756        0x2 
 .text._printf_i
                0x0000000008006758      0x24c c:/st/stm32cubeide_1.7.0/stm32cubeide/plugins/com.st.stm32cube.ide.mcu.externaltools.gnu-tools-for-stm32.9-2020-q2-update.win32_2.0.0.202105311346/tools/bin/../lib/gcc/arm-none-eabi/9.3.1/../../../../arm-none-eabi/lib/thumb/v7e-m+fp/hard\libc_nano.a(lib_a-nano-vfprintf_i.o)
                0x0000000008006758                _printf_i
 .text._putc_r  0x00000000080069a4       0x90 c:/st/stm32cubeide_1.7.0/stm32cubeide/plugins/com.st.stm32cube.ide.mcu.externaltools.gnu-tools-for-stm32.9-2020-q2-update.win32_2.0.0.202105311346/tools/bin/../lib/gcc/arm-none-eabi/9.3.1/../../../../arm-none-eabi/lib/thumb/v7e-m+fp/hard\libc_nano.a(lib_a-putc.o)
                0x00000000080069a4                _putc_r
 .text._sbrk_r  0x0000000008006a34       0x20 c:/st/stm32cubeide_1.7.0/stm32cubeide/plugins/com.st.stm32cube.ide.mcu.externaltools.gnu-tools-for-stm32.9-2020-q2-update.win32_2.0.0.202105311346/tools/bin/../lib/gcc/arm-none-eabi/9.3.1/../../../../arm-none-eabi/lib/thumb/v7e-m+fp/hard\libc_nano.a(lib_a-sbrkr.o)
                0x0000000008006a34                _sbrk_r
 .text.__sread  0x0000000008006a54       0x22 c:/st/stm32cubeide_1.7.0/stm32cubeide/plugins/com.st.stm32cube.ide.mcu.externaltools.gnu-tools-for-stm32.9-2020-q2-update.win32_2.0.0.202105311346/tools/bin/../lib/gcc/arm-none-eabi/9.3.1/../../../../arm-none-eabi/lib/thumb/v7e-m+fp/hard\libc_nano.a(lib_a-stdio.o)
                0x0000000008006a54                __sread
 .text.__swrite
                0x0000000008006a76       0x38 c:/st/stm32cubeide_1.7.0/stm32cubeide/plugins/com.st.stm32cube.ide.mcu.externaltools.gnu-tools-for-stm32.9-2020-q2-update.win32_2.0.0.202105311346/tools/bin/../lib/gcc/arm-none-eabi/9.3.1/../../../../arm-none-eabi/lib/thumb/v7e-m+fp/hard\libc_nano.a(lib_a-stdio.o)
                0x0000000008006a76                __swrite
 .text.__sseek  0x0000000008006aae       0x24 c:/st/stm32cubeide_1.7.0/stm32cubeide/plugins/com.st.stm32cube.ide.mcu.externaltools.gnu-tools-for-stm32.9-2020-q2-update.win32_2.0.0.202105311346/tools/bin/../lib/gcc/arm-none-eabi/9.3.1/../../../../arm-none-eabi/lib/thumb/v7e-m+fp/hard\libc_nano.a(lib_a-stdio.o)
                0x0000000008006aae                __sseek
 .text.__sclose
                0x0000000008006ad2        0x8 c:/st/stm32cubeide_1.7.0/stm32cubeide/plugins/com.st.stm32cube.ide.mcu.externaltools.gnu-tools-for-stm32.9-2020-q2-update.win32_2.0.0.202105311346/tools/bin/../lib/gcc/arm-none-eabi/9.3.1/../../../../arm-none-eabi/lib/thumb/v7e-m+fp/hard\libc_nano.a(lib_a-stdio.o)
                0x0000000008006ad2                __sclose
 *fill*         0x0000000008006ada        0x2 
 .text.__swbuf_r
                0x0000000008006adc       0xa4 c:/st/stm32cubeide_1.7.0/stm32cubeide/plugins/com.st.stm32cube.ide.mcu.externaltools.gnu-tools-for-stm32.9-2020-q2-update.win32_2.0.0.202105311346/tools/bin/../lib/gcc/arm-none-eabi/9.3.1/../../../../arm-none-eabi/lib/thumb/v7e-m+fp/hard\libc_nano.a(lib_a-wbuf.o)
                0x0000000008006adc                __swbuf_r
 .text._write_r
                0x0000000008006b80       0x24 c:/st/stm32cubeide_1.7.0/stm32cubeide/plugins/com.st.stm32cube.ide.mcu.externaltools.gnu-tools-for-stm32.9-2020-q2-update.win32_2.0.0.202105311346/tools/bin/../lib/gcc/arm-none-eabi/9.3.1/../../../../arm-none-eabi/lib/thumb/v7e-m+fp/hard\libc_nano.a(lib_a-writer.o)
                0x0000000008006b80                _write_r
 .text.__swsetup_r
                0x0000000008006ba4       0xdc c:/st/stm32cubeide_1.7.0/stm32cubeide/plugins/com.st.stm32cube.ide.mcu.externaltools.gnu-tools-for-stm32.9-2020-q2-update.win32_2.0.0.202105311346/tools/bin/../lib/gcc/arm-none-eabi/9.3.1/../../../../arm-none-eabi/lib/thumb/v7e-m+fp/hard\libc_nano.a(lib_a-wsetup.o)
                0x0000000008006ba4                __swsetup_r
 .text._close_r
                0x0000000008006c80       0x20 c:/st/stm32cubeide_1.7.0/stm32cubeide/plugins/com.st.stm32cube.ide.mcu.externaltools.gnu-tools-for-stm32.9-2020-q2-update.win32_2.0.0.202105311346/tools/bin/../lib/gcc/arm-none-eabi/9.3.1/../../../../arm-none-eabi/lib/thumb/v7e-m+fp/hard\libc_nano.a(lib_a-closer.o)
                0x0000000008006c80                _close_r
 .text.__sflush_r
                0x0000000008006ca0      0x10c c:/st/stm32cubeide_1.7.0/stm32cubeide/plugins/com.st.stm32cube.ide.mcu.externaltools.gnu-tools-for-stm32.9-2020-q2-update.win32_2.0.0.202105311346/tools/bin/../lib/gcc/arm-none-eabi/9.3.1/../../../../arm-none-eabi/lib/thumb/v7e-m+fp/hard\libc_nano.a(lib_a-fflush.o)
                0x0000000008006ca0                __sflush_r
 .text._fflush_r
                0x0000000008006dac       0x78 c:/st/stm32cubeide_1.7.0/stm32cubeide/plugins/com.st.stm32cube.ide.mcu.externaltools.gnu-tools-for-stm32.9-2020-q2-update.win32_2.0.0.202105311346/tools/bin/../lib/gcc/arm-none-eabi/9.3.1/../../../../arm-none-eabi/lib/thumb/v7e-m+fp/hard\libc_nano.a(lib_a-fflush.o)
                0x0000000008006dac                _fflush_r
 .text._lseek_r
                0x0000000008006e24       0x24 c:/st/stm32cubeide_1.7.0/stm32cubeide/plugins/com.st.stm32cube.ide.mcu.externaltools.gnu-tools-for-stm32.9-2020-q2-update.win32_2.0.0.202105311346/tools/bin/../lib/gcc/arm-none-eabi/9.3.1/../../../../arm-none-eabi/lib/thumb/v7e-m+fp/hard\libc_nano.a(lib_a-lseekr.o)
                0x0000000008006e24                _lseek_r
 .text.__swhatbuf_r
                0x0000000008006e48       0x48 c:/st/stm32cubeide_1.7.0/stm32cubeide/plugins/com.st.stm32cube.ide.mcu.externaltools.gnu-tools-for-stm32.9-2020-q2-update.win32_2.0.0.202105311346/tools/bin/../lib/gcc/arm-none-eabi/9.3.1/../../../../arm-none-eabi/lib/thumb/v7e-m+fp/hard\libc_nano.a(lib_a-makebuf.o)
                0x0000000008006e48                __swhatbuf_r
 .text.__smakebuf_r
                0x0000000008006e90       0x80 c:/st/stm32cubeide_1.7.0/stm32cubeide/plugins/com.st.stm32cube.ide.mcu.externaltools.gnu-tools-for-stm32.9-2020-q2-update.win32_2.0.0.202105311346/tools/bin/../lib/gcc/arm-none-eabi/9.3.1/../../../../arm-none-eabi/lib/thumb/v7e-m+fp/hard\libc_nano.a(lib_a-makebuf.o)
                0x0000000008006e90                __smakebuf_r
 .text.__malloc_lock
                0x0000000008006f10        0xc c:/st/stm32cubeide_1.7.0/stm32cubeide/plugins/com.st.stm32cube.ide.mcu.externaltools.gnu-tools-for-stm32.9-2020-q2-update.win32_2.0.0.202105311346/tools/bin/../lib/gcc/arm-none-eabi/9.3.1/../../../../arm-none-eabi/lib/thumb/v7e-m+fp/hard\libc_nano.a(lib_a-mlock.o)
                0x0000000008006f10                __malloc_lock
 .text.__malloc_unlock
                0x0000000008006f1c        0xc c:/st/stm32cubeide_1.7.0/stm32cubeide/plugins/com.st.stm32cube.ide.mcu.externaltools.gnu-tools-for-stm32.9-2020-q2-update.win32_2.0.0.202105311346/tools/bin/../lib/gcc/arm-none-eabi/9.3.1/../../../../arm-none-eabi/lib/thumb/v7e-m+fp/hard\libc_nano.a(lib_a-mlock.o)
                0x0000000008006f1c                __malloc_unlock
 .text._free_r  0x0000000008006f28       0xa0 c:/st/stm32cubeide_1.7.0/stm32cubeide/plugins/com.st.stm32cube.ide.mcu.externaltools.gnu-tools-for-stm32.9-2020-q2-update.win32_2.0.0.202105311346/tools/bin/../lib/gcc/arm-none-eabi/9.3.1/../../../../arm-none-eabi/lib/thumb/v7e-m+fp/hard\libc_nano.a(lib_a-nano-freer.o)
                0x0000000008006f28                _free_r
 .text._read_r  0x0000000008006fc8       0x24 c:/st/stm32cubeide_1.7.0/stm32cubeide/plugins/com.st.stm32cube.ide.mcu.externaltools.gnu-tools-for-stm32.9-2020-q2-update.win32_2.0.0.202105311346/tools/bin/../lib/gcc/arm-none-eabi/9.3.1/../../../../arm-none-eabi/lib/thumb/v7e-m+fp/hard\libc_nano.a(lib_a-readr.o)
                0x0000000008006fc8                _read_r
 .text._fstat_r
                0x0000000008006fec       0x24 c:/st/stm32cubeide_1.7.0/stm32cubeide/plugins/com.st.stm32cube.ide.mcu.externaltools.gnu-tools-for-stm32.9-2020-q2-update.win32_2.0.0.202105311346/tools/bin/../lib/gcc/arm-none-eabi/9.3.1/../../../../arm-none-eabi/lib/thumb/v7e-m+fp/hard\libc_nano.a(lib_a-fstatr.o)
                0x0000000008006fec                _fstat_r
 .text._isatty_r
                0x0000000008007010       0x20 c:/st/stm32cubeide_1.7.0/stm32cubeide/plugins/com.st.stm32cube.ide.mcu.externaltools.gnu-tools-for-stm32.9-2020-q2-update.win32_2.0.0.202105311346/tools/bin/../lib/gcc/arm-none-eabi/9.3.1/../../../../arm-none-eabi/lib/thumb/v7e-m+fp/hard\libc_nano.a(lib_a-isattyr.o)
                0x0000000008007010                _isatty_r
 .text.atan     0x0000000008007030      0x340 c:/st/stm32cubeide_1.7.0/stm32cubeide/plugins/com.st.stm32cube.ide.mcu.externaltools.gnu-tools-for-stm32.9-2020-q2-update.win32_2.0.0.202105311346/tools/bin/../lib/gcc/arm-none-eabi/9.3.1/../../../../arm-none-eabi/lib/thumb/v7e-m+fp/hard\libm.a(lib_a-s_atan.o)
                0x0000000008007030                atan
 .text.fabs     0x0000000008007370       0x12 c:/st/stm32cubeide_1.7.0/stm32cubeide/plugins/com.st.stm32cube.ide.mcu.externaltools.gnu-tools-for-stm32.9-2020-q2-update.win32_2.0.0.202105311346/tools/bin/../lib/gcc/arm-none-eabi/9.3.1/../../../../arm-none-eabi/lib/thumb/v7e-m+fp/hard\libm.a(lib_a-s_fabs.o)
                0x0000000008007370                fabs
 *fill*         0x0000000008007382        0x2 
 .text.round    0x0000000008007384       0x8c c:/st/stm32cubeide_1.7.0/stm32cubeide/plugins/com.st.stm32cube.ide.mcu.externaltools.gnu-tools-for-stm32.9-2020-q2-update.win32_2.0.0.202105311346/tools/bin/../lib/gcc/arm-none-eabi/9.3.1/../../../../arm-none-eabi/lib/thumb/v7e-m+fp/hard\libm.a(lib_a-s_round.o)
                0x0000000008007384                round
 .text.pow      0x0000000008007410      0x15c c:/st/stm32cubeide_1.7.0/stm32cubeide/plugins/com.st.stm32cube.ide.mcu.externaltools.gnu-tools-for-stm32.9-2020-q2-update.win32_2.0.0.202105311346/tools/bin/../lib/gcc/arm-none-eabi/9.3.1/../../../../arm-none-eabi/lib/thumb/v7e-m+fp/hard\libm.a(lib_a-w_pow.o)
                0x0000000008007410                pow
 *fill*         0x000000000800756c        0x4 
 .text.__ieee754_pow
                0x0000000008007570      0xa44 c:/st/stm32cubeide_1.7.0/stm32cubeide/plugins/com.st.stm32cube.ide.mcu.externaltools.gnu-tools-for-stm32.9-2020-q2-update.win32_2.0.0.202105311346/tools/bin/../lib/gcc/arm-none-eabi/9.3.1/../../../../arm-none-eabi/lib/thumb/v7e-m+fp/hard\libm.a(lib_a-e_pow.o)
                0x0000000008007570                __ieee754_pow
 .text.__ieee754_sqrt
                0x0000000008007fb4      0x168 c:/st/stm32cubeide_1.7.0/stm32cubeide/plugins/com.st.stm32cube.ide.mcu.externaltools.gnu-tools-for-stm32.9-2020-q2-update.win32_2.0.0.202105311346/tools/bin/../lib/gcc/arm-none-eabi/9.3.1/../../../../arm-none-eabi/lib/thumb/v7e-m+fp/hard\libm.a(lib_a-e_sqrt.o)
                0x0000000008007fb4                __ieee754_sqrt
 .text.finite   0x000000000800811c       0x16 c:/st/stm32cubeide_1.7.0/stm32cubeide/plugins/com.st.stm32cube.ide.mcu.externaltools.gnu-tools-for-stm32.9-2020-q2-update.win32_2.0.0.202105311346/tools/bin/../lib/gcc/arm-none-eabi/9.3.1/../../../../arm-none-eabi/lib/thumb/v7e-m+fp/hard\libm.a(lib_a-s_finite.o)
                0x000000000800811c                finite
 *fill*         0x0000000008008132        0x6 
 .text.nan      0x0000000008008138       0x10 c:/st/stm32cubeide_1.7.0/stm32cubeide/plugins/com.st.stm32cube.ide.mcu.externaltools.gnu-tools-for-stm32.9-2020-q2-update.win32_2.0.0.202105311346/tools/bin/../lib/gcc/arm-none-eabi/9.3.1/../../../../arm-none-eabi/lib/thumb/v7e-m+fp/hard\libm.a(lib_a-s_nan.o)
                0x0000000008008138                nan
 .text.rint     0x0000000008008148      0x114 c:/st/stm32cubeide_1.7.0/stm32cubeide/plugins/com.st.stm32cube.ide.mcu.externaltools.gnu-tools-for-stm32.9-2020-q2-update.win32_2.0.0.202105311346/tools/bin/../lib/gcc/arm-none-eabi/9.3.1/../../../../arm-none-eabi/lib/thumb/v7e-m+fp/hard\libm.a(lib_a-s_rint.o)
                0x0000000008008148                rint
 *fill*         0x000000000800825c        0x4 
 .text.scalbn   0x0000000008008260      0x10c c:/st/stm32cubeide_1.7.0/stm32cubeide/plugins/com.st.stm32cube.ide.mcu.externaltools.gnu-tools-for-stm32.9-2020-q2-update.win32_2.0.0.202105311346/tools/bin/../lib/gcc/arm-none-eabi/9.3.1/../../../../arm-none-eabi/lib/thumb/v7e-m+fp/hard\libm.a(lib_a-s_scalbn.o)
                0x0000000008008260                scalbn
 *(.glue_7)
 .glue_7        0x000000000800836c        0x0 linker stubs
 *(.glue_7t)
 .glue_7t       0x000000000800836c        0x0 linker stubs
 *(.eh_frame)
 .eh_frame      0x000000000800836c        0x0 c:/st/stm32cubeide_1.7.0/stm32cubeide/plugins/com.st.stm32cube.ide.mcu.externaltools.gnu-tools-for-stm32.9-2020-q2-update.win32_2.0.0.202105311346/tools/bin/../lib/gcc/arm-none-eabi/9.3.1/thumb/v7e-m+fp/hard/crtbegin.o
 *(.init)
 .init          0x000000000800836c        0x4 c:/st/stm32cubeide_1.7.0/stm32cubeide/plugins/com.st.stm32cube.ide.mcu.externaltools.gnu-tools-for-stm32.9-2020-q2-update.win32_2.0.0.202105311346/tools/bin/../lib/gcc/arm-none-eabi/9.3.1/thumb/v7e-m+fp/hard/crti.o
                0x000000000800836c                _init
 .init          0x0000000008008370        0x8 c:/st/stm32cubeide_1.7.0/stm32cubeide/plugins/com.st.stm32cube.ide.mcu.externaltools.gnu-tools-for-stm32.9-2020-q2-update.win32_2.0.0.202105311346/tools/bin/../lib/gcc/arm-none-eabi/9.3.1/thumb/v7e-m+fp/hard/crtn.o
 *(.fini)
 .fini          0x0000000008008378        0x4 c:/st/stm32cubeide_1.7.0/stm32cubeide/plugins/com.st.stm32cube.ide.mcu.externaltools.gnu-tools-for-stm32.9-2020-q2-update.win32_2.0.0.202105311346/tools/bin/../lib/gcc/arm-none-eabi/9.3.1/thumb/v7e-m+fp/hard/crti.o
                0x0000000008008378                _fini
 .fini          0x000000000800837c        0x8 c:/st/stm32cubeide_1.7.0/stm32cubeide/plugins/com.st.stm32cube.ide.mcu.externaltools.gnu-tools-for-stm32.9-2020-q2-update.win32_2.0.0.202105311346/tools/bin/../lib/gcc/arm-none-eabi/9.3.1/thumb/v7e-m+fp/hard/crtn.o
                0x0000000008008384                . = ALIGN (0x4)
                0x0000000008008384                _etext = .

.vfp11_veneer   0x0000000008008384        0x0
 .vfp11_veneer  0x0000000008008384        0x0 linker stubs

.v4_bx          0x0000000008008384        0x0
 .v4_bx         0x0000000008008384        0x0 linker stubs

.iplt           0x0000000008008384        0x0
 .iplt          0x0000000008008384        0x0 c:/st/stm32cubeide_1.7.0/stm32cubeide/plugins/com.st.stm32cube.ide.mcu.externaltools.gnu-tools-for-stm32.9-2020-q2-update.win32_2.0.0.202105311346/tools/bin/../lib/gcc/arm-none-eabi/9.3.1/thumb/v7e-m+fp/hard/crtbegin.o

.rodata         0x0000000008008388      0x178
                0x0000000008008388                . = ALIGN (0x4)
 *(.rodata)
 *(.rodata*)
 .rodata.AHBPrescTable
                0x0000000008008388       0x10 ./Core/Src/system_stm32f4xx.o
                0x0000000008008388                AHBPrescTable
 .rodata.APBPrescTable
                0x0000000008008398        0x8 ./Core/Src/system_stm32f4xx.o
                0x0000000008008398                APBPrescTable
 .rodata.USBD_Init.str1.1
                0x00000000080083a0       0x1e ./Middlewares/ST/STM32_USB_Device_Library/Core/Src/usbd_core.o
 .rodata.USBD_RegisterClass.str1.1
                0x00000000080083be       0x15 ./Middlewares/ST/STM32_USB_Device_Library/Core/Src/usbd_core.o
 .rodata.USBD_FS_ManufacturerStrDescriptor.str1.1
                0x00000000080083d3        0x6 ./USB_DEVICE/App/usbd_desc.o
 .rodata.USBD_FS_ConfigStrDescriptor.str1.1
                0x00000000080083d9        0xb ./USB_DEVICE/App/usbd_desc.o
 .rodata.CSWTCH.24
                0x00000000080083e4        0x4 ./USB_DEVICE/Target/usbd_conf.o
 .rodata._global_impure_ptr
                0x00000000080083e8        0x4 c:/st/stm32cubeide_1.7.0/stm32cubeide/plugins/com.st.stm32cube.ide.mcu.externaltools.gnu-tools-for-stm32.9-2020-q2-update.win32_2.0.0.202105311346/tools/bin/../lib/gcc/arm-none-eabi/9.3.1/../../../../arm-none-eabi/lib/thumb/v7e-m+fp/hard\libc_nano.a(lib_a-impure.o)
                0x00000000080083e8                _global_impure_ptr
 .rodata.__sf_fake_stderr
                0x00000000080083ec       0x20 c:/st/stm32cubeide_1.7.0/stm32cubeide/plugins/com.st.stm32cube.ide.mcu.externaltools.gnu-tools-for-stm32.9-2020-q2-update.win32_2.0.0.202105311346/tools/bin/../lib/gcc/arm-none-eabi/9.3.1/../../../../arm-none-eabi/lib/thumb/v7e-m+fp/hard\libc_nano.a(lib_a-findfp.o)
                0x00000000080083ec                __sf_fake_stderr
 .rodata.__sf_fake_stdin
                0x000000000800840c       0x20 c:/st/stm32cubeide_1.7.0/stm32cubeide/plugins/com.st.stm32cube.ide.mcu.externaltools.gnu-tools-for-stm32.9-2020-q2-update.win32_2.0.0.202105311346/tools/bin/../lib/gcc/arm-none-eabi/9.3.1/../../../../arm-none-eabi/lib/thumb/v7e-m+fp/hard\libc_nano.a(lib_a-findfp.o)
                0x000000000800840c                __sf_fake_stdin
 .rodata.__sf_fake_stdout
                0x000000000800842c       0x20 c:/st/stm32cubeide_1.7.0/stm32cubeide/plugins/com.st.stm32cube.ide.mcu.externaltools.gnu-tools-for-stm32.9-2020-q2-update.win32_2.0.0.202105311346/tools/bin/../lib/gcc/arm-none-eabi/9.3.1/../../../../arm-none-eabi/lib/thumb/v7e-m+fp/hard\libc_nano.a(lib_a-findfp.o)
                0x000000000800842c                __sf_fake_stdout
 .rodata._vfprintf_r.str1.1
                0x000000000800844c       0x11 c:/st/stm32cubeide_1.7.0/stm32cubeide/plugins/com.st.stm32cube.ide.mcu.externaltools.gnu-tools-for-stm32.9-2020-q2-update.win32_2.0.0.202105311346/tools/bin/../lib/gcc/arm-none-eabi/9.3.1/../../../../arm-none-eabi/lib/thumb/v7e-m+fp/hard\libc_nano.a(lib_a-nano-vfprintf.o)
 .rodata._printf_i.str1.1
                0x000000000800845d       0x22 c:/st/stm32cubeide_1.7.0/stm32cubeide/plugins/com.st.stm32cube.ide.mcu.externaltools.gnu-tools-for-stm32.9-2020-q2-update.win32_2.0.0.202105311346/tools/bin/../lib/gcc/arm-none-eabi/9.3.1/../../../../arm-none-eabi/lib/thumb/v7e-m+fp/hard\libc_nano.a(lib_a-nano-vfprintf_i.o)
 *fill*         0x000000000800847f        0x1 
 .rodata.atanhi
                0x0000000008008480       0x20 c:/st/stm32cubeide_1.7.0/stm32cubeide/plugins/com.st.stm32cube.ide.mcu.externaltools.gnu-tools-for-stm32.9-2020-q2-update.win32_2.0.0.202105311346/tools/bin/../lib/gcc/arm-none-eabi/9.3.1/../../../../arm-none-eabi/lib/thumb/v7e-m+fp/hard\libm.a(lib_a-s_atan.o)
 .rodata.atanlo
                0x00000000080084a0       0x20 c:/st/stm32cubeide_1.7.0/stm32cubeide/plugins/com.st.stm32cube.ide.mcu.externaltools.gnu-tools-for-stm32.9-2020-q2-update.win32_2.0.0.202105311346/tools/bin/../lib/gcc/arm-none-eabi/9.3.1/../../../../arm-none-eabi/lib/thumb/v7e-m+fp/hard\libm.a(lib_a-s_atan.o)
 .rodata.__ieee754_pow.str1.1
                0x00000000080084c0       0x22 c:/st/stm32cubeide_1.7.0/stm32cubeide/plugins/com.st.stm32cube.ide.mcu.externaltools.gnu-tools-for-stm32.9-2020-q2-update.win32_2.0.0.202105311346/tools/bin/../lib/gcc/arm-none-eabi/9.3.1/../../../../arm-none-eabi/lib/thumb/v7e-m+fp/hard\libm.a(lib_a-e_pow.o)
                                          0x1 (size before relaxing)
 .rodata.bp     0x00000000080084c0       0x10 c:/st/stm32cubeide_1.7.0/stm32cubeide/plugins/com.st.stm32cube.ide.mcu.externaltools.gnu-tools-for-stm32.9-2020-q2-update.win32_2.0.0.202105311346/tools/bin/../lib/gcc/arm-none-eabi/9.3.1/../../../../arm-none-eabi/lib/thumb/v7e-m+fp/hard\libm.a(lib_a-e_pow.o)
 .rodata.dp_h   0x00000000080084d0       0x10 c:/st/stm32cubeide_1.7.0/stm32cubeide/plugins/com.st.stm32cube.ide.mcu.externaltools.gnu-tools-for-stm32.9-2020-q2-update.win32_2.0.0.202105311346/tools/bin/../lib/gcc/arm-none-eabi/9.3.1/../../../../arm-none-eabi/lib/thumb/v7e-m+fp/hard\libm.a(lib_a-e_pow.o)
 .rodata.dp_l   0x00000000080084e0       0x10 c:/st/stm32cubeide_1.7.0/stm32cubeide/plugins/com.st.stm32cube.ide.mcu.externaltools.gnu-tools-for-stm32.9-2020-q2-update.win32_2.0.0.202105311346/tools/bin/../lib/gcc/arm-none-eabi/9.3.1/../../../../arm-none-eabi/lib/thumb/v7e-m+fp/hard\libm.a(lib_a-e_pow.o)
 .rodata.TWO52  0x00000000080084f0       0x10 c:/st/stm32cubeide_1.7.0/stm32cubeide/plugins/com.st.stm32cube.ide.mcu.externaltools.gnu-tools-for-stm32.9-2020-q2-update.win32_2.0.0.202105311346/tools/bin/../lib/gcc/arm-none-eabi/9.3.1/../../../../arm-none-eabi/lib/thumb/v7e-m+fp/hard\libm.a(lib_a-s_rint.o)
                0x0000000008008500                . = ALIGN (0x4)

.ARM.extab      0x0000000008008500        0x0
                0x0000000008008500                . = ALIGN (0x4)
 *(.ARM.extab* .gnu.linkonce.armextab.*)
                0x0000000008008500                . = ALIGN (0x4)

.ARM            0x0000000008008500        0x8
                0x0000000008008500                . = ALIGN (0x4)
                0x0000000008008500                __exidx_start = .
 *(.ARM.exidx*)
 .ARM.exidx     0x0000000008008500        0x8 c:/st/stm32cubeide_1.7.0/stm32cubeide/plugins/com.st.stm32cube.ide.mcu.externaltools.gnu-tools-for-stm32.9-2020-q2-update.win32_2.0.0.202105311346/tools/bin/../lib/gcc/arm-none-eabi/9.3.1/thumb/v7e-m+fp/hard\libgcc.a(_udivmoddi4.o)
                0x0000000008008508                __exidx_end = .
                0x0000000008008508                . = ALIGN (0x4)

.rel.dyn        0x0000000008008508        0x0
 .rel.iplt      0x0000000008008508        0x0 c:/st/stm32cubeide_1.7.0/stm32cubeide/plugins/com.st.stm32cube.ide.mcu.externaltools.gnu-tools-for-stm32.9-2020-q2-update.win32_2.0.0.202105311346/tools/bin/../lib/gcc/arm-none-eabi/9.3.1/thumb/v7e-m+fp/hard/crtbegin.o

.preinit_array  0x0000000008008508        0x0
                0x0000000008008508                . = ALIGN (0x4)
                0x0000000008008508                PROVIDE (__preinit_array_start = .)
 *(.preinit_array*)
                0x0000000008008508                PROVIDE (__preinit_array_end = .)
                0x0000000008008508                . = ALIGN (0x4)

.init_array     0x0000000008008508        0x4
                0x0000000008008508                . = ALIGN (0x4)
                0x0000000008008508                PROVIDE (__init_array_start = .)
 *(SORT_BY_NAME(.init_array.*))
 *(.init_array*)
 .init_array    0x0000000008008508        0x4 c:/st/stm32cubeide_1.7.0/stm32cubeide/plugins/com.st.stm32cube.ide.mcu.externaltools.gnu-tools-for-stm32.9-2020-q2-update.win32_2.0.0.202105311346/tools/bin/../lib/gcc/arm-none-eabi/9.3.1/thumb/v7e-m+fp/hard/crtbegin.o
                0x000000000800850c                PROVIDE (__init_array_end = .)
                0x000000000800850c                . = ALIGN (0x4)

.fini_array     0x000000000800850c        0x4
                0x000000000800850c                . = ALIGN (0x4)
                [!provide]                        PROVIDE (__fini_array_start = .)
 *(SORT_BY_NAME(.fini_array.*))
 *(.fini_array*)
 .fini_array    0x000000000800850c        0x4 c:/st/stm32cubeide_1.7.0/stm32cubeide/plugins/com.st.stm32cube.ide.mcu.externaltools.gnu-tools-for-stm32.9-2020-q2-update.win32_2.0.0.202105311346/tools/bin/../lib/gcc/arm-none-eabi/9.3.1/thumb/v7e-m+fp/hard/crtbegin.o
                [!provide]                        PROVIDE (__fini_array_end = .)
                0x0000000008008510                . = ALIGN (0x4)
                0x0000000008008510                _sidata = LOADADDR (.data)

.data           0x0000000020000000      0x1fc load address 0x0000000008008510
                0x0000000020000000                . = ALIGN (0x4)
                0x0000000020000000                _sdata = .
 *(.data)
 *(.data*)
 .data.SystemCoreClock
                0x0000000020000000        0x4 ./Core/Src/system_stm32f4xx.o
                0x0000000020000000                SystemCoreClock
 .data.uwTickFreq
                0x0000000020000004        0x1 ./Drivers/STM32F4xx_HAL_Driver/Src/stm32f4xx_hal.o
                0x0000000020000004                uwTickFreq
 *fill*         0x0000000020000005        0x3 
 .data.uwTickPrio